Error 1:
    In a letting statement: letting p be and([x | x : int(1..4), y : int(1..4), z : int(1..4)])
    Error:
        Type error in and([x | x : int(1..4), y : int(1..4), z : int(1..4)])
                      The argument has type: [int]
Error 2:
    In a letting statement: letting q be and([x | x : int(1..4), x < 2])
    Error:
        Type error in and([x | x : int(1..4), x < 2])
                      The argument has type: [int]
Error 3:
    In a letting statement: letting r be and([x + y | x : int(1..4), y : int(1..4)])
    Error:
        Type error in and([x + y | x : int(1..4), y : int(1..4)])
                      The argument has type: [int]
Error 4:
    In a letting statement: letting s be and([x | x <- [1, 2, 3, 4; int(1..4)]])
    Error:
        Type error in and([x | x <- [1, 2, 3, 4; int(1..4)]])
                      The argument has type: [int]
Error 5:
    In a letting statement: letting t be and([x | x <- powerSet({1, 2, 3, 4})])
    Error:
        Type error in and([x | x <- powerSet({1, 2, 3, 4})])
                      The argument has type: [set of int]