Generating models for generator.essence
Generated models: model000001.eprime
Saved under: conjure-output
Savile Row: model000001.eprime p.param
Running minion for domain filtering.
Running solver: minion
Copying solution to: generator-p.solution
language Essence 1.3

letting f be
        record {a = function(1 --> false, 2 --> false, 3 --> false, 4 --> false, 5 --> false, 6 --> false, 7 --> false),
                b = function(5 --> false, 6 --> false, 7 --> false)}
letting m be 7
