language ESSENCE' 1.0

find var6_ExplicitVarSizeWithMarker_Marker: int(0..2)
find var6_ExplicitVarSizeWithMarker_Values_PartitionAsSet_ExplicitVarSizeWithMarker_Marker:
        matrix indexed by [int(1..2)] of int(0..4)
find var6_ExplicitVarSizeWithMarker_Values_PartitionAsSet_ExplicitVarSizeWithMarker_Values_Explicit:
        matrix indexed by [int(1..2), int(1..4), int(1..0)] of int(2, 5)
such that
    2 <= var6_ExplicitVarSizeWithMarker_Marker ->
    var6_ExplicitVarSizeWithMarker_Values_PartitionAsSet_ExplicitVarSizeWithMarker_Marker[1] <
    var6_ExplicitVarSizeWithMarker_Values_PartitionAsSet_ExplicitVarSizeWithMarker_Marker[2]
    \/
    var6_ExplicitVarSizeWithMarker_Values_PartitionAsSet_ExplicitVarSizeWithMarker_Marker[1] =
    var6_ExplicitVarSizeWithMarker_Values_PartitionAsSet_ExplicitVarSizeWithMarker_Marker[2]
    /\
    flatten(var6_ExplicitVarSizeWithMarker_Values_PartitionAsSet_ExplicitVarSizeWithMarker_Values_Explicit[1, .., ..])
    .<
    flatten(var6_ExplicitVarSizeWithMarker_Values_PartitionAsSet_ExplicitVarSizeWithMarker_Values_Explicit[2, .., ..]),
    and([q2 > var6_ExplicitVarSizeWithMarker_Marker ->
         var6_ExplicitVarSizeWithMarker_Values_PartitionAsSet_ExplicitVarSizeWithMarker_Marker[q2] = 0
             | q2 : int(1..2)]),
    and([q3 <= var6_ExplicitVarSizeWithMarker_Marker -> false | q3 : int(1..2)]),
    and([q3 <= var6_ExplicitVarSizeWithMarker_Marker ->
         and([q13 <= var6_ExplicitVarSizeWithMarker_Values_PartitionAsSet_ExplicitVarSizeWithMarker_Marker[q3] -> false
                  | q13 : int(1..4)])
             | q3 : int(1..2)]),
    and([q3 <= var6_ExplicitVarSizeWithMarker_Marker ->
         and([q7 + 1 <= var6_ExplicitVarSizeWithMarker_Values_PartitionAsSet_ExplicitVarSizeWithMarker_Marker[q3] ->
              var6_ExplicitVarSizeWithMarker_Values_PartitionAsSet_ExplicitVarSizeWithMarker_Values_Explicit[q3, q7, ..]
              .<
              var6_ExplicitVarSizeWithMarker_Values_PartitionAsSet_ExplicitVarSizeWithMarker_Values_Explicit
                  [q3, q7 + 1, ..]
                  | q7 : int(1..3)])
             | q3 : int(1..2)]),
    and([q3 <= var6_ExplicitVarSizeWithMarker_Marker ->
         3 <= var6_ExplicitVarSizeWithMarker_Values_PartitionAsSet_ExplicitVarSizeWithMarker_Marker[q3]
             | q3 : int(1..2)]),
    and([q3 <= var6_ExplicitVarSizeWithMarker_Marker ->
         var6_ExplicitVarSizeWithMarker_Values_PartitionAsSet_ExplicitVarSizeWithMarker_Marker[q3] <= 4
             | q3 : int(1..2)])
