Error:
    Invalid.
        Statement evaluates to: false
        Original statement was: allDiff(m[.., 1])
        Relevant values:
            letting m be [[1, 1, 1, 1, 1; int(1..5)], [2, 2, 2, 2, 2; int(1..5)], [3, 3, 3, 3, 3; int(1..5)],
                          [4, 4, 4, 4, 4; int(1..5)], [5, 5, 5, 5, 5; int(1..5)];
                              int(1..5)]
