Generating models for slice.essence
Generated models: model000001.eprime
Saved under: conjure-output
Savile Row: model000001.eprime
Validating solution: conjure-output/model000001-solution000001.solution
Copying solution to: slice.solution
File: conjure-output/model000001.eprime
language ESSENCE' 1.0

find m: matrix indexed by [int(1..5), int(1..5)] of int(1..9)
branching on [m]
such that
    allDiff(m[.., 1]),
    allDiff(m[.., 2]),
    allDiff(m[.., 3]),
    allDiff(m[.., 4]),
    allDiff(m[.., 5])

--------------------

File: conjure-output/model000001-solution000001.solution
language Essence 1.3

letting m be
        [[1, 1, 1, 1, 1; int(1..5)], [2, 2, 2, 2, 2; int(1..5)],
         [3, 3, 3, 3, 3; int(1..5)], [4, 4, 4, 4, 4; int(1..5)],
         [5, 5, 5, 5, 5; int(1..5)];
             int(1..5)]

--------------------

