Generating models for allDiffDecomp.essence
Generated models: model000001.eprime
Saved under: conjure-output
Savile Row: conjure-output/model000001.eprime
Running minion for domain filtering.
Running solver: minion
conjure-output/model000001-solution000001.solution:letting y be sequence()
conjure-output/model000001-solution000002.solution:letting y be sequence((1, 6))
conjure-output/model000001-solution000003.solution:letting y be sequence((1, 7))
conjure-output/model000001-solution000004.solution:letting y be sequence((1, 8))
conjure-output/model000001-solution000005.solution:letting y be sequence((1, 9))
conjure-output/model000001-solution000006.solution:letting y be sequence((2, 6))
conjure-output/model000001-solution000007.solution:letting y be sequence((2, 7))
conjure-output/model000001-solution000008.solution:letting y be sequence((2, 8))
conjure-output/model000001-solution000009.solution:letting y be sequence((2, 9))
conjure-output/model000001-solution000010.solution:letting y be sequence((3, 6))
conjure-output/model000001-solution000011.solution:letting y be sequence((3, 7))
conjure-output/model000001-solution000012.solution:letting y be sequence((3, 8))
conjure-output/model000001-solution000013.solution:letting y be sequence((3, 9))
conjure-output/model000001-solution000014.solution:letting y be sequence((4, 6))
conjure-output/model000001-solution000015.solution:letting y be sequence((4, 7))
conjure-output/model000001-solution000016.solution:letting y be sequence((4, 8))
conjure-output/model000001-solution000017.solution:letting y be sequence((4, 9))
conjure-output/model000001-solution000018.solution:letting y be sequence((5, 6))
conjure-output/model000001-solution000019.solution:letting y be sequence((5, 7))
conjure-output/model000001-solution000020.solution:letting y be sequence((5, 8))
conjure-output/model000001-solution000021.solution:letting y be sequence((5, 9))
conjure-output/model000001-solution000022.solution:letting y be sequence((1, 6), (1, 6))
conjure-output/model000001-solution000023.solution:letting y be sequence((1, 6), (1, 7))
conjure-output/model000001-solution000024.solution:letting y be sequence((1, 6), (1, 8))
conjure-output/model000001-solution000025.solution:letting y be sequence((1, 6), (1, 9))
conjure-output/model000001-solution000026.solution:letting y be sequence((1, 7), (1, 6))
conjure-output/model000001-solution000027.solution:letting y be sequence((1, 7), (1, 7))
conjure-output/model000001-solution000028.solution:letting y be sequence((1, 7), (1, 8))
conjure-output/model000001-solution000029.solution:letting y be sequence((1, 7), (1, 9))
conjure-output/model000001-solution000030.solution:letting y be sequence((1, 8), (1, 6))
conjure-output/model000001-solution000031.solution:letting y be sequence((1, 8), (1, 7))
conjure-output/model000001-solution000032.solution:letting y be sequence((1, 8), (1, 8))
conjure-output/model000001-solution000033.solution:letting y be sequence((1, 8), (1, 9))
conjure-output/model000001-solution000034.solution:letting y be sequence((1, 9), (1, 6))
conjure-output/model000001-solution000035.solution:letting y be sequence((1, 9), (1, 7))
conjure-output/model000001-solution000036.solution:letting y be sequence((1, 9), (1, 8))
conjure-output/model000001-solution000037.solution:letting y be sequence((1, 9), (1, 9))
conjure-output/model000001-solution000038.solution:letting y be sequence((1, 6), (2, 6))
conjure-output/model000001-solution000039.solution:letting y be sequence((1, 6), (2, 7))
conjure-output/model000001-solution000040.solution:letting y be sequence((1, 6), (2, 8))
conjure-output/model000001-solution000041.solution:letting y be sequence((1, 6), (2, 9))
conjure-output/model000001-solution000042.solution:letting y be sequence((1, 7), (2, 6))
conjure-output/model000001-solution000043.solution:letting y be sequence((1, 7), (2, 7))
conjure-output/model000001-solution000044.solution:letting y be sequence((1, 7), (2, 8))
conjure-output/model000001-solution000045.solution:letting y be sequence((1, 7), (2, 9))
conjure-output/model000001-solution000046.solution:letting y be sequence((1, 8), (2, 6))
conjure-output/model000001-solution000047.solution:letting y be sequence((1, 8), (2, 7))
conjure-output/model000001-solution000048.solution:letting y be sequence((1, 8), (2, 8))
conjure-output/model000001-solution000049.solution:letting y be sequence((1, 8), (2, 9))
conjure-output/model000001-solution000050.solution:letting y be sequence((1, 9), (2, 6))
