Generating models for streamline01.essence
Generated 4 models: model000001.eprime, model000002.eprime, model000003.eprime, model000004.eprime
Saved under: conjure-output
Savile Row: conjure-output/model000001.eprime
Running minion for domain filtering.
Running solver: minion
Savile Row: conjure-output/model000002.eprime
Running minion for domain filtering.
Running solver: minion
Savile Row: conjure-output/model000003.eprime
Running minion for domain filtering.
Running solver: minion
Savile Row: conjure-output/model000004.eprime
Running minion for domain filtering.
Running solver: minion
model000001-solution000001.eprime-solution
model000001-solution000001.solution
model000001-solution000002.eprime-solution
model000001-solution000002.solution
model000001-solution000003.eprime-solution
model000001-solution000003.solution
model000001-solution000004.eprime-solution
model000001-solution000004.solution
model000001-solution000005.eprime-solution
model000001-solution000005.solution
model000001-solution000006.eprime-solution
model000001-solution000006.solution
model000001-solution000007.eprime-solution
model000001-solution000007.solution
model000001-solution000008.eprime-solution
model000001-solution000008.solution
model000001-solution000009.eprime-solution
model000001-solution000009.solution
model000001-solution000010.eprime-solution
model000001-solution000010.solution
model000001-solution000011.eprime-solution
model000001-solution000011.solution
model000001-solution000012.eprime-solution
model000001-solution000012.solution
model000001.eprime
model000001.eprime-info
model000001.eprime-infor
model000001.eprime-minion
model000001.stats.json
model000002-solution000001.eprime-solution
model000002-solution000001.solution
model000002-solution000002.eprime-solution
model000002-solution000002.solution
model000002-solution000003.eprime-solution
model000002-solution000003.solution
model000002-solution000004.eprime-solution
model000002-solution000004.solution
model000002-solution000005.eprime-solution
model000002-solution000005.solution
model000002-solution000006.eprime-solution
model000002-solution000006.solution
model000002-solution000007.eprime-solution
model000002-solution000007.solution
model000002-solution000008.eprime-solution
model000002-solution000008.solution
model000002-solution000009.eprime-solution
model000002-solution000009.solution
model000002-solution000010.eprime-solution
model000002-solution000010.solution
model000002-solution000011.eprime-solution
model000002-solution000011.solution
model000002-solution000012.eprime-solution
model000002-solution000012.solution
model000002.eprime
model000002.eprime-info
model000002.eprime-infor
model000002.eprime-minion
model000002.stats.json
model000003-solution000001.eprime-solution
model000003-solution000001.solution
model000003-solution000002.eprime-solution
model000003-solution000002.solution
model000003-solution000003.eprime-solution
model000003-solution000003.solution
model000003-solution000004.eprime-solution
model000003-solution000004.solution
model000003-solution000005.eprime-solution
model000003-solution000005.solution
model000003-solution000006.eprime-solution
model000003-solution000006.solution
model000003-solution000007.eprime-solution
model000003-solution000007.solution
model000003-solution000008.eprime-solution
model000003-solution000008.solution
model000003-solution000009.eprime-solution
model000003-solution000009.solution
model000003-solution000010.eprime-solution
model000003-solution000010.solution
model000003-solution000011.eprime-solution
model000003-solution000011.solution
model000003-solution000012.eprime-solution
model000003-solution000012.solution
model000003.eprime
model000003.eprime-info
model000003.eprime-infor
model000003.eprime-minion
model000003.stats.json
model000004-solution000001.eprime-solution
model000004-solution000001.solution
model000004-solution000002.eprime-solution
model000004-solution000002.solution
model000004-solution000003.eprime-solution
model000004-solution000003.solution
model000004-solution000004.eprime-solution
model000004-solution000004.solution
model000004-solution000005.eprime-solution
model000004-solution000005.solution
model000004-solution000006.eprime-solution
model000004-solution000006.solution
model000004-solution000007.eprime-solution
model000004-solution000007.solution
model000004-solution000008.eprime-solution
model000004-solution000008.solution
model000004-solution000009.eprime-solution
model000004-solution000009.solution
model000004-solution000010.eprime-solution
model000004-solution000010.solution
model000004-solution000011.eprime-solution
model000004-solution000011.solution
model000004-solution000012.eprime-solution
model000004-solution000012.solution
model000004.eprime
model000004.eprime-info
model000004.eprime-infor
model000004.eprime-minion
model000004.stats.json
conjure-output/model000001-solution000001.solution:letting f be function(2 --> 1)
conjure-output/model000001-solution000001.solution:letting s be {2}
conjure-output/model000001-solution000002.solution:letting f be function(2 --> 2)
conjure-output/model000001-solution000002.solution:letting s be {2}
conjure-output/model000001-solution000003.solution:letting f be function(1 --> 1)
conjure-output/model000001-solution000003.solution:letting s be {1}
conjure-output/model000001-solution000004.solution:letting f be function(1 --> 2)
conjure-output/model000001-solution000004.solution:letting s be {1}
conjure-output/model000001-solution000005.solution:letting f be function(1 --> 1, 2 --> 1)
conjure-output/model000001-solution000005.solution:letting s be {1}
conjure-output/model000001-solution000006.solution:letting f be function(1 --> 1, 2 --> 1)
conjure-output/model000001-solution000006.solution:letting s be {2}
conjure-output/model000001-solution000007.solution:letting f be function(1 --> 1, 2 --> 2)
conjure-output/model000001-solution000007.solution:letting s be {1}
conjure-output/model000001-solution000008.solution:letting f be function(1 --> 1, 2 --> 2)
conjure-output/model000001-solution000008.solution:letting s be {2}
conjure-output/model000001-solution000009.solution:letting f be function(1 --> 2, 2 --> 1)
conjure-output/model000001-solution000009.solution:letting s be {1}
conjure-output/model000001-solution000010.solution:letting f be function(1 --> 2, 2 --> 1)
conjure-output/model000001-solution000010.solution:letting s be {2}
conjure-output/model000001-solution000011.solution:letting f be function(1 --> 2, 2 --> 2)
conjure-output/model000001-solution000011.solution:letting s be {1}
conjure-output/model000001-solution000012.solution:letting f be function(1 --> 2, 2 --> 2)
conjure-output/model000001-solution000012.solution:letting s be {2}
conjure-output/model000002-solution000001.solution:letting f be function(2 --> 1)
conjure-output/model000002-solution000001.solution:letting s be {2}
conjure-output/model000002-solution000002.solution:letting f be function(2 --> 2)
conjure-output/model000002-solution000002.solution:letting s be {2}
conjure-output/model000002-solution000003.solution:letting f be function(1 --> 1)
conjure-output/model000002-solution000003.solution:letting s be {1}
conjure-output/model000002-solution000004.solution:letting f be function(1 --> 1, 2 --> 1)
conjure-output/model000002-solution000004.solution:letting s be {1}
conjure-output/model000002-solution000005.solution:letting f be function(1 --> 1, 2 --> 1)
conjure-output/model000002-solution000005.solution:letting s be {2}
conjure-output/model000002-solution000006.solution:letting f be function(1 --> 1, 2 --> 2)
conjure-output/model000002-solution000006.solution:letting s be {1}
conjure-output/model000002-solution000007.solution:letting f be function(1 --> 1, 2 --> 2)
conjure-output/model000002-solution000007.solution:letting s be {2}
conjure-output/model000002-solution000008.solution:letting f be function(1 --> 2)
conjure-output/model000002-solution000008.solution:letting s be {1}
conjure-output/model000002-solution000009.solution:letting f be function(1 --> 2, 2 --> 1)
conjure-output/model000002-solution000009.solution:letting s be {1}
conjure-output/model000002-solution000010.solution:letting f be function(1 --> 2, 2 --> 1)
conjure-output/model000002-solution000010.solution:letting s be {2}
conjure-output/model000002-solution000011.solution:letting f be function(1 --> 2, 2 --> 2)
conjure-output/model000002-solution000011.solution:letting s be {1}
conjure-output/model000002-solution000012.solution:letting f be function(1 --> 2, 2 --> 2)
conjure-output/model000002-solution000012.solution:letting s be {2}
conjure-output/model000003-solution000001.solution:letting f be function(2 --> 1)
conjure-output/model000003-solution000001.solution:letting s be {2}
conjure-output/model000003-solution000002.solution:letting f be function(2 --> 2)
conjure-output/model000003-solution000002.solution:letting s be {2}
conjure-output/model000003-solution000003.solution:letting f be function(1 --> 1)
conjure-output/model000003-solution000003.solution:letting s be {1}
conjure-output/model000003-solution000004.solution:letting f be function(1 --> 2)
conjure-output/model000003-solution000004.solution:letting s be {1}
conjure-output/model000003-solution000005.solution:letting f be function(1 --> 1, 2 --> 1)
conjure-output/model000003-solution000005.solution:letting s be {2}
conjure-output/model000003-solution000006.solution:letting f be function(1 --> 1, 2 --> 1)
conjure-output/model000003-solution000006.solution:letting s be {1}
conjure-output/model000003-solution000007.solution:letting f be function(1 --> 1, 2 --> 2)
conjure-output/model000003-solution000007.solution:letting s be {2}
conjure-output/model000003-solution000008.solution:letting f be function(1 --> 1, 2 --> 2)
conjure-output/model000003-solution000008.solution:letting s be {1}
conjure-output/model000003-solution000009.solution:letting f be function(1 --> 2, 2 --> 1)
conjure-output/model000003-solution000009.solution:letting s be {2}
conjure-output/model000003-solution000010.solution:letting f be function(1 --> 2, 2 --> 1)
conjure-output/model000003-solution000010.solution:letting s be {1}
conjure-output/model000003-solution000011.solution:letting f be function(1 --> 2, 2 --> 2)
conjure-output/model000003-solution000011.solution:letting s be {2}
conjure-output/model000003-solution000012.solution:letting f be function(1 --> 2, 2 --> 2)
conjure-output/model000003-solution000012.solution:letting s be {1}
conjure-output/model000004-solution000001.solution:letting f be function(2 --> 1)
conjure-output/model000004-solution000001.solution:letting s be {2}
conjure-output/model000004-solution000002.solution:letting f be function(2 --> 2)
conjure-output/model000004-solution000002.solution:letting s be {2}
conjure-output/model000004-solution000003.solution:letting f be function(1 --> 1)
conjure-output/model000004-solution000003.solution:letting s be {1}
conjure-output/model000004-solution000004.solution:letting f be function(1 --> 1, 2 --> 1)
conjure-output/model000004-solution000004.solution:letting s be {2}
conjure-output/model000004-solution000005.solution:letting f be function(1 --> 1, 2 --> 1)
conjure-output/model000004-solution000005.solution:letting s be {1}
conjure-output/model000004-solution000006.solution:letting f be function(1 --> 1, 2 --> 2)
conjure-output/model000004-solution000006.solution:letting s be {2}
conjure-output/model000004-solution000007.solution:letting f be function(1 --> 1, 2 --> 2)
conjure-output/model000004-solution000007.solution:letting s be {1}
conjure-output/model000004-solution000008.solution:letting f be function(1 --> 2)
conjure-output/model000004-solution000008.solution:letting s be {1}
conjure-output/model000004-solution000009.solution:letting f be function(1 --> 2, 2 --> 1)
conjure-output/model000004-solution000009.solution:letting s be {2}
conjure-output/model000004-solution000010.solution:letting f be function(1 --> 2, 2 --> 1)
conjure-output/model000004-solution000010.solution:letting s be {1}
conjure-output/model000004-solution000011.solution:letting f be function(1 --> 2, 2 --> 2)
conjure-output/model000004-solution000011.solution:letting s be {2}
conjure-output/model000004-solution000012.solution:letting f be function(1 --> 2, 2 --> 2)
conjure-output/model000004-solution000012.solution:letting s be {1}
