Generating models for variant.essence
Generated models: model000001.eprime
Saved under: conjure-output
Savile Row: model000001.eprime param.json
Running minion for domain filtering.
Running solver: minion
Copying solution to: variant-param.solution
language Essence 1.3

letting w be variant {a = 2}
