language ESSENCE' 1.0

find A: matrix indexed by [int(1..10)] of int(1..10)
find B: matrix indexed by [int(1..10)] of int(1..10)
branching on [A, B]
such that A <lex B

$ Conjure's
$ {"finds": [{"Name": "A"}, {"Name": "B"}],
$  "givens": [],
$  "enumGivens": [],
$  "enumLettings": [],
$  "lettings": [],
$  "unnameds": [],
$  "strategyQ": {"PickFirst": []},
$  "strategyA": {"Auto": {"Interactive": []}},
$  "trailCompact": [[1, 1, 1], [1, 1, 1], [1, 1, 1], [1, 1, 1], [1, 1, 1], [1, 1, 1]],
$  "trailVerbose": [],
$  "trailRewrites": [],
$  "nameGenState": [["q", 3]],
$  "nbExtraGivens": 0,
$  "representations":
$      [[{"Name": "A"},
$        {"DomainMatrix":
$             [{"DomainInt":
$                   [{"TagInt": []},
$                    [{"RangeBounded":
$                          [{"Constant": {"ConstantInt": [{"TagInt": []}, 1]}},
$                           {"Constant": {"ConstantInt": [{"TagInt": []}, 10]}}]}]]},
$              {"DomainInt":
$                   [{"TagInt": []},
$                    [{"RangeBounded":
$                          [{"Constant": {"ConstantInt": [{"TagInt": []}, 1]}},
$                           {"Constant": {"ConstantInt": [{"TagInt": []}, 10]}}]}]]}]}],
$       [{"Name": "B"},
$        {"DomainMatrix":
$             [{"DomainInt":
$                   [{"TagInt": []},
$                    [{"RangeBounded":
$                          [{"Constant": {"ConstantInt": [{"TagInt": []}, 1]}},
$                           {"Constant": {"ConstantInt": [{"TagInt": []}, 10]}}]}]]},
$              {"DomainInt":
$                   [{"TagInt": []},
$                    [{"RangeBounded":
$                          [{"Constant": {"ConstantInt": [{"TagInt": []}, 1]}},
$                           {"Constant": {"ConstantInt": [{"TagInt": []}, 10]}}]}]]}]}]],
$  "representationsTree":
$      [[{"Name": "A"},
$        [{"rootLabel": null,
$          "subForest":
$              [{"rootLabel": null,
$                "subForest": []}]}]],
$       [{"Name": "B"},
$        [{"rootLabel": null,
$          "subForest":
$              [{"rootLabel": null,
$                "subForest": []}]}]]],
$  "originalDomains":
$      [[{"Name": "A"},
$        {"DomainMatrix":
$             [{"DomainInt":
$                   [{"TagInt": []},
$                    [{"RangeBounded":
$                          [{"Constant": {"ConstantInt": [{"TagInt": []}, 1]}},
$                           {"Constant": {"ConstantInt": [{"TagInt": []}, 10]}}]}]]},
$              {"DomainInt":
$                   [{"TagInt": []},
$                    [{"RangeBounded":
$                          [{"Constant": {"ConstantInt": [{"TagInt": []}, 1]}},
$                           {"Constant": {"ConstantInt": [{"TagInt": []}, 10]}}]}]]}]}],
$       [{"Name": "B"},
$        {"DomainMatrix":
$             [{"DomainInt":
$                   [{"TagInt": []},
$                    [{"RangeBounded":
$                          [{"Constant": {"ConstantInt": [{"TagInt": []}, 1]}},
$                           {"Constant": {"ConstantInt": [{"TagInt": []}, 10]}}]}]]},
$              {"DomainInt":
$                   [{"TagInt": []},
$                    [{"RangeBounded":
$                          [{"Constant": {"ConstantInt": [{"TagInt": []}, 1]}},
$                           {"Constant": {"ConstantInt": [{"TagInt": []}, 10]}}]}]]}]}]]}
