Error:
    Undefined reference: a
    Bindings in context:
        _doublePostFixFactorial: Alias (factorial(factorial(2)))
        _postFixFactorial: Alias (factorial(4))
        _aac: Alias (minSize({1, 2, 3, 4}, 2))
        _paren: Alias (1)
        _doubleUnaryNegate: Alias (--1)
        _unaryNegage: Alias (-1)
        _doubleUnaryNot: Alias (!!true)
        _unaryNot: Alias (!true)
        _binary: Alias (1 + 2)