language ESSENCE' 1.0

letting given1_RelationAsMatrix be [false, false; int(3, 5)]
letting given2_ExplicitWithRepetition_Flag be 5
letting given2_ExplicitWithRepetition_Values be
        [2, 3, 3, 3, 5, 2, 2, 2, 2, 2, 2, 2, 2, 2, 2, 2, 2, 2, 2, 2, 2, 2, 2, 2, 2, 2, 2, 2, 2, 2, 2, 2, 2, 2, 2, 2, 2,
         2, 2, 2, 2, 2, 2, 2, 2, 2, 2, 2, 2, 2, 2, 2, 2, 2, 2, 2, 2, 2, 2, 2, 2, 2, 2, 2;
             int(1..64)]
letting given3_PartitionAsSet_ExplicitR5_ExplicitVarSizeWithMarker_Marker be [2; int(1)]
letting given3_PartitionAsSet_ExplicitR5_ExplicitVarSizeWithMarker_Values be
        [[false, true, false, false; int(1..4)]; int(1)]
letting fin1 be 0
