language ESSENCE' 1.0

given given1_PartitionOccurrence_NumParts: int(1..4)
given given1_PartitionOccurrence_WhichPart: matrix indexed by [int(1..2, 0..1)] of int(1..4)
given given1_PartitionOccurrence_PartSizes: matrix indexed by [int(1..4)] of int(0..4)
given given1_PartitionOccurrence_FirstIndex: matrix indexed by [int(1..4)] of int(1..2, 0..1)
find var1_1: int(2, 3)
find var1_2: int(3..4, 1..5)
find var1_3: bool
find var1_4: bool
such that false
