Error:
    Category checking failed.
    The domain   : set (minSize var1) of mset (minSize 2, maxSize 3, minOccur var1 ** var1) of bool
    Its category : decision
    
    The domain   : mset (minSize 2, maxSize 3, minOccur var1 ** var1) of bool
    Its category : decision
    
    The domain   : set of mset (minSize 1, maxSize 2, maxOccur var1 % var1) of bool
    Its category : decision
    
    The domain   : mset (minSize 1, maxSize 2, maxOccur var1 % var1) of bool
    Its category : decision
    