{"model":
     {"children":
          [{"children": {"domain": {"DomainBool": []}, "forg": "Find", "name": {"Name": "a"}, "type": "FindOrGiven"},
            "type": "Declaration"},
           {"children":
                [{"children":
                      [{"Reference": {"Name": "a"}},
                       {"children":
                            [{"ConstantAbstract":
                                  {"AbsLitFunction":
                                       [[{"ConstantInt": [{"TagInt": []}, 0]}, {"ConstantInt": [{"TagInt": []}, 1]}]]}},
                             {"ConstantAbstract":
                                  {"AbsLitFunction":
                                       [[{"ConstantInt": [{"TagInt": []}, 1]},
                                         {"ConstantInt": [{"TagInt": []}, 0]}]]}}],
                        "type": "OpInverse"}],
                  "symmetricChildren": true, "type": "OpEq"}],
            "symmetricChildren": true, "type": "SuchThat"}],
      "symmetricChildren": true, "type": "Model"},
 "nodes_to_swap": ["a"]}
