language ESSENCE' 1.0

given given1_PartitionAsSet_ExplicitVarSizeWithMarkerR2_Marker: int(0..4)
given given1_PartitionAsSet_ExplicitVarSizeWithMarkerR2_Values_Occurrence:
        matrix indexed by [int(1..4), int(4, 0)] of bool
find var1: bool
given given2: int(2, 5)
find var2: bool
given fin1: int
given given3_Explicit_1: matrix indexed by [int(1..fin1)] of int(5, 3)
find var3_1_ExplicitVarSizeWithMarker_Marker: int(0..3)
find var3_1_ExplicitVarSizeWithMarker_Values: matrix indexed by [int(1..3)] of int(4..5, 2)
find var3_2_RelationAsMatrix: matrix indexed by [int(0..2, 4)] of bool
find var4_ExplicitVarSizeWithMarkerR17R5R5_Marker: int(0..16)
find var4_ExplicitVarSizeWithMarkerR17R5R5_Values_PartitionAsSet_ExplicitVarSizeWithMarkerR5_Marker:
        matrix indexed by [int(1..16)] of int(0..3)
find var4_ExplicitVarSizeWithMarkerR17R5R5_Values_PartitionAsSet_ExplicitVarSizeWithMarkerR5_Values_ExplicitVarSizeWithMarker_Marker:
        matrix indexed by [int(1..16), int(1..3)] of int(0..2)
find var4_ExplicitVarSizeWithMarkerR17R5R5_Values_PartitionAsSet_ExplicitVarSizeWithMarkerR5_Values_ExplicitVarSizeWithMarker_Values:
        matrix indexed by [int(1..16), int(1..3), int(1..2)] of bool
find var5: int(5, 5)
minimising given2
such that
    false,
    var2,
    and([q1 + 1 <= var3_1_ExplicitVarSizeWithMarker_Marker ->
         var3_1_ExplicitVarSizeWithMarker_Values[q1] < var3_1_ExplicitVarSizeWithMarker_Values[q1 + 1]
             | q1 : int(1..2)]),
    and([q2 > var3_1_ExplicitVarSizeWithMarker_Marker -> var3_1_ExplicitVarSizeWithMarker_Values[q2] = 4
             | q2 : int(1..3)]),
    3 <= sum([toInt(var3_2_RelationAsMatrix[q4]) | q4 : int(0..2, 4)]),
    and([q5 + 1 <= var4_ExplicitVarSizeWithMarkerR17R5R5_Marker ->
         var4_ExplicitVarSizeWithMarkerR17R5R5_Values_PartitionAsSet_ExplicitVarSizeWithMarkerR5_Marker[q5] <
         var4_ExplicitVarSizeWithMarkerR17R5R5_Values_PartitionAsSet_ExplicitVarSizeWithMarkerR5_Marker[q5 + 1]
         \/
         var4_ExplicitVarSizeWithMarkerR17R5R5_Values_PartitionAsSet_ExplicitVarSizeWithMarkerR5_Marker[q5] =
         var4_ExplicitVarSizeWithMarkerR17R5R5_Values_PartitionAsSet_ExplicitVarSizeWithMarkerR5_Marker[q5 + 1]
         /\
         (var4_ExplicitVarSizeWithMarkerR17R5R5_Values_PartitionAsSet_ExplicitVarSizeWithMarkerR5_Values_ExplicitVarSizeWithMarker_Marker
              [q5, ..]
          .<
          var4_ExplicitVarSizeWithMarkerR17R5R5_Values_PartitionAsSet_ExplicitVarSizeWithMarkerR5_Values_ExplicitVarSizeWithMarker_Marker
              [q5 + 1, ..]
          \/
          and([var4_ExplicitVarSizeWithMarkerR17R5R5_Values_PartitionAsSet_ExplicitVarSizeWithMarkerR5_Values_ExplicitVarSizeWithMarker_Marker
                   [q5, q19]
               =
               var4_ExplicitVarSizeWithMarkerR17R5R5_Values_PartitionAsSet_ExplicitVarSizeWithMarkerR5_Values_ExplicitVarSizeWithMarker_Marker
                   [q5 + 1, q19]
                   | q19 : int(1..3)])
          /\
          flatten(var4_ExplicitVarSizeWithMarkerR17R5R5_Values_PartitionAsSet_ExplicitVarSizeWithMarkerR5_Values_ExplicitVarSizeWithMarker_Values
                      [q5, .., ..])
          .<
          flatten(var4_ExplicitVarSizeWithMarkerR17R5R5_Values_PartitionAsSet_ExplicitVarSizeWithMarkerR5_Values_ExplicitVarSizeWithMarker_Values
                      [q5 + 1, .., ..]))
             | q5 : int(1..15)]),
    and([q6 > var4_ExplicitVarSizeWithMarkerR17R5R5_Marker ->
         var4_ExplicitVarSizeWithMarkerR17R5R5_Values_PartitionAsSet_ExplicitVarSizeWithMarkerR5_Marker[q6] = 0 /\
         and([var4_ExplicitVarSizeWithMarkerR17R5R5_Values_PartitionAsSet_ExplicitVarSizeWithMarkerR5_Values_ExplicitVarSizeWithMarker_Marker
                  [q6, q21]
              = 0
              /\
              and([var4_ExplicitVarSizeWithMarkerR17R5R5_Values_PartitionAsSet_ExplicitVarSizeWithMarkerR5_Values_ExplicitVarSizeWithMarker_Values
                       [q6, q21, q22]
                   = false
                       | q22 : int(1..2)])
                  | q21 : int(1..3)])
             | q6 : int(1..16)]),
    4 <= var4_ExplicitVarSizeWithMarkerR17R5R5_Marker,
    and([q7 <= var4_ExplicitVarSizeWithMarkerR17R5R5_Marker ->
         and([1 =
              sum([toInt(q23 <=
                         var4_ExplicitVarSizeWithMarkerR17R5R5_Values_PartitionAsSet_ExplicitVarSizeWithMarkerR5_Marker
                             [q7]
                         /\
                         or([q25 <=
                             var4_ExplicitVarSizeWithMarkerR17R5R5_Values_PartitionAsSet_ExplicitVarSizeWithMarkerR5_Values_ExplicitVarSizeWithMarker_Marker
                                 [q7, q23]
                             /\
                             var4_ExplicitVarSizeWithMarkerR17R5R5_Values_PartitionAsSet_ExplicitVarSizeWithMarkerR5_Values_ExplicitVarSizeWithMarker_Values
                                 [q7, q23, q25]
                             = q8
                                 | q25 : int(1..2)]))
                       | q23 : int(1..3)])
                  | q8 : bool])
             | q7 : int(1..16)]),
    and([q7 <= var4_ExplicitVarSizeWithMarkerR17R5R5_Marker ->
         and([q26 <= var4_ExplicitVarSizeWithMarkerR17R5R5_Values_PartitionAsSet_ExplicitVarSizeWithMarkerR5_Marker[q7]
              /\
              q27 <= var4_ExplicitVarSizeWithMarkerR17R5R5_Values_PartitionAsSet_ExplicitVarSizeWithMarkerR5_Marker[q7]
              ->
              var4_ExplicitVarSizeWithMarkerR17R5R5_Values_PartitionAsSet_ExplicitVarSizeWithMarkerR5_Values_ExplicitVarSizeWithMarker_Marker
                  [q7, q26]
              =
              var4_ExplicitVarSizeWithMarkerR17R5R5_Values_PartitionAsSet_ExplicitVarSizeWithMarkerR5_Values_ExplicitVarSizeWithMarker_Marker
                  [q7, q27]
                  | q26 : int(1..3), q27 : int(1..3)])
             | q7 : int(1..16)]),
    and([q7 <= var4_ExplicitVarSizeWithMarkerR17R5R5_Marker ->
         and([q28 <= var4_ExplicitVarSizeWithMarkerR17R5R5_Values_PartitionAsSet_ExplicitVarSizeWithMarkerR5_Marker[q7]
              ->
              var4_ExplicitVarSizeWithMarkerR17R5R5_Values_PartitionAsSet_ExplicitVarSizeWithMarkerR5_Values_ExplicitVarSizeWithMarker_Marker
                  [q7, q28]
              >= 1
                  | q28 : int(1..3)])
             | q7 : int(1..16)]),
    and([q7 <= var4_ExplicitVarSizeWithMarkerR17R5R5_Marker ->
         and([q13 + 1 <=
              var4_ExplicitVarSizeWithMarkerR17R5R5_Values_PartitionAsSet_ExplicitVarSizeWithMarkerR5_Marker[q7]
              ->
              var4_ExplicitVarSizeWithMarkerR17R5R5_Values_PartitionAsSet_ExplicitVarSizeWithMarkerR5_Values_ExplicitVarSizeWithMarker_Marker
                  [q7, q13]
              <
              var4_ExplicitVarSizeWithMarkerR17R5R5_Values_PartitionAsSet_ExplicitVarSizeWithMarkerR5_Values_ExplicitVarSizeWithMarker_Marker
                  [q7, q13 + 1]
              \/
              var4_ExplicitVarSizeWithMarkerR17R5R5_Values_PartitionAsSet_ExplicitVarSizeWithMarkerR5_Values_ExplicitVarSizeWithMarker_Marker
                  [q7, q13]
              =
              var4_ExplicitVarSizeWithMarkerR17R5R5_Values_PartitionAsSet_ExplicitVarSizeWithMarkerR5_Values_ExplicitVarSizeWithMarker_Marker
                  [q7, q13 + 1]
              /\
              var4_ExplicitVarSizeWithMarkerR17R5R5_Values_PartitionAsSet_ExplicitVarSizeWithMarkerR5_Values_ExplicitVarSizeWithMarker_Values
                  [q7, q13, ..]
              .<
              var4_ExplicitVarSizeWithMarkerR17R5R5_Values_PartitionAsSet_ExplicitVarSizeWithMarkerR5_Values_ExplicitVarSizeWithMarker_Values
                  [q7, q13 + 1, ..]
                  | q13 : int(1..2)])
             | q7 : int(1..16)]),
    and([q7 <= var4_ExplicitVarSizeWithMarkerR17R5R5_Marker ->
         and([q14 > var4_ExplicitVarSizeWithMarkerR17R5R5_Values_PartitionAsSet_ExplicitVarSizeWithMarkerR5_Marker[q7]
              ->
              var4_ExplicitVarSizeWithMarkerR17R5R5_Values_PartitionAsSet_ExplicitVarSizeWithMarkerR5_Values_ExplicitVarSizeWithMarker_Marker
                  [q7, q14]
              = 0
              /\
              and([var4_ExplicitVarSizeWithMarkerR17R5R5_Values_PartitionAsSet_ExplicitVarSizeWithMarkerR5_Values_ExplicitVarSizeWithMarker_Values
                       [q7, q14, q29]
                   = false
                       | q29 : int(1..2)])
                  | q14 : int(1..3)])
             | q7 : int(1..16)]),
    and([q7 <= var4_ExplicitVarSizeWithMarkerR17R5R5_Marker ->
         3 <= var4_ExplicitVarSizeWithMarkerR17R5R5_Values_PartitionAsSet_ExplicitVarSizeWithMarkerR5_Marker[q7]
             | q7 : int(1..16)]),
    and([q7 <= var4_ExplicitVarSizeWithMarkerR17R5R5_Marker ->
         var4_ExplicitVarSizeWithMarkerR17R5R5_Values_PartitionAsSet_ExplicitVarSizeWithMarkerR5_Marker[q7] <= 3
             | q7 : int(1..16)]),
    and([q7 <= var4_ExplicitVarSizeWithMarkerR17R5R5_Marker ->
         and([q15 <= var4_ExplicitVarSizeWithMarkerR17R5R5_Values_PartitionAsSet_ExplicitVarSizeWithMarkerR5_Marker[q7]
              ->
              (2 <=
               var4_ExplicitVarSizeWithMarkerR17R5R5_Values_PartitionAsSet_ExplicitVarSizeWithMarkerR5_Values_ExplicitVarSizeWithMarker_Marker
                   [q7, q15]
               ->
               var4_ExplicitVarSizeWithMarkerR17R5R5_Values_PartitionAsSet_ExplicitVarSizeWithMarkerR5_Values_ExplicitVarSizeWithMarker_Values
                   [q7, q15, 1]
               <
               var4_ExplicitVarSizeWithMarkerR17R5R5_Values_PartitionAsSet_ExplicitVarSizeWithMarkerR5_Values_ExplicitVarSizeWithMarker_Values
                   [q7, q15, 2])
                  | q15 : int(1..3)])
             | q7 : int(1..16)]),
    and([q7 <= var4_ExplicitVarSizeWithMarkerR17R5R5_Marker ->
         and([q15 <= var4_ExplicitVarSizeWithMarkerR17R5R5_Values_PartitionAsSet_ExplicitVarSizeWithMarkerR5_Marker[q7]
              ->
              and([q17 >
                   var4_ExplicitVarSizeWithMarkerR17R5R5_Values_PartitionAsSet_ExplicitVarSizeWithMarkerR5_Values_ExplicitVarSizeWithMarker_Marker
                       [q7, q15]
                   ->
                   var4_ExplicitVarSizeWithMarkerR17R5R5_Values_PartitionAsSet_ExplicitVarSizeWithMarkerR5_Values_ExplicitVarSizeWithMarker_Values
                       [q7, q15, q17]
                   = false
                       | q17 : int(1..2)])
                  | q15 : int(1..3)])
             | q7 : int(1..16)]),
    and([q7 <= var4_ExplicitVarSizeWithMarkerR17R5R5_Marker ->
         and([q15 <= var4_ExplicitVarSizeWithMarkerR17R5R5_Values_PartitionAsSet_ExplicitVarSizeWithMarkerR5_Marker[q7]
              ->
              1 <=
              var4_ExplicitVarSizeWithMarkerR17R5R5_Values_PartitionAsSet_ExplicitVarSizeWithMarkerR5_Values_ExplicitVarSizeWithMarker_Marker
                  [q7, q15]
                  | q15 : int(1..3)])
             | q7 : int(1..16)])
