language Essence 1.3

given n: int(0..100)
letting vertices be domain int(0..n - 1)
given edges: relation (irreflexive) of (vertices * vertices)
given numberColours: int(1..n)
given coloursPerNode: int(1..n)
letting colours be domain int(1..numberColours)
find colouring: function (total) vertices --> set (size coloursPerNode) of colours
such that
    and([colouring(q1[2]) intersect colouring(q1[1]) = {} | q1 <- edges]),
    sum([|colouring(q2)| | q2 : vertices]) = n * coloursPerNode

