language ESSENCE' 1.0

find var1_FunctionAsRelation_RelationAsSet_ExplicitVarSizeWithMarker_Marker: int(0..256)
find var1_FunctionAsRelation_RelationAsSet_ExplicitVarSizeWithMarker_Values_1:
        matrix indexed by [int(1..256), int(4, 3)] of int(2..4, 1)
find var1_FunctionAsRelation_RelationAsSet_ExplicitVarSizeWithMarker_Values_2_Function1D:
        matrix indexed by [int(1..256), bool] of bool
such that
    and([q1 + 1 <= var1_FunctionAsRelation_RelationAsSet_ExplicitVarSizeWithMarker_Marker ->
         var1_FunctionAsRelation_RelationAsSet_ExplicitVarSizeWithMarker_Values_1[q1, ..] <lex
         var1_FunctionAsRelation_RelationAsSet_ExplicitVarSizeWithMarker_Values_1[q1 + 1, ..]
         \/
         and([var1_FunctionAsRelation_RelationAsSet_ExplicitVarSizeWithMarker_Values_1[q1, q11] =
              var1_FunctionAsRelation_RelationAsSet_ExplicitVarSizeWithMarker_Values_1[q1 + 1, q11]
                  | q11 : int(4, 3)])
         /\
         var1_FunctionAsRelation_RelationAsSet_ExplicitVarSizeWithMarker_Values_2_Function1D[q1, ..] <lex
         var1_FunctionAsRelation_RelationAsSet_ExplicitVarSizeWithMarker_Values_2_Function1D[q1 + 1, ..]
             | q1 : int(1..255)]),
    and([q2 > var1_FunctionAsRelation_RelationAsSet_ExplicitVarSizeWithMarker_Marker ->
         and([var1_FunctionAsRelation_RelationAsSet_ExplicitVarSizeWithMarker_Values_1[q2, q16] = 2 | q16 : int(4, 3)])
         /\
         and([var1_FunctionAsRelation_RelationAsSet_ExplicitVarSizeWithMarker_Values_2_Function1D[q2, q17] = false
                  | q17 : bool])
             | q2 : int(1..256)]),
    and([q3 <= var1_FunctionAsRelation_RelationAsSet_ExplicitVarSizeWithMarker_Marker ->
         and([or([var1_FunctionAsRelation_RelationAsSet_ExplicitVarSizeWithMarker_Values_2_Function1D[q3, q6] = q5
                      | q6 : bool])
                  | q5 : bool])
             | q3 : int(1..256)]),
    and([1 >=
         sum([q13 <= var1_FunctionAsRelation_RelationAsSet_ExplicitVarSizeWithMarker_Marker /\
              and([var1_FunctionAsRelation_RelationAsSet_ExplicitVarSizeWithMarker_Values_1[q13, q14] = q8[q14]
                       | q14 : int(4, 3)])
                  | q13 : int(1..256)])
             | q8 : matrix indexed by [int(4, 3)] of int(2..4, 1)])
