Generating models for model.essence
Generated models: model000001.eprime
Saved under: conjure-output
Savile Row: model000001.eprime
Running minion for domain filtering.
Running solver: minion
Copying solution to: model.solutions
Copying solution to: model.solutions.json
{"i": {"1": 1, "2": 1}, "j": {"1": 1, "2": 1}}
{"i": {"1": 1, "2": 1}, "j": {"1": 1, "2": 2}}
{"i": {"1": 1, "2": 1}, "j": {"1": 1, "2": 3}}
{"i": {"1": 1, "2": 1}, "j": {"1": 2, "2": 1}}
{"i": {"1": 1, "2": 1}, "j": {"1": 2, "2": 2}}
{"i": {"1": 1, "2": 1}, "j": {"1": 2, "2": 3}}
{"i": {"1": 1, "2": 1}, "j": {"1": 3, "2": 1}}
{"i": {"1": 1, "2": 1}, "j": {"1": 3, "2": 2}}
{"i": {"1": 1, "2": 1}, "j": {"1": 3, "2": 3}}
{"i": {"1": 1, "2": 2}, "j": {"1": 1, "2": 2}}
{"i": {"1": 1, "2": 2}, "j": {"1": 1, "2": 3}}
{"i": {"1": 1, "2": 2}, "j": {"1": 2, "2": 1}}
{"i": {"1": 1, "2": 2}, "j": {"1": 2, "2": 2}}
{"i": {"1": 1, "2": 2}, "j": {"1": 2, "2": 3}}
{"i": {"1": 1, "2": 2}, "j": {"1": 3, "2": 1}}
{"i": {"1": 1, "2": 2}, "j": {"1": 3, "2": 2}}
{"i": {"1": 1, "2": 2}, "j": {"1": 3, "2": 3}}
{"i": {"1": 1, "2": 3}, "j": {"1": 1, "2": 3}}
{"i": {"1": 1, "2": 3}, "j": {"1": 2, "2": 1}}
{"i": {"1": 1, "2": 3}, "j": {"1": 2, "2": 2}}
{"i": {"1": 1, "2": 3}, "j": {"1": 2, "2": 3}}
{"i": {"1": 1, "2": 3}, "j": {"1": 3, "2": 1}}
{"i": {"1": 1, "2": 3}, "j": {"1": 3, "2": 2}}
{"i": {"1": 1, "2": 3}, "j": {"1": 3, "2": 3}}
{"i": {"1": 2, "2": 1}, "j": {"1": 2, "2": 1}}
{"i": {"1": 2, "2": 1}, "j": {"1": 2, "2": 2}}
{"i": {"1": 2, "2": 1}, "j": {"1": 2, "2": 3}}
{"i": {"1": 2, "2": 1}, "j": {"1": 3, "2": 1}}
{"i": {"1": 2, "2": 1}, "j": {"1": 3, "2": 2}}
{"i": {"1": 2, "2": 1}, "j": {"1": 3, "2": 3}}
{"i": {"1": 2, "2": 2}, "j": {"1": 2, "2": 2}}
{"i": {"1": 2, "2": 2}, "j": {"1": 2, "2": 3}}
{"i": {"1": 2, "2": 2}, "j": {"1": 3, "2": 1}}
{"i": {"1": 2, "2": 2}, "j": {"1": 3, "2": 2}}
{"i": {"1": 2, "2": 2}, "j": {"1": 3, "2": 3}}
{"i": {"1": 2, "2": 3}, "j": {"1": 2, "2": 3}}
{"i": {"1": 2, "2": 3}, "j": {"1": 3, "2": 1}}
{"i": {"1": 2, "2": 3}, "j": {"1": 3, "2": 2}}
{"i": {"1": 2, "2": 3}, "j": {"1": 3, "2": 3}}
{"i": {"1": 3, "2": 1}, "j": {"1": 3, "2": 1}}
{"i": {"1": 3, "2": 1}, "j": {"1": 3, "2": 2}}
{"i": {"1": 3, "2": 1}, "j": {"1": 3, "2": 3}}
{"i": {"1": 3, "2": 2}, "j": {"1": 3, "2": 2}}
{"i": {"1": 3, "2": 2}, "j": {"1": 3, "2": 3}}
{"i": {"1": 3, "2": 3}, "j": {"1": 3, "2": 3}}
