{"1": {"onVariable:" "a"
       "groups:" ["IntOddEven"]
       "constraint:" "and([q1 % 2 = 1 | q1 <- a])"},
 "2": {"onVariable:" "a"
       "groups:" ["IntOddEven"]
       "constraint:" "and([q1 % 2 = 0 | q1 <- a])"},
 "3": {"onVariable:" "a"
       "groups:" ["IntLowHigh"]
       "constraint:" "and([q1 < 1 + (10 - 1) / 2 | q1 <- a])"},
 "4": {"onVariable:" "a"
       "groups:" ["IntLowHigh"]
       "constraint:" "and([q1 > 1 + (10 - 1) / 2 | q1 <- a])"},
 "5": {"onVariable:" "a"
       "groups:" ["IntOddEven"]
       "constraint:" "|a| / 2 = sum([toInt(q2 % 2 = 1) | q2 <- a])"},
 "6": {"onVariable:" "a"
       "groups:" ["IntOddEven"]
       "constraint:" "|a| / 2 = sum([toInt(q2 % 2 = 0) | q2 <- a])"},
 "7": {"onVariable:" "a"
       "groups:" ["IntLowHigh"]
       "constraint:" "|a| / 2 = sum([toInt(q2 < 1 + (10 - 1) / 2) | q2 <- a])"},
 "8": {"onVariable:" "a"
       "groups:" ["IntLowHigh"]
       "constraint:" "|a| / 2 = sum([toInt(q2 > 1 + (10 - 1) / 2) | q2 <- a])"},
 "9": {"onVariable:" "a"
       "groups:" ["IntOddEven"]
       "constraint:" "1 >= sum([toInt(q3 % 2 = 1) | q3 <- a])"},
 "10": {"onVariable:" "a"
        "groups:" ["IntOddEven"]
        "constraint:" "1 >= sum([toInt(q3 % 2 = 0) | q3 <- a])"},
 "11": {"onVariable:" "a"
        "groups:" ["IntLowHigh"]
        "constraint:" "1 >= sum([toInt(q3 < 1 + (10 - 1) / 2) | q3 <- a])"},
 "12": {"onVariable:" "a"
        "groups:" ["IntLowHigh"]
        "constraint:" "1 >= sum([toInt(q3 > 1 + (10 - 1) / 2) | q3 <- a])"},
 "13": {"onVariable:" "a"
        "groups:" ["IntOddEven"]
        "constraint:" "|a| / 2 + 1 >= sum([toInt(q4 % 2 = 1) | q4 <- a]) /\\ |a| / 2 - 1 <= sum([toInt(q4 % 2 = 1) | q4 <- a])"},
 "14": {"onVariable:" "a"
        "groups:" ["IntOddEven"]
        "constraint:" "|a| / 2 + 1 >= sum([toInt(q4 % 2 = 0) | q4 <- a]) /\\ |a| / 2 - 1 <= sum([toInt(q4 % 2 = 0) | q4 <- a])"},
 "15": {"onVariable:" "a"
        "groups:" ["IntLowHigh"]
        "constraint:" "|a| / 2 + 1 >= sum([toInt(q4 < 1 + (10 - 1) / 2) | q4 <- a]) /\\ |a| / 2 - 1 <= sum([toInt(q4 < 1 + (10 - 1) / 2) | q4 <- a])"},
 "16": {"onVariable:" "a"
        "groups:" ["IntLowHigh"]
        "constraint:" "|a| / 2 + 1 >= sum([toInt(q4 > 1 + (10 - 1) / 2) | q4 <- a]) /\\ |a| / 2 - 1 <= sum([toInt(q4 > 1 + (10 - 1) / 2) | q4 <- a])"}}
