language ESSENCE' 1.0

letting given1_Occurrence be [true, true, true; int(1, 4, 5)]
letting given2_PartitionAsSet_ExplicitVarSizeWithMarkerR6_Marker be 1
letting given2_PartitionAsSet_ExplicitVarSizeWithMarkerR6_Values_ExplicitVarSizeWithDummy be [[4, 5; int(1..2)]; int(1)]
$ Visualisation for given2_PartitionAsSet_ExplicitVarSizeWithMarkerR6_Values_ExplicitVarSizeWithDummy
$ 4 5

letting fin1 be 3
