Error 1:
    In a 'such that' statement: 1 <= sum([var5_Function1DPartial_Flags[q6] | q6 : bool])
    Error:
        Type error in sum([var5_Function1DPartial_Flags[q6] | q6 : bool])
                      The argument has type: [bool]
Error 2:
    In a 'such that' statement: sum([var5_Function1DPartial_Flags[q6] | q6 : bool]) <= 5
    Error:
        Type error in sum([var5_Function1DPartial_Flags[q6] | q6 : bool])
                      The argument has type: [bool]