language ESSENCE' 1.0

letting var1_PartitionAsSet_ExplicitVarSizeWithMarker_Marker be [2, 2, 2, 2, 2; int(1..5)]
letting var1_PartitionAsSet_ExplicitVarSizeWithMarker_Values_ExplicitVarSizeWithMarker_Marker be
        [[1, 1; int(1..2)], [1, 1; int(1..2)], [1, 1; int(1..2)], [1, 1; int(1..2)], [1, 1; int(1..2)]; int(1..5)]
$ Visualisation for var1_PartitionAsSet_ExplicitVarSizeWithMarker_Values_ExplicitVarSizeWithMarker_Marker
$ 1 1
$ 1 1
$ 1 1
$ 1 1
$ 1 1

letting var1_PartitionAsSet_ExplicitVarSizeWithMarker_Values_ExplicitVarSizeWithMarker_Values be
        [[[false, false, false, false, false; int(1..5)], [true, false, false, false, false; int(1..5)]; int(1..2)],
         [[false, false, false, false, false; int(1..5)], [true, false, false, false, false; int(1..5)]; int(1..2)],
         [[false, false, false, false, false; int(1..5)], [true, false, false, false, false; int(1..5)]; int(1..2)],
         [[false, false, false, false, false; int(1..5)], [true, false, false, false, false; int(1..5)]; int(1..2)],
         [[false, false, false, false, false; int(1..5)], [true, false, false, false, false; int(1..5)]; int(1..2)];
             int(1..5)]
letting var2_ExplicitVarSizeWithFlags_Flags be ([] : `matrix indexed by [int, int] of int`)
letting var2_ExplicitVarSizeWithFlags_Values be ([] : `matrix indexed by [int, int] of bool`)
