language ESSENCE' 1.0

letting var1 be true
letting var2 be true
letting var3_Explicit be [false; int(1)]
letting var4_1_1 be 0
letting var4_1_2 be false
letting var4_1_3 be 1
letting var5_FunctionAsRelation_RelationAsSet_ExplicitVarSizeWithMarker_Marker be 0
letting var5_FunctionAsRelation_RelationAsSet_ExplicitVarSizeWithMarker_Values_1_ExplicitVarSizeWithMarker_Marker be
        ([] : `matrix indexed by [int] of int`)
letting var5_FunctionAsRelation_RelationAsSet_ExplicitVarSizeWithMarker_Values_1_ExplicitVarSizeWithMarker_Values be
        ([] : `matrix indexed by [int, int] of bool`)
letting var5_FunctionAsRelation_RelationAsSet_ExplicitVarSizeWithMarker_Values_2_RelationAsMatrix be
        ([] : `matrix indexed by [int, int, int] of bool`)
letting var6 be 1
