language ESSENCE' 1.0

find var3_FunctionAsRelation_RelationAsSet_ExplicitVarSizeWithMarker_Marker: int(0)
find var3_FunctionAsRelation_RelationAsSet_ExplicitVarSizeWithMarker_Values_1_Function1D:
        matrix indexed by [int(1..0), bool] of bool
find var3_FunctionAsRelation_RelationAsSet_ExplicitVarSizeWithMarker_Values_2_ExplicitVarSizeWithMarker_Marker:
        matrix indexed by [int(1..0)] of int(0..2)
find var3_FunctionAsRelation_RelationAsSet_ExplicitVarSizeWithMarker_Values_2_ExplicitVarSizeWithMarker_Values:
        matrix indexed by [int(1..0), int(1..2)] of bool
such that
    var3_FunctionAsRelation_RelationAsSet_ExplicitVarSizeWithMarker_Marker <= 0,
    and([true
             | q10_Function1D : matrix indexed by [bool] of bool, allDiff(q10_Function1D),
               and([or([q10_Function1D[q17] = q16 | q17 : bool]) | q16 : bool]), false])
