Generating models for range-symmetry-detection.essence
Generated models: model000001.eprime
Saved under: conjure-output
Savile Row: conjure-output/model000001.eprime
Running minion for domain filtering.
Running solver: minion
Copying stats to: range-symmetry-detection.stats.json
Copying solution to: range-symmetry-detection.solution
language Essence 1.3

letting r be {1, 3}
