language ESSENCE' 1.0

find var1_PartitionAsSet_ExplicitVarSizeWithMarker_Marker: int(0..4)
find var1_PartitionAsSet_ExplicitVarSizeWithMarker_Values_ExplicitVarSizeWithMarker_Marker:
        matrix indexed by [int(1..4)] of int(0..2)
find var1_PartitionAsSet_ExplicitVarSizeWithMarker_Values_ExplicitVarSizeWithMarker_Values_Function1DPartial_Flags:
        matrix indexed by [int(1..4), int(1..2), int(-2)] of bool
find var1_PartitionAsSet_ExplicitVarSizeWithMarker_Values_ExplicitVarSizeWithMarker_Values_Function1DPartial_Values:
        matrix indexed by [int(1..4), int(1..2), int(-2)] of int(-4)
find var2: bool
find var3_Function1DPartial_Flags: matrix indexed by [bool] of bool
find var3_Function1DPartial_Values_Function1DPartial_Flags: matrix indexed by [bool, int(-1)] of bool
find var3_Function1DPartial_Values_Function1DPartial_Values: matrix indexed by [bool, int(-1)] of int(3)
find var4_Function1DPartial_Flags: matrix indexed by [int(-5, 5)] of bool
find var4_Function1DPartial_Values_Occurrence: matrix indexed by [int(-5, 5), int(3)] of bool
find aux1_Occurrence: matrix indexed by [matrix indexed by [int(-2)] of bool, int(1..2), int(-2)] of bool
find aux2_Occurrence: matrix indexed by [matrix indexed by [int(-2)] of bool, int(1..2), int(-2)] of bool
such that
    false,
    and([and([var1_PartitionAsSet_ExplicitVarSizeWithMarker_Values_ExplicitVarSizeWithMarker_Values_Function1DPartial_Flags
                  [q27, q30, -2]
              -> aux1_Occurrence[q1_Function1DPartial_Flags, q30, -2]
                  | q30 : int(1..2)])
             | q1_Function1DPartial_Flags : matrix indexed by [int(-2)] of bool]),
    and([and([aux1_Occurrence[q1_Function1DPartial_Flags, q30, -2] ->
              var1_PartitionAsSet_ExplicitVarSizeWithMarker_Values_ExplicitVarSizeWithMarker_Values_Function1DPartial_Flags
                  [q27, q30, -2]
                  | q30 : int(1..2)])
             | q1_Function1DPartial_Flags : matrix indexed by [int(-2)] of bool]),
    and([and([and([aux2_Occurrence[q1_Function1DPartial_Flags, q30, -2] | q1_Function1DPartial_Flags[-2]])
                  | q30 : int(1..2)])
             | q1_Function1DPartial_Flags : matrix indexed by [int(-2)] of bool]),
    and([and([aux2_Occurrence[q1_Function1DPartial_Flags, q30, -2] -> or([true | q1_Function1DPartial_Flags[-2]])
                  | q30 : int(1..2)])
             | q1_Function1DPartial_Flags : matrix indexed by [int(-2)] of bool]),
    and([1 >=
         sum([q27 <= var1_PartitionAsSet_ExplicitVarSizeWithMarker_Marker /\
              or([q30 <= var1_PartitionAsSet_ExplicitVarSizeWithMarker_Values_ExplicitVarSizeWithMarker_Marker[q27] /\
                  ((var1_PartitionAsSet_ExplicitVarSizeWithMarker_Values_ExplicitVarSizeWithMarker_Values_Function1DPartial_Flags
                        [q27, q30, -2]
                    ->
                    q1_Function1DPartial_Values[-2] =
                    var1_PartitionAsSet_ExplicitVarSizeWithMarker_Values_ExplicitVarSizeWithMarker_Values_Function1DPartial_Values
                        [q27, q30, -2]
                    /\ q1_Function1DPartial_Flags[-2])
                   /\
                   and([var1_PartitionAsSet_ExplicitVarSizeWithMarker_Values_ExplicitVarSizeWithMarker_Values_Function1DPartial_Values
                            [q27, q30, -2]
                        = q1_Function1DPartial_Values[-2]
                        /\
                        var1_PartitionAsSet_ExplicitVarSizeWithMarker_Values_ExplicitVarSizeWithMarker_Values_Function1DPartial_Flags
                            [q27, q30, -2]
                            | q1_Function1DPartial_Flags[-2]])
                   /\
                   ((aux1_Occurrence[q1_Function1DPartial_Flags, q30, -2] -> q1_Function1DPartial_Flags[-2]) /\
                    (aux2_Occurrence[q1_Function1DPartial_Flags, q30, -2] ->
                     var1_PartitionAsSet_ExplicitVarSizeWithMarker_Values_ExplicitVarSizeWithMarker_Values_Function1DPartial_Flags
                         [q27, q30, -2])))
                      | q30 : int(1..2)])
                  | q27 : int(1..4)])
             | q1_Function1DPartial_Flags : matrix indexed by [int(-2)] of bool,
               q1_Function1DPartial_Values : matrix indexed by [int(-2)] of int(-4),
               q1_Function1DPartial_Flags[-2] = false -> q1_Function1DPartial_Values[-2] = -4]),
    and([q28 <= var1_PartitionAsSet_ExplicitVarSizeWithMarker_Marker ->
         var1_PartitionAsSet_ExplicitVarSizeWithMarker_Values_ExplicitVarSizeWithMarker_Marker[q28] >= 1
             | q28 : int(1..4)]),
    and([q5 + 1 <= var1_PartitionAsSet_ExplicitVarSizeWithMarker_Marker ->
         var1_PartitionAsSet_ExplicitVarSizeWithMarker_Values_ExplicitVarSizeWithMarker_Marker[q5] <
         var1_PartitionAsSet_ExplicitVarSizeWithMarker_Values_ExplicitVarSizeWithMarker_Marker[q5 + 1]
         \/
         var1_PartitionAsSet_ExplicitVarSizeWithMarker_Values_ExplicitVarSizeWithMarker_Marker[q5] =
         var1_PartitionAsSet_ExplicitVarSizeWithMarker_Values_ExplicitVarSizeWithMarker_Marker[q5 + 1]
         /\
         (flatten(var1_PartitionAsSet_ExplicitVarSizeWithMarker_Values_ExplicitVarSizeWithMarker_Values_Function1DPartial_Flags
                      [q5, .., ..])
          .<
          flatten(var1_PartitionAsSet_ExplicitVarSizeWithMarker_Values_ExplicitVarSizeWithMarker_Values_Function1DPartial_Flags
                      [q5 + 1, .., ..])
          \/
          and([var1_PartitionAsSet_ExplicitVarSizeWithMarker_Values_ExplicitVarSizeWithMarker_Values_Function1DPartial_Flags
                   [q5, q48, -2]
               =
               var1_PartitionAsSet_ExplicitVarSizeWithMarker_Values_ExplicitVarSizeWithMarker_Values_Function1DPartial_Flags
                   [q5 + 1, q48, -2]
                   | q48 : int(1..2)])
          /\
          flatten(var1_PartitionAsSet_ExplicitVarSizeWithMarker_Values_ExplicitVarSizeWithMarker_Values_Function1DPartial_Values
                      [q5, .., ..])
          .<
          flatten(var1_PartitionAsSet_ExplicitVarSizeWithMarker_Values_ExplicitVarSizeWithMarker_Values_Function1DPartial_Values
                      [q5 + 1, .., ..]))
             | q5 : int(1..3)]),
    and([q6 > var1_PartitionAsSet_ExplicitVarSizeWithMarker_Marker ->
         var1_PartitionAsSet_ExplicitVarSizeWithMarker_Values_ExplicitVarSizeWithMarker_Marker[q6] = 0 /\
         and([var1_PartitionAsSet_ExplicitVarSizeWithMarker_Values_ExplicitVarSizeWithMarker_Values_Function1DPartial_Flags
                  [q6, q64, -2]
              = false
              /\
              var1_PartitionAsSet_ExplicitVarSizeWithMarker_Values_ExplicitVarSizeWithMarker_Values_Function1DPartial_Values
                  [q6, q64, -2]
              = -4
                  | q64 : int(1..2)])
             | q6 : int(1..4)]),
    and([q7 <= var1_PartitionAsSet_ExplicitVarSizeWithMarker_Marker ->
         (2 <= var1_PartitionAsSet_ExplicitVarSizeWithMarker_Values_ExplicitVarSizeWithMarker_Marker[q7] ->
          var1_PartitionAsSet_ExplicitVarSizeWithMarker_Values_ExplicitVarSizeWithMarker_Values_Function1DPartial_Flags
              [q7, 1, ..]
          .<
          var1_PartitionAsSet_ExplicitVarSizeWithMarker_Values_ExplicitVarSizeWithMarker_Values_Function1DPartial_Flags
              [q7, 2, ..]
          \/
          var1_PartitionAsSet_ExplicitVarSizeWithMarker_Values_ExplicitVarSizeWithMarker_Values_Function1DPartial_Flags
              [q7, 1, -2]
          =
          var1_PartitionAsSet_ExplicitVarSizeWithMarker_Values_ExplicitVarSizeWithMarker_Values_Function1DPartial_Flags
              [q7, 2, -2]
          /\
          var1_PartitionAsSet_ExplicitVarSizeWithMarker_Values_ExplicitVarSizeWithMarker_Values_Function1DPartial_Values
              [q7, 1, ..]
          .<
          var1_PartitionAsSet_ExplicitVarSizeWithMarker_Values_ExplicitVarSizeWithMarker_Values_Function1DPartial_Values
              [q7, 2, ..])
             | q7 : int(1..4)]),
    and([q7 <= var1_PartitionAsSet_ExplicitVarSizeWithMarker_Marker ->
         and([q9 > var1_PartitionAsSet_ExplicitVarSizeWithMarker_Values_ExplicitVarSizeWithMarker_Marker[q7] ->
              var1_PartitionAsSet_ExplicitVarSizeWithMarker_Values_ExplicitVarSizeWithMarker_Values_Function1DPartial_Flags
                  [q7, q9, -2]
              = false
              /\
              var1_PartitionAsSet_ExplicitVarSizeWithMarker_Values_ExplicitVarSizeWithMarker_Values_Function1DPartial_Values
                  [q7, q9, -2]
              = -4
                  | q9 : int(1..2)])
             | q7 : int(1..4)]),
    and([q7 <= var1_PartitionAsSet_ExplicitVarSizeWithMarker_Marker ->
         and([q10 <= var1_PartitionAsSet_ExplicitVarSizeWithMarker_Values_ExplicitVarSizeWithMarker_Marker[q7] ->
              (var1_PartitionAsSet_ExplicitVarSizeWithMarker_Values_ExplicitVarSizeWithMarker_Values_Function1DPartial_Flags
                   [q7, q10, -2]
               = false
               ->
               var1_PartitionAsSet_ExplicitVarSizeWithMarker_Values_ExplicitVarSizeWithMarker_Values_Function1DPartial_Values
                   [q7, q10, -2]
               = -4)
                  | q10 : int(1..2)])
             | q7 : int(1..4)]),
    and([var3_Function1DPartial_Flags[q14] = false ->
         var3_Function1DPartial_Values_Function1DPartial_Flags[q14, -1] = false /\
         var3_Function1DPartial_Values_Function1DPartial_Values[q14, -1] = 3
             | q14 : bool]),
    and([var3_Function1DPartial_Flags[q16] ->
         (var3_Function1DPartial_Values_Function1DPartial_Flags[q16, -1] = false ->
          var3_Function1DPartial_Values_Function1DPartial_Values[q16, -1] = 3)
             | q16 : bool]),
    and([var4_Function1DPartial_Flags[q20] = false -> var4_Function1DPartial_Values_Occurrence[q20, 3] = false
             | q20 : int(-5, 5)])
