Error 1:
    In a 'such that' statement: b = ({{2, 4}, {6, 8, 9}} = parts(s))
    Error:
        Type error in parts(s)
                      The argument has type: set of set of int
Error 2:
    In a 'such that' statement: c = together({2, 6}, s)
    Error: Type error in together({2, 6}, s)
Error 3:
    In a 'such that' statement: d = together({2, 4}, s)
    Error: Type error in together({2, 4}, s)
