Generating models for riddle1.essence
Generated models: model000001.eprime
Saved under: conjure-output
Savile Row: model000001.eprime
Copying solution to: riddle1.solution
Using cached models.
Savile Row: model000001.eprime
Copying solution to: riddle1.solution
Generating models for riddle2.essence
Generated models: model000001.eprime
Saved under: conjure-output
Savile Row: model000001.eprime
Copying solution to: riddle2.solution
Using cached models.
Savile Row: model000001.eprime
Copying solution to: riddle2.solution
