[tests/json_repr/autogen-bilals-fixed/8d9aeec8a4cae4f6527e31d510e8df23/8d9aeec8a4cae4f6527e31d510e8df23.eprime.essence:10:35:
unexpected undefined
expecting ), comma, or rest of range
        matrix indexed by [int(1..undefined(division by zero: 5 / 0 : `int`))] of int(0..undefined(division by zero: 3 / 0 : `int`))
                                  ^]