language ESSENCE' 1.0

given given1_PartitionAsSet_ExplicitVarSizeWithMarkerR6_Marker: int(0..16)
given given1_PartitionAsSet_ExplicitVarSizeWithMarkerR6_Values_ExplicitVarSizeWithDummy:
        matrix indexed by [int(1..16), int(1..5)] of int(1..2, 0..1, 3)
find var1_1: int(2, 3)
find var1_2: int(3..4, 1..5)
find var1_3: bool
find var1_4: bool
such that false
