{"model":
     {"children":
          [{"children": {"domain": {"DomainBool": []}, "forg": "Find", "name": {"Name": "b"}, "type": "FindOrGiven"},
            "type": "Declaration"},
           {"children":
                [{"children":
                      [{"Reference": {"Name": "b"}},
                       {"children": [{"ConstantBool": false}, {"ConstantBool": true}], "symmetricChildren": true,
                        "type": "OpNeq"}],
                  "symmetricChildren": true, "type": "OpEq"}],
            "symmetricChildren": true, "type": "SuchThat"}],
      "symmetricChildren": true, "type": "Model"},
 "nodes_to_swap": ["b"]}
