Generating models for json-solution.essence
Generated models: model000001.eprime
Saved under: conjure-output
Savile Row: conjure-output/model000001.eprime n4.param
Running minion for domain filtering.
Running solver: minion
Copying solution to: json-solution-n4.solution
Copying solution to: json-solution-n4.solution.json
{"x": {"1": 4, "2": 3, "3": 2, "4": 1}}
