Unhandled argument, expected at most 1: bacp.essence
Unhandled argument, expected at most 1: bacp.essence
Unhandled argument, expected at most 1: bacp.essence
Unhandled argument, expected at most 1: bacp.essence
Unhandled argument, expected at most 1: bacp.essence
Unhandled argument, expected at most 1: bacp.essence
Unhandled argument, expected at most 1: bacp.essence
