Generating models for frameUpdate.essence
    Answer 1: choose-repr: Choosing representation for a:
                               set {Occurrence} (maxSize 3) of int(1..6)
              a
    Answer 2: choose-repr: Choosing representation for a:
                               set {ExplicitVarSizeWithDummy} (maxSize 3) of int(1..6)
              a
    Answer 3: choose-repr: Choosing representation for a:
                               set {ExplicitVarSizeWithMarker} (maxSize 3) of int(1..6)
              a
    Answer 4: choose-repr: Choosing representation for a:
                               set {ExplicitVarSizeWithFlags} (maxSize 3) of int(1..6)
              a
Response: 1
    Answer 1: choose-repr: Choosing representation for b:
                               set {Occurrence} (maxSize 3) of int(1..6)
              b
    Answer 2: choose-repr: Choosing representation for b:
                               set {ExplicitVarSizeWithDummy} (maxSize 3) of int(1..6)
              b
    Answer 3: choose-repr: Choosing representation for b:
                               set {ExplicitVarSizeWithMarker} (maxSize 3) of int(1..6)
              b
    Answer 4: choose-repr: Choosing representation for b:
                               set {ExplicitVarSizeWithFlags} (maxSize 3) of int(1..6)
              b
Response: 1
Generated models: model000001.eprime
Saved under: output-1
Savile Row: model000001.eprime
output-1/model000001-solution000001.solution:letting a be {2, 3}
output-1/model000001-solution000001.solution:letting b be {2, 4}
output-1/model000001-solution000002.solution:letting a be {2, 3}
output-1/model000001-solution000002.solution:letting b be {2, 3}



Generating models for frameUpdate.essence
    Answer 1: choose-repr: Choosing representation for a:
                               set {Occurrence} (maxSize 3) of int(1..6)
              a
    Answer 2: choose-repr: Choosing representation for a:
                               set {ExplicitVarSizeWithDummy} (maxSize 3) of int(1..6)
              a
    Answer 3: choose-repr: Choosing representation for a:
                               set {ExplicitVarSizeWithMarker} (maxSize 3) of int(1..6)
              a
    Answer 4: choose-repr: Choosing representation for a:
                               set {ExplicitVarSizeWithFlags} (maxSize 3) of int(1..6)
              a
Response: 2
    Answer 1: choose-repr: Choosing representation for b:
                               set {Occurrence} (maxSize 3) of int(1..6)
              b
    Answer 2: choose-repr: Choosing representation for b:
                               set {ExplicitVarSizeWithDummy} (maxSize 3) of int(1..6)
              b
    Answer 3: choose-repr: Choosing representation for b:
                               set {ExplicitVarSizeWithMarker} (maxSize 3) of int(1..6)
              b
    Answer 4: choose-repr: Choosing representation for b:
                               set {ExplicitVarSizeWithFlags} (maxSize 3) of int(1..6)
              b
Response: 2
Generated models: model000001.eprime
Saved under: output-2
Savile Row: model000001.eprime
letting a be {2, 3}
letting b be {2, 4}



Generating models for frameUpdate.essence
    Answer 1: choose-repr: Choosing representation for a:
                               set {Occurrence} (maxSize 3) of int(1..6)
              a
    Answer 2: choose-repr: Choosing representation for a:
                               set {ExplicitVarSizeWithDummy} (maxSize 3) of int(1..6)
              a
    Answer 3: choose-repr: Choosing representation for a:
                               set {ExplicitVarSizeWithMarker} (maxSize 3) of int(1..6)
              a
    Answer 4: choose-repr: Choosing representation for a:
                               set {ExplicitVarSizeWithFlags} (maxSize 3) of int(1..6)
              a
Response: 3
    Answer 1: choose-repr: Choosing representation for b:
                               set {Occurrence} (maxSize 3) of int(1..6)
              b
    Answer 2: choose-repr: Choosing representation for b:
                               set {ExplicitVarSizeWithDummy} (maxSize 3) of int(1..6)
              b
    Answer 3: choose-repr: Choosing representation for b:
                               set {ExplicitVarSizeWithMarker} (maxSize 3) of int(1..6)
              b
    Answer 4: choose-repr: Choosing representation for b:
                               set {ExplicitVarSizeWithFlags} (maxSize 3) of int(1..6)
              b
Response: 3
Generated models: model000001.eprime
Saved under: output-3
Savile Row: model000001.eprime
letting a be {2, 3}
letting b be {2, 4}



Generating models for frameUpdate.essence
    Answer 1: choose-repr: Choosing representation for a:
                               set {Occurrence} (maxSize 3) of int(1..6)
              a
    Answer 2: choose-repr: Choosing representation for a:
                               set {ExplicitVarSizeWithDummy} (maxSize 3) of int(1..6)
              a
    Answer 3: choose-repr: Choosing representation for a:
                               set {ExplicitVarSizeWithMarker} (maxSize 3) of int(1..6)
              a
    Answer 4: choose-repr: Choosing representation for a:
                               set {ExplicitVarSizeWithFlags} (maxSize 3) of int(1..6)
              a
Response: 4
    Answer 1: choose-repr: Choosing representation for b:
                               set {Occurrence} (maxSize 3) of int(1..6)
              b
    Answer 2: choose-repr: Choosing representation for b:
                               set {ExplicitVarSizeWithDummy} (maxSize 3) of int(1..6)
              b
    Answer 3: choose-repr: Choosing representation for b:
                               set {ExplicitVarSizeWithMarker} (maxSize 3) of int(1..6)
              b
    Answer 4: choose-repr: Choosing representation for b:
                               set {ExplicitVarSizeWithFlags} (maxSize 3) of int(1..6)
              b
Response: 4
Generated models: model000001.eprime
Saved under: output-4
Savile Row: model000001.eprime
letting a be {2, 3}
letting b be {2, 4}



