language ESSENCE' 1.0

find A_Occurrence: matrix indexed by [int(1..10)] of bool
find B_Occurrence: matrix indexed by [int(1..10)] of bool
branching on [A_Occurrence, B_Occurrence]
such that [-toInt(A_Occurrence[q3]) | q3 : int(1..10)] <lex [-toInt(B_Occurrence[q4]) | q4 : int(1..10)]

$ Conjure's
$ {"finds": [{"Name": "A"}, {"Name": "B"}],
$  "givens": [],
$  "enumGivens": [],
$  "enumLettings": [],
$  "lettings": [],
$  "unnameds": [],
$  "strategyQ": {"PickFirst": []},
$  "strategyA": {"Compact": []},
$  "trailCompact": [[1, 1, 4], [1, 1, 4], [1, 1, 4], [1, 1, 4], [1, 1, 1], [1, 1, 1], [1, 1, 1], [1, 1, 1], [1, 1, 1]],
$  "trailVerbose": [],
$  "trailRewrites": [],
$  "nameGenState": [["q", 5]],
$  "nbExtraGivens": 0,
$  "representations":
$      [[{"Name": "A"},
$        {"DomainSet":
$             [{"Set_Occurrence": []}, {"SizeAttr_None": []},
$              {"DomainInt":
$                   [{"TagInt": []},
$                    [{"RangeBounded":
$                          [{"Constant": {"ConstantInt": [{"TagInt": []}, 1]}},
$                           {"Constant": {"ConstantInt": [{"TagInt": []}, 10]}}]}]]}]}],
$       [{"Name": "B"},
$        {"DomainSet":
$             [{"Set_Occurrence": []}, {"SizeAttr_None": []},
$              {"DomainInt":
$                   [{"TagInt": []},
$                    [{"RangeBounded":
$                          [{"Constant": {"ConstantInt": [{"TagInt": []}, 1]}},
$                           {"Constant": {"ConstantInt": [{"TagInt": []}, 10]}}]}]]}]}]],
$  "representationsTree":
$      [[{"Name": "A"},
$        [{"rootLabel": {"Set_Occurrence": []},
$          "subForest":
$              [{"rootLabel": null,
$                "subForest": []}]}]],
$       [{"Name": "B"},
$        [{"rootLabel": {"Set_Occurrence": []},
$          "subForest":
$              [{"rootLabel": null,
$                "subForest": []}]}]]],
$  "originalDomains":
$      [[{"Name": "A"},
$        {"DomainSet":
$             [[], {"SizeAttr_None": []},
$              {"DomainInt":
$                   [{"TagInt": []},
$                    [{"RangeBounded":
$                          [{"Constant": {"ConstantInt": [{"TagInt": []}, 1]}},
$                           {"Constant": {"ConstantInt": [{"TagInt": []}, 10]}}]}]]}]}],
$       [{"Name": "B"},
$        {"DomainSet":
$             [[], {"SizeAttr_None": []},
$              {"DomainInt":
$                   [{"TagInt": []},
$                    [{"RangeBounded":
$                          [{"Constant": {"ConstantInt": [{"TagInt": []}, 1]}},
$                           {"Constant": {"ConstantInt": [{"TagInt": []}, 10]}}]}]]}]}]]}
