language ESSENCE' 1.0

find var1_FunctionAsRelation_RelationAsSet_ExplicitVarSizeWithMarker_Marker: int(0..8)
find var1_FunctionAsRelation_RelationAsSet_ExplicitVarSizeWithMarker_Values_1_Function1DPartial_Flags:
        matrix indexed by [int(1..8), int(-4, 4)] of bool
find var1_FunctionAsRelation_RelationAsSet_ExplicitVarSizeWithMarker_Values_1_Function1DPartial_Values:
        matrix indexed by [int(1..8), int(-4, 4)] of int(4)
find var1_FunctionAsRelation_RelationAsSet_ExplicitVarSizeWithMarker_Values_2: matrix indexed by [int(1..8)] of bool
find var2_1_ExplicitVarSizeWithFlags_Flags: matrix indexed by [int(1..2)] of bool
find var2_1_ExplicitVarSizeWithFlags_Values: matrix indexed by [int(1..2)] of int(4, 2)
find var2_2: bool
find var3_1_1: bool
find aux1_ExplicitVarSizeWithMarker_Marker: matrix indexed by [int(1..7)] of int(0..2)
find aux1_ExplicitVarSizeWithMarker_Values: matrix indexed by [int(1..7), int(1..2)] of int(-4, 4)
find aux2_ExplicitVarSizeWithFlags_Flags: matrix indexed by [int(1..7), int(1..2)] of bool
find aux2_ExplicitVarSizeWithFlags_Values: matrix indexed by [int(1..7), int(1..2)] of int(-4, 4)
find aux3_ExplicitVarSizeWithMarker_Marker: matrix indexed by [matrix indexed by [int(-4, 4)] of bool] of int(0..2)
find aux3_ExplicitVarSizeWithMarker_Values:
        matrix indexed by [matrix indexed by [int(-4, 4)] of bool, int(1..2)] of int(-4, 4)
find aux4_ExplicitVarSizeWithFlags_Flags: matrix indexed by [matrix indexed by [int(-4, 4)] of bool, int(1..2)] of bool
find aux4_ExplicitVarSizeWithFlags_Values:
        matrix indexed by [matrix indexed by [int(-4, 4)] of bool, int(1..2)] of int(-4, 4)
such that
    and([2 <= aux1_ExplicitVarSizeWithMarker_Marker[q1] ->
         aux1_ExplicitVarSizeWithMarker_Values[q1, 1] < aux1_ExplicitVarSizeWithMarker_Values[q1, 2]
             | q1 : int(1..7)]),
    and([and([q28 > aux1_ExplicitVarSizeWithMarker_Marker[q1] -> aux1_ExplicitVarSizeWithMarker_Values[q1, q28] = -4
                  | q28 : int(1..2)])
             | q1 : int(1..7)]),
    and([and([var1_FunctionAsRelation_RelationAsSet_ExplicitVarSizeWithMarker_Values_1_Function1DPartial_Flags[q1, q31]
              ->
              or([q35 <= aux1_ExplicitVarSizeWithMarker_Marker[q1] /\
                  aux1_ExplicitVarSizeWithMarker_Values[q1, q35] = q31
                      | q35 : int(1..2)])
                  | q31 : int(-4, 4)])
             | q1 : int(1..7)]),
    and([and([q32 <= aux1_ExplicitVarSizeWithMarker_Marker[q1] ->
              or([var1_FunctionAsRelation_RelationAsSet_ExplicitVarSizeWithMarker_Values_1_Function1DPartial_Flags
                      [q1, q33]
                  /\ q33 = aux1_ExplicitVarSizeWithMarker_Values[q1, q32]
                      | q33 : int(-4, 4)])
                  | q32 : int(1..2)])
             | q1 : int(1..7)]),
    and([aux2_ExplicitVarSizeWithFlags_Flags[q1, 2] ->
         aux2_ExplicitVarSizeWithFlags_Values[q1, 1] < aux2_ExplicitVarSizeWithFlags_Values[q1, 2]
             | q1 : int(1..7)]),
    and([and([aux2_ExplicitVarSizeWithFlags_Flags[q1, q41] = false -> aux2_ExplicitVarSizeWithFlags_Values[q1, q41] = -4
                  | q41 : int(1..2)])
             | q1 : int(1..7)]),
    and([aux2_ExplicitVarSizeWithFlags_Flags[q1, 2] -> aux2_ExplicitVarSizeWithFlags_Flags[q1, 1] | q1 : int(1..7)]),
    and([and([var1_FunctionAsRelation_RelationAsSet_ExplicitVarSizeWithMarker_Values_1_Function1DPartial_Flags
                  [q1 + 1, q46]
              ->
              or([aux2_ExplicitVarSizeWithFlags_Flags[q1, q50] /\ aux2_ExplicitVarSizeWithFlags_Values[q1, q50] = q46
                      | q50 : int(1..2)])
                  | q46 : int(-4, 4)])
             | q1 : int(1..7)]),
    and([and([aux2_ExplicitVarSizeWithFlags_Flags[q1, q47] ->
              or([var1_FunctionAsRelation_RelationAsSet_ExplicitVarSizeWithMarker_Values_1_Function1DPartial_Flags
                      [q1 + 1, q48]
                  /\ q48 = aux2_ExplicitVarSizeWithFlags_Values[q1, q47]
                      | q48 : int(-4, 4)])
                  | q47 : int(1..2)])
             | q1 : int(1..7)]),
    and([q1 + 1 <= var1_FunctionAsRelation_RelationAsSet_ExplicitVarSizeWithMarker_Marker ->
         var1_FunctionAsRelation_RelationAsSet_ExplicitVarSizeWithMarker_Values_1_Function1DPartial_Flags[q1, ..] .<
         var1_FunctionAsRelation_RelationAsSet_ExplicitVarSizeWithMarker_Values_1_Function1DPartial_Flags[q1 + 1, ..]
         \/
         and([var1_FunctionAsRelation_RelationAsSet_ExplicitVarSizeWithMarker_Values_1_Function1DPartial_Flags[q1, q18]
              =
              var1_FunctionAsRelation_RelationAsSet_ExplicitVarSizeWithMarker_Values_1_Function1DPartial_Flags
                  [q1 + 1, q18]
                  | q18 : int(-4, 4)])
         /\
         var1_FunctionAsRelation_RelationAsSet_ExplicitVarSizeWithMarker_Values_1_Function1DPartial_Values[q1, ..] .<
         var1_FunctionAsRelation_RelationAsSet_ExplicitVarSizeWithMarker_Values_1_Function1DPartial_Values[q1 + 1, ..]
         \/
         and([var1_FunctionAsRelation_RelationAsSet_ExplicitVarSizeWithMarker_Values_1_Function1DPartial_Flags[q1, q21]
              ->
              var1_FunctionAsRelation_RelationAsSet_ExplicitVarSizeWithMarker_Values_1_Function1DPartial_Values
                  [q1 + 1, q21]
              =
              var1_FunctionAsRelation_RelationAsSet_ExplicitVarSizeWithMarker_Values_1_Function1DPartial_Values[q1, q21]
              /\
              var1_FunctionAsRelation_RelationAsSet_ExplicitVarSizeWithMarker_Values_1_Function1DPartial_Flags
                  [q1 + 1, q21]
                  | q21 : int(-4, 4)])
         /\
         and([var1_FunctionAsRelation_RelationAsSet_ExplicitVarSizeWithMarker_Values_1_Function1DPartial_Flags
                  [q1 + 1, q22]
              ->
              var1_FunctionAsRelation_RelationAsSet_ExplicitVarSizeWithMarker_Values_1_Function1DPartial_Values[q1, q22]
              =
              var1_FunctionAsRelation_RelationAsSet_ExplicitVarSizeWithMarker_Values_1_Function1DPartial_Values
                  [q1 + 1, q22]
              /\
              var1_FunctionAsRelation_RelationAsSet_ExplicitVarSizeWithMarker_Values_1_Function1DPartial_Flags[q1, q22]
                  | q22 : int(-4, 4)])
         /\
         (and([q30 <= aux1_ExplicitVarSizeWithMarker_Marker[q1] ->
               var1_FunctionAsRelation_RelationAsSet_ExplicitVarSizeWithMarker_Values_1_Function1DPartial_Flags
                   [q1 + 1, aux1_ExplicitVarSizeWithMarker_Values[q1, q30]]
                   | q30 : int(1..2)])
          /\
          and([aux2_ExplicitVarSizeWithFlags_Flags[q1, q45] ->
               var1_FunctionAsRelation_RelationAsSet_ExplicitVarSizeWithMarker_Values_1_Function1DPartial_Flags
                   [q1, aux2_ExplicitVarSizeWithFlags_Values[q1, q45]]
                   | q45 : int(1..2)]))
         /\
         var1_FunctionAsRelation_RelationAsSet_ExplicitVarSizeWithMarker_Values_2[q1] <
         var1_FunctionAsRelation_RelationAsSet_ExplicitVarSizeWithMarker_Values_2[q1 + 1]
             | q1 : int(1..7)]),
    and([q2 > var1_FunctionAsRelation_RelationAsSet_ExplicitVarSizeWithMarker_Marker ->
         and([var1_FunctionAsRelation_RelationAsSet_ExplicitVarSizeWithMarker_Values_1_Function1DPartial_Flags[q2, q85]
              = false
                  | q85 : int(-4, 4)])
         /\
         and([var1_FunctionAsRelation_RelationAsSet_ExplicitVarSizeWithMarker_Values_1_Function1DPartial_Values[q2, q86]
              = 4 | q86 : int(-4, 4)])
         /\ var1_FunctionAsRelation_RelationAsSet_ExplicitVarSizeWithMarker_Values_2[q2] = false
             | q2 : int(1..8)]),
    and([q3 <= var1_FunctionAsRelation_RelationAsSet_ExplicitVarSizeWithMarker_Marker ->
         and([var1_FunctionAsRelation_RelationAsSet_ExplicitVarSizeWithMarker_Values_1_Function1DPartial_Flags[q3, q4] =
              false
              ->
              var1_FunctionAsRelation_RelationAsSet_ExplicitVarSizeWithMarker_Values_1_Function1DPartial_Values[q3, q4]
              = 4 | q4 : int(-4, 4)])
             | q3 : int(1..8)]),
    and([2 <= aux3_ExplicitVarSizeWithMarker_Marker[q7_Function1DPartial_Flags] ->
         aux3_ExplicitVarSizeWithMarker_Values[q7_Function1DPartial_Flags, 1] <
         aux3_ExplicitVarSizeWithMarker_Values[q7_Function1DPartial_Flags, 2]
             | q7_Function1DPartial_Flags : matrix indexed by [int(-4, 4)] of bool]),
    and([and([q59 > aux3_ExplicitVarSizeWithMarker_Marker[q7_Function1DPartial_Flags] ->
              dontCare(aux3_ExplicitVarSizeWithMarker_Values[q7_Function1DPartial_Flags, q59])
                  | q59 : int(1..2)])
             | q7_Function1DPartial_Flags : matrix indexed by [int(-4, 4)] of bool]),
    and([and([var1_FunctionAsRelation_RelationAsSet_ExplicitVarSizeWithMarker_Values_1_Function1DPartial_Flags[q17, q62]
              ->
              or([q66 <= aux3_ExplicitVarSizeWithMarker_Marker[q7_Function1DPartial_Flags] /\
                  aux3_ExplicitVarSizeWithMarker_Values[q7_Function1DPartial_Flags, q66] = q62
                      | q66 : int(1..2)])
                  | q62 : int(-4, 4)])
             | q7_Function1DPartial_Flags : matrix indexed by [int(-4, 4)] of bool]),
    and([and([q63 <= aux3_ExplicitVarSizeWithMarker_Marker[q7_Function1DPartial_Flags] ->
              or([var1_FunctionAsRelation_RelationAsSet_ExplicitVarSizeWithMarker_Values_1_Function1DPartial_Flags
                      [q17, q64]
                  /\ q64 = aux3_ExplicitVarSizeWithMarker_Values[q7_Function1DPartial_Flags, q63]
                      | q64 : int(-4, 4)])
                  | q63 : int(1..2)])
             | q7_Function1DPartial_Flags : matrix indexed by [int(-4, 4)] of bool]),
    and([aux4_ExplicitVarSizeWithFlags_Flags[q7_Function1DPartial_Flags, 2] ->
         aux4_ExplicitVarSizeWithFlags_Values[q7_Function1DPartial_Flags, 1] <
         aux4_ExplicitVarSizeWithFlags_Values[q7_Function1DPartial_Flags, 2]
             | q7_Function1DPartial_Flags : matrix indexed by [int(-4, 4)] of bool]),
    and([and([aux4_ExplicitVarSizeWithFlags_Flags[q7_Function1DPartial_Flags, q72] = false ->
              dontCare(aux4_ExplicitVarSizeWithFlags_Values[q7_Function1DPartial_Flags, q72])
                  | q72 : int(1..2)])
             | q7_Function1DPartial_Flags : matrix indexed by [int(-4, 4)] of bool]),
    and([aux4_ExplicitVarSizeWithFlags_Flags[q7_Function1DPartial_Flags, 2] ->
         aux4_ExplicitVarSizeWithFlags_Flags[q7_Function1DPartial_Flags, 1]
             | q7_Function1DPartial_Flags : matrix indexed by [int(-4, 4)] of bool]),
    and([and([or([aux4_ExplicitVarSizeWithFlags_Flags[q7_Function1DPartial_Flags, q81] /\
                  aux4_ExplicitVarSizeWithFlags_Values[q7_Function1DPartial_Flags, q81] = q77
                      | q81 : int(1..2)])
                  | q77 : int(-4, 4), q7_Function1DPartial_Flags[q77]])
             | q7_Function1DPartial_Flags : matrix indexed by [int(-4, 4)] of bool]),
    and([and([aux4_ExplicitVarSizeWithFlags_Flags[q7_Function1DPartial_Flags, q78] ->
              or([q79 = aux4_ExplicitVarSizeWithFlags_Values[q7_Function1DPartial_Flags, q78]
                      | q79 : int(-4, 4), q7_Function1DPartial_Flags[q79]])
                  | q78 : int(1..2)])
             | q7_Function1DPartial_Flags : matrix indexed by [int(-4, 4)] of bool]),
    and([1 >=
         sum([q17 <= var1_FunctionAsRelation_RelationAsSet_ExplicitVarSizeWithMarker_Marker /\
              (and([var1_FunctionAsRelation_RelationAsSet_ExplicitVarSizeWithMarker_Values_1_Function1DPartial_Flags
                        [q17, q52]
                    ->
                    q7_Function1DPartial_Values[q52] =
                    var1_FunctionAsRelation_RelationAsSet_ExplicitVarSizeWithMarker_Values_1_Function1DPartial_Values
                        [q17, q52]
                    /\ q7_Function1DPartial_Flags[q52]
                        | q52 : int(-4, 4)])
               /\
               and([var1_FunctionAsRelation_RelationAsSet_ExplicitVarSizeWithMarker_Values_1_Function1DPartial_Values
                        [q17, q53]
                    = q7_Function1DPartial_Values[q53]
                    /\
                    var1_FunctionAsRelation_RelationAsSet_ExplicitVarSizeWithMarker_Values_1_Function1DPartial_Flags
                        [q17, q53]
                        | q53 : int(-4, 4), q7_Function1DPartial_Flags[q53]])
               /\
               (and([q61 <= aux3_ExplicitVarSizeWithMarker_Marker[q7_Function1DPartial_Flags] ->
                     q7_Function1DPartial_Flags[aux3_ExplicitVarSizeWithMarker_Values[q7_Function1DPartial_Flags, q61]]
                         | q61 : int(1..2)])
                /\
                and([aux4_ExplicitVarSizeWithFlags_Flags[q7_Function1DPartial_Flags, q76] ->
                     var1_FunctionAsRelation_RelationAsSet_ExplicitVarSizeWithMarker_Values_1_Function1DPartial_Flags
                         [q17, aux4_ExplicitVarSizeWithFlags_Values[q7_Function1DPartial_Flags, q76]]
                         | q76 : int(1..2)])))
                  | q17 : int(1..8)])
             | q7_Function1DPartial_Flags : matrix indexed by [int(-4, 4)] of bool,
               q7_Function1DPartial_Values : matrix indexed by [int(-4, 4)] of int(4),
               and([q7_Function1DPartial_Flags[q14] = false -> q7_Function1DPartial_Values[q14] = 4
                        | q14 : int(-4, 4)])]),
    var2_1_ExplicitVarSizeWithFlags_Flags[2] ->
    var2_1_ExplicitVarSizeWithFlags_Values[1] < var2_1_ExplicitVarSizeWithFlags_Values[2],
    and([var2_1_ExplicitVarSizeWithFlags_Flags[q10] = false -> var2_1_ExplicitVarSizeWithFlags_Values[q10] = 4
             | q10 : int(1..2)]),
    var2_1_ExplicitVarSizeWithFlags_Flags[2] -> var2_1_ExplicitVarSizeWithFlags_Flags[1]
