[tests/json_repr/autogen-bilals-fixed/f2d8a670b4c34d59079378000ca2e898/f2d8a670b4c34d59079378000ca2e898.eprime.essence:4:35:
unexpected undefined
expecting ), comma, or rest of range
        matrix indexed by [int(1..undefined(modulo zero: 3 % 0 : `int`))] of int(0..undefined(modulo zero: 3 % 0 : `int`))
                                  ^]