Error:
    In a 'such that' statement:
        together({[l_1 | l_1 : bool], flatten([true; int(1)])},
                 partition({[false; int(0)], [false, false, false, false, true; int(1..2, 8, 9, 5)]},
                           {([] : `matrix indexed by [int] of bool`)},
                           {[false, false, true, false; int(6, 2..4)], ([] : `matrix indexed by [int] of bool`)},
                           {[false; int(1)], [true; int(0)], [true, true, false; int(4..6)],
                            [false, false, false, false; int(6, 3..4, 8)]})
                 -
                 partition({[true, false; int(4, 2)], [false, false, true, false; int(5..8)],
                            [false, true, true, false; int(8..10, 2)]},
                           {([] : `matrix indexed by [int] of bool`), [true, false, false, true; int(7..8, 3, 1)]}))
    Error:
        When type checking: partition({[false; int(0)], [false, false, false, false, true; int(1..2, 8, 9, 5)]},
                                      {([] : `matrix indexed by [int] of bool`)},
                                      {[false, false, true, false; int(6, 2..4)],
                                       ([] : `matrix indexed by [int] of bool`)},
                                      {[false; int(1)], [true; int(0)], [true, true, false; int(4..6)],
                                       [false, false, false, false; int(6, 3..4, 8)]})
                            -
                            partition({[true, false; int(4, 2)], [false, false, true, false; int(5..8)],
                                       [false, true, true, false; int(8..10, 2)]},
                                      {([] : `matrix indexed by [int] of bool`),
                                       [true, false, false, true; int(7..8, 3, 1)]})
        Arguments have unsupported types.
        lhs        : partition({[false; int(0)], [false, false, false, false, true; int(1..2, 8, 9, 5)]},
                               {([] : `matrix indexed by [int] of bool`)},
                               {[false, false, true, false; int(6, 2..4)], ([] : `matrix indexed by [int] of bool`)},
                               {[false; int(1)], [true; int(0)], [true, true, false; int(4..6)],
                                [false, false, false, false; int(6, 3..4, 8)]})
        type of lhs: partition from matrix indexed by [int] of bool
        rhs        : partition({[true, false; int(4, 2)], [false, false, true, false; int(5..8)],
                                [false, true, true, false; int(8..10, 2)]},
                               {([] : `matrix indexed by [int] of bool`), [true, false, false, true; int(7..8, 3, 1)]})
        type of rhs: partition from matrix indexed by [int] of bool