Error 1:
    In a 'such that' statement:
        and([q3 <= var1_FunctionAsRelation_RelationAsSet_ExplicitVarSizeWithMarker_Marker ->
             sum([var1_FunctionAsRelation_RelationAsSet_ExplicitVarSizeWithMarker_Values_1_Occurrence[q3, q4]
                      | q4 : int(1, 2)])
             <= 2
                 | q3 : int(1..3)])
    Error:
        Type error in sum([var1_FunctionAsRelation_RelationAsSet_ExplicitVarSizeWithMarker_Values_1_Occurrence[q3, q4]
                               | q4 : int(1, 2)])
                      The argument has type: matrix indexed by [int] of bool
Error 2:
    In a 'such that' statement:
        and([1 >=
             sum([q14 <= var1_FunctionAsRelation_RelationAsSet_ExplicitVarSizeWithMarker_Marker /\
                  (and([var1_FunctionAsRelation_RelationAsSet_ExplicitVarSizeWithMarker_Values_1_Occurrence[q14, q18] ->
                        or([q5_ExplicitVarSizeWithFlags_Values[q20] = q18
                                | q20 : int(1..2), q5_ExplicitVarSizeWithFlags_Flags[q20]])
                            | q18 : int(1, 2)])
                   /\
                   and([var1_FunctionAsRelation_RelationAsSet_ExplicitVarSizeWithMarker_Values_1_Occurrence
                            [q14, q5_ExplicitVarSizeWithFlags_Values[q22]]
                            | q22 : int(1..2), q5_ExplicitVarSizeWithFlags_Flags[q22]]))
                      | q14 : int(1..3)])
                 | q5_ExplicitVarSizeWithFlags_Flags : matrix indexed by [int(1..2)] of bool,
                   q5_ExplicitVarSizeWithFlags_Values : matrix indexed by [int(1..2)] of int(1, 2),
                   q5_ExplicitVarSizeWithFlags_Flags[2] ->
                   q5_ExplicitVarSizeWithFlags_Values[1] < q5_ExplicitVarSizeWithFlags_Values[2],
                   and([q5_ExplicitVarSizeWithFlags_Flags[q10] = false -> q5_ExplicitVarSizeWithFlags_Values[q10] = 1
                            | q10 : int(1..2)]),
                   q5_ExplicitVarSizeWithFlags_Flags[2] -> q5_ExplicitVarSizeWithFlags_Flags[1],
                   sum([q5_ExplicitVarSizeWithFlags_Flags[q12] | q12 : int(1..2)]) <= 2])
    Error:
        Type error in sum([q5_ExplicitVarSizeWithFlags_Flags[q12] | q12 : int(1..2)])
                      The argument has type: matrix indexed by [int] of bool