Generating models for toRelation-symmetry-detection.essence
Generated models: model000001.eprime
Saved under: conjure-output
Savile Row: conjure-output/model000001.eprime
Running minion for domain filtering.
Running solver: minion
Copying stats to: toRelation-symmetry-detection.stats.json
Copying solution to: toRelation-symmetry-detection.solution
language Essence 1.3

letting g be function(0 --> 0, 1 --> 1)
