language ESSENCE' 1.0

letting var1_ExplicitVarSizeWithFlags_Flags be ([] : `matrix indexed by [int] of int`)
letting var1_ExplicitVarSizeWithFlags_Values be ([] : `matrix indexed by [int] of bool`)
letting var2_RelationAsMatrix be [[false, true; bool], [true, true; bool]; bool]
$ Visualisation for var2_RelationAsMatrix
$ _ T
$ T T

letting var3 be true
