Generating models for factorial-symmetry-detection.essence
Generated models: model000001.eprime
Saved under: conjure-output
Savile Row: conjure-output/model000001.eprime
Running minion for domain filtering.
Running solver: minion
Copying stats to: factorial-symmetry-detection.stats.json
Copying solution to: factorial-symmetry-detection.solution
language Essence 1.3

letting i be 6
