Generating models for not-symmetry-detection.essence
Generated models: model000001.eprime
Saved under: conjure-output
Savile Row: conjure-output/model000001.eprime
Running minion for domain filtering.
Running solver: minion
Copying stats to: not-symmetry-detection.stats.json
Copying solution to: not-symmetry-detection.solution
language Essence 1.3

letting b be true
