language ESSENCE' 1.0

given fin1: int
given given1_RelationAsMatrix: matrix indexed by [bool, int(0, 2), int(0..5, 0..5)] of bool
find var1_RelationAsMatrix: matrix indexed by [bool, int(3..4, 0)] of bool
given given2_ExplicitWithRepetition_Flag: int(0..80)
given given2_ExplicitWithRepetition_Values: matrix indexed by [int(1..80)] of int(3, 1..4)
find var2_ExplicitWithRepetition_Flag: int(0..10)
find var2_ExplicitWithRepetition_Values: matrix indexed by [int(1..10)] of bool
given fin2: int
given given3_Function1DPartial_Flags: matrix indexed by [int(3..5, 5)] of bool
given given3_Function1DPartial_Values: matrix indexed by [int(3..5, 5)] of bool
find var3_Function1D: matrix indexed by [bool] of bool
find var4_Function1DPartial_Flags: matrix indexed by [bool] of bool
find var4_Function1DPartial_Values: matrix indexed by [bool] of int(0..2, 3..5)
such that
    and([q25 <= var2_ExplicitWithRepetition_Flag ->
         sum([toInt(q27 <= var2_ExplicitWithRepetition_Flag) *
              toInt(var2_ExplicitWithRepetition_Values[q27] = var2_ExplicitWithRepetition_Values[q25])
                  | q27 : int(1..10)])
         <=
         sum([toInt(q29 <= var2_ExplicitWithRepetition_Flag) *
              toInt(var2_ExplicitWithRepetition_Values[q29] = var2_ExplicitWithRepetition_Values[q25])
                  | q29 : int(1..10)])
             | q25 : int(1..10)]),
    var3_Function1D[false],
    and([q1 + 1 <= var2_ExplicitWithRepetition_Flag ->
         var2_ExplicitWithRepetition_Values[q1] <= var2_ExplicitWithRepetition_Values[q1 + 1]
             | q1 : int(1..9)]),
    and([q2 > var2_ExplicitWithRepetition_Flag -> var2_ExplicitWithRepetition_Values[q2] = false | q2 : int(1..10)]),
    and([q3 <= var2_ExplicitWithRepetition_Flag ->
         sum([toInt(q7 <= var2_ExplicitWithRepetition_Flag) *
              toInt(var2_ExplicitWithRepetition_Values[q7] = var2_ExplicitWithRepetition_Values[q3])
                  | q7 : int(1..10)])
         = 0
         \/
         sum([toInt(q9 <= var2_ExplicitWithRepetition_Flag) *
              toInt(var2_ExplicitWithRepetition_Values[q9] = var2_ExplicitWithRepetition_Values[q3])
                  | q9 : int(1..10)])
         >= 5
             | q3 : int(1..10)]),
    and([q4 <= var2_ExplicitWithRepetition_Flag ->
         sum([toInt(q11 <= var2_ExplicitWithRepetition_Flag) *
              toInt(var2_ExplicitWithRepetition_Values[q11] = var2_ExplicitWithRepetition_Values[q4])
                  | q11 : int(1..10)])
         <= 5
             | q4 : int(1..10)]),
    2 <= var2_ExplicitWithRepetition_Flag,
    var2_ExplicitWithRepetition_Flag <= 2,
    allDiff(var3_Function1D),
    and([or([var3_Function1D[q13] = q12 | q13 : bool]) | q12 : bool]),
    and([var4_Function1DPartial_Flags[q17] /\ var4_Function1DPartial_Flags[q18] ->
         var4_Function1DPartial_Values[q17] != var4_Function1DPartial_Values[q18]
             | q17 : bool, q18 : bool, q17 < q18]),
    and([or([var4_Function1DPartial_Flags[q20] /\ var4_Function1DPartial_Values[q20] = q19 | q20 : bool])
             | q19 : int(0..2, 3..5)]),
    and([var4_Function1DPartial_Flags[q21] = false -> var4_Function1DPartial_Values[q21] = 0 | q21 : bool]),
    0 = sum([toInt(var4_Function1DPartial_Flags[q22]) | q22 : bool])
