Error:
    In a 'such that' statement: [false | l_1 : bool][5 % (1 % 0)]
    Error:
        Indexing with inappropriate type, matrix:
            The expression: [false | l_1 : bool][5 % (1 % 0)]
            Indexing: [false | l_1 : bool]
            Expected type of index: bool
            Actual type of index  : int