Generating models for sumplete-2023053102.essence
Generated models: model000001.eprime
Saved under: conjure-output
Savile Row: model000001.eprime p.param
Running minion for domain filtering.
Running solver: minion
Copying solution to: sumplete-2023053102-p.solution
sumplete-2023053102-p.solution
Using cached models.
Savile Row: model000001.eprime sumplete-1x1-42.param
Running minion for domain filtering.
Running solver: minion
Copying solution to: sumplete-2023053102-sumplete-1x1-42.solution
sumplete-2023053102-p.solution
sumplete-2023053102-sumplete-1x1-42.solution
