language ESSENCE' 1.0

letting given1 be [false; int(1)]
letting given2_PartitionOccurrence_NumParts be 4
letting given2_PartitionOccurrence_WhichPart be [1, 2, 2, 3, 4; int(1..5)]
letting given2_PartitionOccurrence_PartSizes be [1, 2, 1, 1, 0; int(1..5)]
letting given2_PartitionOccurrence_FirstIndex be [0, 1, 3, 4, 0; int(1..5)]
letting given3_RelationAsMatrix be
        [[[false, true; bool], [true, false; bool]; bool], [[true, true; bool], [false, true; bool]; bool]; bool]
