language ESSENCE' 1.0

given given1_PartitionAsSetR10_ExplicitVarSizeWithMarkerR5R10_Marker: int(0)
given given1_PartitionAsSetR10_ExplicitVarSizeWithMarkerR5R10_Values_ExplicitVarSizeWithMarkerR10_Marker:
        matrix indexed by [int(1..0)] of int(0..16)
given given1_PartitionAsSetR10_ExplicitVarSizeWithMarkerR5R10_Values_ExplicitVarSizeWithMarkerR10_Values_Function1DPartial_Flags:
        matrix indexed by [int(1..0), int(1..16), int(1, 3)] of bool
given given1_PartitionAsSetR10_ExplicitVarSizeWithMarkerR5R10_Values_ExplicitVarSizeWithMarkerR10_Values_Function1DPartial_Values:
        matrix indexed by [int(1..0), int(1..16), int(1, 3)] of bool
find var1_FunctionAsRelationR3R5_RelationAsSetR3R5_ExplicitVarSizeWithMarkerR3R5_Marker: int(0..4)
find var1_FunctionAsRelationR3R5_RelationAsSetR3R5_ExplicitVarSizeWithMarkerR3R5_Values_1_Explicit:
        matrix indexed by [int(1..4), int(1..0)] of int(4, 3)
find var1_FunctionAsRelationR3R5_RelationAsSetR3R5_ExplicitVarSizeWithMarkerR3R5_Values_2_ExplicitVarSizeWithMarker_Marker:
        matrix indexed by [int(1..4)] of int(0..2)
find var1_FunctionAsRelationR3R5_RelationAsSetR3R5_ExplicitVarSizeWithMarkerR3R5_Values_2_ExplicitVarSizeWithMarker_Values:
        matrix indexed by [int(1..4), int(1..2)] of bool
find var2_1: matrix indexed by [int(3, 5)] of bool
find var2_2_1: int(0, 0)
find var2_2_2: bool
find var2_2_3: int(2, 0..3)
find var2_2_4: int(3, 3)
find var2_3_RelationAsMatrix: matrix indexed by [bool, bool, int(1..2, 3)] of bool
find var2_4_RelationAsMatrix: matrix indexed by [int(2, 0..5), int(3, 1), bool] of bool
find var3_RelationAsSetR15_ExplicitVarSizeWithMarkerR15_Marker: int(0)
find var3_RelationAsSetR15_ExplicitVarSizeWithMarkerR15_Values_1_RelationAsMatrix:
        matrix indexed by [int(1..0), int(1..4, 0)] of bool
such that
    false,
    and([q6 + 1 <= var1_FunctionAsRelationR3R5_RelationAsSetR3R5_ExplicitVarSizeWithMarkerR3R5_Marker ->
         var1_FunctionAsRelationR3R5_RelationAsSetR3R5_ExplicitVarSizeWithMarkerR3R5_Values_1_Explicit[q6, ..] .<
         var1_FunctionAsRelationR3R5_RelationAsSetR3R5_ExplicitVarSizeWithMarkerR3R5_Values_1_Explicit[q6 + 1, ..]
         \/
         (var1_FunctionAsRelationR3R5_RelationAsSetR3R5_ExplicitVarSizeWithMarkerR3R5_Values_2_ExplicitVarSizeWithMarker_Marker
              [q6]
          <
          var1_FunctionAsRelationR3R5_RelationAsSetR3R5_ExplicitVarSizeWithMarkerR3R5_Values_2_ExplicitVarSizeWithMarker_Marker
              [q6 + 1]
          \/
          var1_FunctionAsRelationR3R5_RelationAsSetR3R5_ExplicitVarSizeWithMarkerR3R5_Values_2_ExplicitVarSizeWithMarker_Marker
              [q6]
          =
          var1_FunctionAsRelationR3R5_RelationAsSetR3R5_ExplicitVarSizeWithMarkerR3R5_Values_2_ExplicitVarSizeWithMarker_Marker
              [q6 + 1]
          /\
          var1_FunctionAsRelationR3R5_RelationAsSetR3R5_ExplicitVarSizeWithMarkerR3R5_Values_2_ExplicitVarSizeWithMarker_Values
              [q6, ..]
          .<
          var1_FunctionAsRelationR3R5_RelationAsSetR3R5_ExplicitVarSizeWithMarkerR3R5_Values_2_ExplicitVarSizeWithMarker_Values
              [q6 + 1, ..])
             | q6 : int(1..3)]),
    and([q7 > var1_FunctionAsRelationR3R5_RelationAsSetR3R5_ExplicitVarSizeWithMarkerR3R5_Marker ->
         var1_FunctionAsRelationR3R5_RelationAsSetR3R5_ExplicitVarSizeWithMarkerR3R5_Values_2_ExplicitVarSizeWithMarker_Marker
             [q7]
         = 0
         /\
         and([var1_FunctionAsRelationR3R5_RelationAsSetR3R5_ExplicitVarSizeWithMarkerR3R5_Values_2_ExplicitVarSizeWithMarker_Values
                  [q7, q23]
              = false
                  | q23 : int(1..2)])
             | q7 : int(1..4)]),
    and([q8 <= var1_FunctionAsRelationR3R5_RelationAsSetR3R5_ExplicitVarSizeWithMarkerR3R5_Marker ->
         (2 <=
          var1_FunctionAsRelationR3R5_RelationAsSetR3R5_ExplicitVarSizeWithMarkerR3R5_Values_2_ExplicitVarSizeWithMarker_Marker
              [q8]
          ->
          var1_FunctionAsRelationR3R5_RelationAsSetR3R5_ExplicitVarSizeWithMarkerR3R5_Values_2_ExplicitVarSizeWithMarker_Values
              [q8, 1]
          <
          var1_FunctionAsRelationR3R5_RelationAsSetR3R5_ExplicitVarSizeWithMarkerR3R5_Values_2_ExplicitVarSizeWithMarker_Values
              [q8, 2])
             | q8 : int(1..4)]),
    and([q8 <= var1_FunctionAsRelationR3R5_RelationAsSetR3R5_ExplicitVarSizeWithMarkerR3R5_Marker ->
         and([q12 >
              var1_FunctionAsRelationR3R5_RelationAsSetR3R5_ExplicitVarSizeWithMarkerR3R5_Values_2_ExplicitVarSizeWithMarker_Marker
                  [q8]
              ->
              var1_FunctionAsRelationR3R5_RelationAsSetR3R5_ExplicitVarSizeWithMarkerR3R5_Values_2_ExplicitVarSizeWithMarker_Values
                  [q8, q12]
              = false
                  | q12 : int(1..2)])
             | q8 : int(1..4)]),
    and([q8 <= var1_FunctionAsRelationR3R5_RelationAsSetR3R5_ExplicitVarSizeWithMarkerR3R5_Marker ->
         5 <=
         var1_FunctionAsRelationR3R5_RelationAsSetR3R5_ExplicitVarSizeWithMarkerR3R5_Values_2_ExplicitVarSizeWithMarker_Marker
             [q8]
             | q8 : int(1..4)]),
    and([1 =
         sum([toInt(q25 <= var1_FunctionAsRelationR3R5_RelationAsSetR3R5_ExplicitVarSizeWithMarkerR3R5_Marker)
                  | q25 : int(1..4), and([false | q28 : int(4, 3), q14_Occurrence[q28]])])
             | q14_Occurrence : matrix indexed by [int(4, 3)] of bool,
               0 = sum([toInt(q14_Occurrence[q24]) | q24 : int(4, 3)])]),
    and([q31 <= var1_FunctionAsRelationR3R5_RelationAsSetR3R5_ExplicitVarSizeWithMarkerR3R5_Marker /\
         q32 <= var1_FunctionAsRelationR3R5_RelationAsSetR3R5_ExplicitVarSizeWithMarkerR3R5_Marker
         ->
         (var1_FunctionAsRelationR3R5_RelationAsSetR3R5_ExplicitVarSizeWithMarkerR3R5_Values_1_Explicit[q31, ..] .<
          var1_FunctionAsRelationR3R5_RelationAsSetR3R5_ExplicitVarSizeWithMarkerR3R5_Values_1_Explicit[q32, ..]
          ->
          or([q34 <=
              var1_FunctionAsRelationR3R5_RelationAsSetR3R5_ExplicitVarSizeWithMarkerR3R5_Values_2_ExplicitVarSizeWithMarker_Marker
                  [q31]
              /\
              !or([q36 <=
                   var1_FunctionAsRelationR3R5_RelationAsSetR3R5_ExplicitVarSizeWithMarkerR3R5_Values_2_ExplicitVarSizeWithMarker_Marker
                       [q32]
                   /\
                   var1_FunctionAsRelationR3R5_RelationAsSetR3R5_ExplicitVarSizeWithMarkerR3R5_Values_2_ExplicitVarSizeWithMarker_Values
                       [q32, q36]
                   =
                   var1_FunctionAsRelationR3R5_RelationAsSetR3R5_ExplicitVarSizeWithMarkerR3R5_Values_2_ExplicitVarSizeWithMarker_Values
                       [q31, q34]
                       | q36 : int(1..2)])
                  | q34 : int(1..2)])
          \/
          or([q37 <=
              var1_FunctionAsRelationR3R5_RelationAsSetR3R5_ExplicitVarSizeWithMarkerR3R5_Values_2_ExplicitVarSizeWithMarker_Marker
                  [q32]
              /\
              !or([q39 <=
                   var1_FunctionAsRelationR3R5_RelationAsSetR3R5_ExplicitVarSizeWithMarkerR3R5_Values_2_ExplicitVarSizeWithMarker_Marker
                       [q31]
                   /\
                   var1_FunctionAsRelationR3R5_RelationAsSetR3R5_ExplicitVarSizeWithMarkerR3R5_Values_2_ExplicitVarSizeWithMarker_Values
                       [q31, q39]
                   =
                   var1_FunctionAsRelationR3R5_RelationAsSetR3R5_ExplicitVarSizeWithMarkerR3R5_Values_2_ExplicitVarSizeWithMarker_Values
                       [q32, q37]
                       | q39 : int(1..2)])
                  | q37 : int(1..2)]))
             | q31 : int(1..4), q32 : int(1..4)]),
    5 =
    sum([sum([sum([toInt(var2_3_RelationAsMatrix[q41, q42, q43]) | q43 : int(1..2, 3)]) | q42 : bool]) | q41 : bool]),
    3 <=
    sum([sum([sum([toInt(var2_4_RelationAsMatrix[q44, q45, q46]) | q46 : bool]) | q45 : int(3, 1)])
             | q44 : int(2, 0..5)]),
    sum([sum([sum([toInt(var2_4_RelationAsMatrix[q44, q45, q46]) | q46 : bool]) | q45 : int(3, 1)])
             | q44 : int(2, 0..5)])
    <= 5
