language ESSENCE' 1.0

letting given2 be 5
letting given1_PartitionAsSet_ExplicitVarSizeWithMarkerR2_Marker be 2
letting given1_PartitionAsSet_ExplicitVarSizeWithMarkerR2_Values_Occurrence be
        [[true, false; int(0, 4)], [false, true; int(0, 4)], [false, false; int(0, 4)]; int(1..3)]
$ Visualisation for given1_PartitionAsSet_ExplicitVarSizeWithMarkerR2_Values_Occurrence
$ T _
$ _ T
$ _ _

letting given3_Explicit_1 be [3, 5; int(1..2)]
letting fin1 be 2
