Error:
    The value is not a member of the domain.
    Value : mset({}, {}, {}, {}, {}, {}, {}, {}, {}, {}, {}, {}, {}, {}, {}, {}, {}, {}, {}, {}, {}, {}, {}, {}, {}, {},
                 {}, {}, {}, {}, {}, {}, {}, {}, {}, {}, {}, {}, {}, {}, {}, {}, {}, {}, {}, {}, {}, {}, {}, {}, {}, {},
                 {})
    Domain: mset (maxOccur 0) of set of bool
    Reason: Domain attributes are not satisfied.
    Specifically: maxOccur 0
