language ESSENCE' 1.0

find var1_FunctionAsRelation_RelationAsSet_ExplicitVarSizeWithMarker_Marker: int(0..5)
find var1_FunctionAsRelation_RelationAsSet_ExplicitVarSizeWithMarker_Values_1_ExplicitVarSizeWithMarker_Marker:
        matrix indexed by [int(1..5)] of int(0..2)
find var1_FunctionAsRelation_RelationAsSet_ExplicitVarSizeWithMarker_Values_1_ExplicitVarSizeWithMarker_Values:
        matrix indexed by [int(1..5), int(1..2)] of int(3..5, 0)
find var1_FunctionAsRelation_RelationAsSet_ExplicitVarSizeWithMarker_Values_2:
        matrix indexed by [int(1..5), int(5, 5)] of bool
such that
    false,
    and([q1 + 1 <= var1_FunctionAsRelation_RelationAsSet_ExplicitVarSizeWithMarker_Marker ->
         var1_FunctionAsRelation_RelationAsSet_ExplicitVarSizeWithMarker_Values_1_ExplicitVarSizeWithMarker_Marker[q1] <
         var1_FunctionAsRelation_RelationAsSet_ExplicitVarSizeWithMarker_Values_1_ExplicitVarSizeWithMarker_Marker
             [q1 + 1]
         \/
         var1_FunctionAsRelation_RelationAsSet_ExplicitVarSizeWithMarker_Values_1_ExplicitVarSizeWithMarker_Marker[q1] =
         var1_FunctionAsRelation_RelationAsSet_ExplicitVarSizeWithMarker_Values_1_ExplicitVarSizeWithMarker_Marker
             [q1 + 1]
         /\
         var1_FunctionAsRelation_RelationAsSet_ExplicitVarSizeWithMarker_Values_1_ExplicitVarSizeWithMarker_Values
             [q1, ..]
         .<
         var1_FunctionAsRelation_RelationAsSet_ExplicitVarSizeWithMarker_Values_1_ExplicitVarSizeWithMarker_Values
             [q1 + 1, ..]
         \/
         and([q23 <=
              var1_FunctionAsRelation_RelationAsSet_ExplicitVarSizeWithMarker_Values_1_ExplicitVarSizeWithMarker_Marker
                  [q1]
              ->
              or([q25 <=
                  var1_FunctionAsRelation_RelationAsSet_ExplicitVarSizeWithMarker_Values_1_ExplicitVarSizeWithMarker_Marker
                      [q1 + 1]
                  /\
                  var1_FunctionAsRelation_RelationAsSet_ExplicitVarSizeWithMarker_Values_1_ExplicitVarSizeWithMarker_Values
                      [q1 + 1, q25]
                  =
                  var1_FunctionAsRelation_RelationAsSet_ExplicitVarSizeWithMarker_Values_1_ExplicitVarSizeWithMarker_Values
                      [q1, q23]
                      | q25 : int(1..2)])
                  | q23 : int(1..2)])
         /\
         and([q27 <=
              var1_FunctionAsRelation_RelationAsSet_ExplicitVarSizeWithMarker_Values_1_ExplicitVarSizeWithMarker_Marker
                  [q1 + 1]
              ->
              or([q29 <=
                  var1_FunctionAsRelation_RelationAsSet_ExplicitVarSizeWithMarker_Values_1_ExplicitVarSizeWithMarker_Marker
                      [q1]
                  /\
                  var1_FunctionAsRelation_RelationAsSet_ExplicitVarSizeWithMarker_Values_1_ExplicitVarSizeWithMarker_Values
                      [q1, q29]
                  =
                  var1_FunctionAsRelation_RelationAsSet_ExplicitVarSizeWithMarker_Values_1_ExplicitVarSizeWithMarker_Values
                      [q1 + 1, q27]
                      | q29 : int(1..2)])
                  | q27 : int(1..2)])
         /\
         var1_FunctionAsRelation_RelationAsSet_ExplicitVarSizeWithMarker_Values_2[q1, ..] .<
         var1_FunctionAsRelation_RelationAsSet_ExplicitVarSizeWithMarker_Values_2[q1 + 1, ..]
             | q1 : int(1..4)]),
    and([q2 > var1_FunctionAsRelation_RelationAsSet_ExplicitVarSizeWithMarker_Marker ->
         var1_FunctionAsRelation_RelationAsSet_ExplicitVarSizeWithMarker_Values_1_ExplicitVarSizeWithMarker_Marker[q2] =
         0
         /\
         and([var1_FunctionAsRelation_RelationAsSet_ExplicitVarSizeWithMarker_Values_1_ExplicitVarSizeWithMarker_Values
                  [q2, q38]
              = 3 | q38 : int(1..2)])
         /\
         and([var1_FunctionAsRelation_RelationAsSet_ExplicitVarSizeWithMarker_Values_2[q2, q39] = false
                  | q39 : int(5, 5)])
             | q2 : int(1..5)]),
    2 <= var1_FunctionAsRelation_RelationAsSet_ExplicitVarSizeWithMarker_Marker,
    var1_FunctionAsRelation_RelationAsSet_ExplicitVarSizeWithMarker_Marker <= 5,
    and([q3 <= var1_FunctionAsRelation_RelationAsSet_ExplicitVarSizeWithMarker_Marker ->
         (2 <=
          var1_FunctionAsRelation_RelationAsSet_ExplicitVarSizeWithMarker_Values_1_ExplicitVarSizeWithMarker_Marker[q3]
          ->
          var1_FunctionAsRelation_RelationAsSet_ExplicitVarSizeWithMarker_Values_1_ExplicitVarSizeWithMarker_Values
              [q3, 1]
          <
          var1_FunctionAsRelation_RelationAsSet_ExplicitVarSizeWithMarker_Values_1_ExplicitVarSizeWithMarker_Values
              [q3, 2])
             | q3 : int(1..5)]),
    and([q3 <= var1_FunctionAsRelation_RelationAsSet_ExplicitVarSizeWithMarker_Marker ->
         and([q5 >
              var1_FunctionAsRelation_RelationAsSet_ExplicitVarSizeWithMarker_Values_1_ExplicitVarSizeWithMarker_Marker
                  [q3]
              ->
              var1_FunctionAsRelation_RelationAsSet_ExplicitVarSizeWithMarker_Values_1_ExplicitVarSizeWithMarker_Values
                  [q3, q5]
              = 3 | q5 : int(1..2)])
             | q3 : int(1..5)]),
    and([q3 <= var1_FunctionAsRelation_RelationAsSet_ExplicitVarSizeWithMarker_Marker ->
         2 <=
         var1_FunctionAsRelation_RelationAsSet_ExplicitVarSizeWithMarker_Values_1_ExplicitVarSizeWithMarker_Marker[q3]
             | q3 : int(1..5)]),
    and([q3 <= var1_FunctionAsRelation_RelationAsSet_ExplicitVarSizeWithMarker_Marker ->
         var1_FunctionAsRelation_RelationAsSet_ExplicitVarSizeWithMarker_Values_1_ExplicitVarSizeWithMarker_Marker[q3]
         <= 2
             | q3 : int(1..5)]),
    and([1 >=
         sum([q18 <= var1_FunctionAsRelation_RelationAsSet_ExplicitVarSizeWithMarker_Marker /\
              (and([q31 <=
                    var1_FunctionAsRelation_RelationAsSet_ExplicitVarSizeWithMarker_Values_1_ExplicitVarSizeWithMarker_Marker
                        [q18]
                    ->
                    or([q8_ExplicitVarSizeWithFlags_Values[q33] =
                        var1_FunctionAsRelation_RelationAsSet_ExplicitVarSizeWithMarker_Values_1_ExplicitVarSizeWithMarker_Values
                            [q18, q31]
                            | q33 : int(1..2), q8_ExplicitVarSizeWithFlags_Flags[q33]])
                        | q31 : int(1..2)])
               /\
               and([or([q37 <=
                        var1_FunctionAsRelation_RelationAsSet_ExplicitVarSizeWithMarker_Values_1_ExplicitVarSizeWithMarker_Marker
                            [q18]
                        /\
                        var1_FunctionAsRelation_RelationAsSet_ExplicitVarSizeWithMarker_Values_1_ExplicitVarSizeWithMarker_Values
                            [q18, q37]
                        = q8_ExplicitVarSizeWithFlags_Values[q35]
                            | q37 : int(1..2)])
                        | q35 : int(1..2), q8_ExplicitVarSizeWithFlags_Flags[q35]]))
                  | q18 : int(1..5)])
             | q8_ExplicitVarSizeWithFlags_Flags : matrix indexed by [int(1..2)] of bool,
               q8_ExplicitVarSizeWithFlags_Values : matrix indexed by [int(1..2)] of int(3..5, 0),
               q8_ExplicitVarSizeWithFlags_Flags[2] ->
               q8_ExplicitVarSizeWithFlags_Values[1] < q8_ExplicitVarSizeWithFlags_Values[2],
               and([q8_ExplicitVarSizeWithFlags_Flags[q13] = false -> q8_ExplicitVarSizeWithFlags_Values[q13] = 3
                        | q13 : int(1..2)]),
               q8_ExplicitVarSizeWithFlags_Flags[2] -> q8_ExplicitVarSizeWithFlags_Flags[1],
               2 <= sum([q8_ExplicitVarSizeWithFlags_Flags[q15] | q15 : int(1..2)]),
               sum([q8_ExplicitVarSizeWithFlags_Flags[q15] | q15 : int(1..2)]) <= 2]),
    and([or([q19 <= var1_FunctionAsRelation_RelationAsSet_ExplicitVarSizeWithMarker_Marker /\
             and([var1_FunctionAsRelation_RelationAsSet_ExplicitVarSizeWithMarker_Values_2[q19, q20] = q10[q20]
                      | q20 : int(5, 5)])
                 | q19 : int(1..5)])
             | q10 : matrix indexed by [int(5, 5)] of bool])
