language ESSENCE' 1.0

find var1_ExplicitVarSizeWithFlags_Flags: matrix indexed by [int(1..2)] of bool
find var1_ExplicitVarSizeWithFlags_Values: matrix indexed by [int(1..2)] of int(5, 0)
find var1_Occurrence: matrix indexed by [int(5, 0)] of bool
find var1_ExplicitVarSizeWithMarker_Marker: int(0..2)
find var1_ExplicitVarSizeWithMarker_Values: matrix indexed by [int(1..2)] of int(5, 0)
such that
    and([var1_Occurrence[q5] ->
         or([var1_ExplicitVarSizeWithFlags_Flags[q7] /\ var1_ExplicitVarSizeWithFlags_Values[q7] = q5 | q7 : int(1..2)])
             | q5 : int(5, 0)]),
    and([var1_ExplicitVarSizeWithFlags_Flags[q8] -> var1_Occurrence[var1_ExplicitVarSizeWithFlags_Values[q8]]
             | q8 : int(1..2)]),
    and([var1_ExplicitVarSizeWithFlags_Flags[q11] -> var1_Occurrence[var1_ExplicitVarSizeWithFlags_Values[q11]]
             | q11 : int(1..2)]),
    and([var1_Occurrence[q10] ->
         or([var1_ExplicitVarSizeWithFlags_Flags[q13] /\ var1_ExplicitVarSizeWithFlags_Values[q13] = q10
                 | q13 : int(1..2)])
             | q10 : int(5, 0)]),
    var1_ExplicitVarSizeWithFlags_Flags[2] ->
    var1_ExplicitVarSizeWithFlags_Values[1] < var1_ExplicitVarSizeWithFlags_Values[2],
    and([var1_ExplicitVarSizeWithFlags_Flags[q1] = false -> var1_ExplicitVarSizeWithFlags_Values[q1] = 5
             | q1 : int(1..2)]),
    var1_ExplicitVarSizeWithFlags_Flags[2] -> var1_ExplicitVarSizeWithFlags_Flags[1],
    and([var1_Occurrence[q12] ->
         or([var1_ExplicitVarSizeWithFlags_Flags[q15] /\ var1_ExplicitVarSizeWithFlags_Values[q15] = q12
                 | q15 : int(1..2)])
             | q12 : int(5, 0)]),
    and([var1_ExplicitVarSizeWithFlags_Flags[q16] -> var1_Occurrence[var1_ExplicitVarSizeWithFlags_Values[q16]]
             | q16 : int(1..2)]),
    2 <= var1_ExplicitVarSizeWithMarker_Marker ->
    var1_ExplicitVarSizeWithMarker_Values[1] < var1_ExplicitVarSizeWithMarker_Values[2],
    and([q2 > var1_ExplicitVarSizeWithMarker_Marker -> var1_ExplicitVarSizeWithMarker_Values[q2] = 5 | q2 : int(1..2)]),
    and([q17 <= var1_ExplicitVarSizeWithMarker_Marker ->
         or([var1_ExplicitVarSizeWithFlags_Flags[q18] /\
             var1_ExplicitVarSizeWithFlags_Values[q18] = var1_ExplicitVarSizeWithMarker_Values[q17]
                 | q18 : int(1..2)])
             | q17 : int(1..2)]),
    and([var1_ExplicitVarSizeWithFlags_Flags[q19] ->
         or([q20 <= var1_ExplicitVarSizeWithMarker_Marker /\
             var1_ExplicitVarSizeWithMarker_Values[q20] = var1_ExplicitVarSizeWithFlags_Values[q19]
                 | q20 : int(1..2)])
             | q19 : int(1..2)]),
    and([q21 <= var1_ExplicitVarSizeWithMarker_Marker -> var1_Occurrence[var1_ExplicitVarSizeWithMarker_Values[q21]]
             | q21 : int(1..2)]),
    and([var1_Occurrence[q14] ->
         or([q23 <= var1_ExplicitVarSizeWithMarker_Marker /\ var1_ExplicitVarSizeWithMarker_Values[q23] = q14
                 | q23 : int(1..2)])
             | q14 : int(5, 0)])
