Generating models for gcf.essence
Generated models: model000001.eprime
Saved under: conjure-output
Savile Row: conjure-output/model000001.eprime inputs.param
Running minion for domain filtering.
Running solver: minion
Copying stats to: gcf-inputs.stats.json
Copying solution to: gcf-inputs.solution
language Essence 1.3

letting z be 6
