{"model":
     {"children":
          [{"children":
                {"name": {"Name": "f"}, "type": "Letting",
                 "value":
                     {"Constant":
                          {"ConstantAbstract":
                               {"AbsLitFunction":
                                    [[{"ConstantInt": [{"TagInt": []}, 0]}, {"ConstantInt": [{"TagInt": []}, 1]}],
                                     [{"ConstantInt": [{"TagInt": []}, 2]}, {"ConstantInt": [{"TagInt": []}, 3]}]]}}}},
            "type": "Declaration"},
           {"children":
                {"name": {"Name": "d"}, "type": "Letting",
                 "value":
                     {"Domain":
                          {"DomainInt":
                               [{"TagInt": []},
                                [{"RangeSingle": {"Constant": {"ConstantInt": [{"TagInt": []}, 0]}}},
                                 {"RangeSingle": {"Constant": {"ConstantInt": [{"TagInt": []}, 1]}}}]]}}},
            "type": "Declaration"},
           {"children":
                {"domain":
                     {"DomainFunction":
                          [[], [{"SizeAttr_None": []}, "PartialityAttr_Partial", "JectivityAttr_None"],
                           {"DomainInt":
                                [{"TagInt": []},
                                 [{"RangeBounded":
                                       [{"Constant": {"ConstantInt": [{"TagInt": []}, 0]}},
                                        {"Constant": {"ConstantInt": [{"TagInt": []}, 4]}}]}]]},
                           {"DomainInt":
                                [{"TagInt": []},
                                 [{"RangeBounded":
                                       [{"Constant": {"ConstantInt": [{"TagInt": []}, 0]}},
                                        {"Constant": {"ConstantInt": [{"TagInt": []}, 4]}}]}]]}]},
                 "forg": "Find", "name": {"Name": "g"}, "type": "FindOrGiven"},
            "type": "Declaration"},
           {"children":
                [{"children":
                      [{"Reference": {"Name": "g"}},
                       {"children": [{"Reference": {"Name": "f"}}, {"Reference": {"Name": "d"}}],
                        "type": "OpRestrict"}],
                  "symmetricChildren": true, "type": "OpEq"}],
            "symmetricChildren": true, "type": "SuchThat"}],
      "symmetricChildren": true, "type": "Model"},
 "nodes_to_swap": ["d", "f", "g"]}
