Error:
    max-type-error.essence:2:20:
  |
2 | such that b = (max([false, true, false, true]) = true)
  |                    ^^^^^^^^^^^^^^^^^^^^^^^^^^
Type error:
	Expected: "Domain of int-like or matrix of int-like"
	Got: matrix indexed by [int] of bool

cat: *.solution: No such file or directory
