language ESSENCE' 1.0

find var2_RelationAsSet_ExplicitVarSizeWithMarker_Marker: int(0)
find var2_RelationAsSet_ExplicitVarSizeWithMarker_Values_1_RelationAsMatrix: matrix indexed by [int(1..0), bool] of bool
find var2_RelationAsSet_ExplicitVarSizeWithMarker_Values_2: matrix indexed by [int(1..0), int(1, 4)] of bool
such that true
