Generating models for matrix-basic.essence
Generated models: model000001.eprime
Saved under: conjure-output
Savile Row: model000001.eprime
Running minion for domain filtering.
Running solver: minion
Copying solution to: matrix-basic.solution
language Essence 1.3

letting a be [[true, true, true, true, true; int(1..5)], [false, true, false, false, true; int(1..5)]; int(1..2)]
$ Visualisation for a
$ T T T T T
$ _ T _ _ T

letting c be true
