Delayed-Consecutive-Independently
conjure solve --number-of-solutions=all --solutions-in-one-file --output-format=jsonstream --unnamed-symmetry-breaking=Delayed-Consecutive-Independently model.essence -o conjure-output-Delayed-Consecutive-Independently
Adding the following unnamed symmetry breaking constraints:
    such that
        and([permutationOrderDelayed([permutation((q1, succ(q1)))], x)
                 | q1 : e, q1 < 3:e])
Generating models for model.essence
Generated models: model000001.eprime
Saved under: conjure-output-Delayed-Consecutive-Independently
Savile Row: conjure-output-Delayed-Consecutive-Independently/model000001.eprime
Running minion for domain filtering.
Running solver: minion
Copying stats to: model.stats.json
Copying solution to: model.solutions
Copying solution to: model.solutions.json
{"e": ["e_1", "e_2", "e_3"], "x": {"e_1": "e_1", "e_2": "e_1", "e_3": "e_1"}}
{"e": ["e_1", "e_2", "e_3"], "x": {"e_1": "e_1", "e_2": "e_1", "e_3": "e_2"}}
{"e": ["e_1", "e_2", "e_3"], "x": {"e_1": "e_1", "e_2": "e_1", "e_3": "e_3"}}
{"e": ["e_1", "e_2", "e_3"], "x": {"e_1": "e_1", "e_2": "e_2", "e_3": "e_3"}}
{"e": ["e_1", "e_2", "e_3"], "x": {"e_1": "e_1", "e_2": "e_3", "e_3": "e_2"}}
{"e": ["e_1", "e_2", "e_3"], "x": {"e_1": "e_2", "e_2": "e_1", "e_3": "e_1"}}
{"e": ["e_1", "e_2", "e_3"], "x": {"e_1": "e_2", "e_2": "e_1", "e_3": "e_3"}}
{"e": ["e_1", "e_2", "e_3"], "x": {"e_1": "e_2", "e_2": "e_3", "e_3": "e_1"}}
{"e": ["e_1", "e_2", "e_3"], "x": {"e_1": "e_2", "e_2": "e_3", "e_3": "e_2"}}
{"e": ["e_1", "e_2", "e_3"], "x": {"e_1": "e_2", "e_2": "e_3", "e_3": "e_3"}}
Delayed-Consecutive-Altogether
conjure solve --number-of-solutions=all --solutions-in-one-file --output-format=jsonstream --unnamed-symmetry-breaking=Delayed-Consecutive-Altogether model.essence -o conjure-output-Delayed-Consecutive-Altogether
Adding the following unnamed symmetry breaking constraints:
    such that
        and([permutationOrderDelayed([permutation((q1, succ(q1)))], x)
                 | q1 : e, q1 < 3:e])
Generating models for model.essence
Generated models: model000001.eprime
Saved under: conjure-output-Delayed-Consecutive-Altogether
Savile Row: conjure-output-Delayed-Consecutive-Altogether/model000001.eprime
Running minion for domain filtering.
Running solver: minion
Copying stats to: model.stats.json
Copying solution to: model.solutions
Copying solution to: model.solutions.json
{"e": ["e_1", "e_2", "e_3"], "x": {"e_1": "e_1", "e_2": "e_1", "e_3": "e_1"}}
{"e": ["e_1", "e_2", "e_3"], "x": {"e_1": "e_1", "e_2": "e_1", "e_3": "e_2"}}
{"e": ["e_1", "e_2", "e_3"], "x": {"e_1": "e_1", "e_2": "e_1", "e_3": "e_3"}}
{"e": ["e_1", "e_2", "e_3"], "x": {"e_1": "e_1", "e_2": "e_2", "e_3": "e_3"}}
{"e": ["e_1", "e_2", "e_3"], "x": {"e_1": "e_1", "e_2": "e_3", "e_3": "e_2"}}
{"e": ["e_1", "e_2", "e_3"], "x": {"e_1": "e_2", "e_2": "e_1", "e_3": "e_1"}}
{"e": ["e_1", "e_2", "e_3"], "x": {"e_1": "e_2", "e_2": "e_1", "e_3": "e_3"}}
{"e": ["e_1", "e_2", "e_3"], "x": {"e_1": "e_2", "e_2": "e_3", "e_3": "e_1"}}
{"e": ["e_1", "e_2", "e_3"], "x": {"e_1": "e_2", "e_2": "e_3", "e_3": "e_2"}}
{"e": ["e_1", "e_2", "e_3"], "x": {"e_1": "e_2", "e_2": "e_3", "e_3": "e_3"}}
Delayed-AllPairs-Independently
conjure solve --number-of-solutions=all --solutions-in-one-file --output-format=jsonstream --unnamed-symmetry-breaking=Delayed-AllPairs-Independently model.essence -o conjure-output-Delayed-AllPairs-Independently
Adding the following unnamed symmetry breaking constraints:
    such that
        and([permutationOrderDelayed([permutation((q1, q2))], x)
                 | q1 : e, q2 : e, q1 < q2])
Generating models for model.essence
Generated models: model000001.eprime
Saved under: conjure-output-Delayed-AllPairs-Independently
Savile Row: conjure-output-Delayed-AllPairs-Independently/model000001.eprime
Running minion for domain filtering.
Running solver: minion
Copying stats to: model.stats.json
Copying solution to: model.solutions
Copying solution to: model.solutions.json
{"e": ["e_1", "e_2", "e_3"], "x": {"e_1": "e_1", "e_2": "e_1", "e_3": "e_1"}}
{"e": ["e_1", "e_2", "e_3"], "x": {"e_1": "e_1", "e_2": "e_1", "e_3": "e_2"}}
{"e": ["e_1", "e_2", "e_3"], "x": {"e_1": "e_1", "e_2": "e_1", "e_3": "e_3"}}
{"e": ["e_1", "e_2", "e_3"], "x": {"e_1": "e_1", "e_2": "e_2", "e_3": "e_3"}}
{"e": ["e_1", "e_2", "e_3"], "x": {"e_1": "e_1", "e_2": "e_3", "e_3": "e_2"}}
{"e": ["e_1", "e_2", "e_3"], "x": {"e_1": "e_2", "e_2": "e_1", "e_3": "e_1"}}
{"e": ["e_1", "e_2", "e_3"], "x": {"e_1": "e_2", "e_2": "e_3", "e_3": "e_1"}}
Delayed-AllPairs-Altogether
conjure solve --number-of-solutions=all --solutions-in-one-file --output-format=jsonstream --unnamed-symmetry-breaking=Delayed-AllPairs-Altogether model.essence -o conjure-output-Delayed-AllPairs-Altogether
Adding the following unnamed symmetry breaking constraints:
    such that
        and([permutationOrderDelayed([permutation((q1, q2))], x)
                 | q1 : e, q2 : e, q1 < q2])
Generating models for model.essence
Generated models: model000001.eprime
Saved under: conjure-output-Delayed-AllPairs-Altogether
Savile Row: conjure-output-Delayed-AllPairs-Altogether/model000001.eprime
Running minion for domain filtering.
Running solver: minion
Copying stats to: model.stats.json
Copying solution to: model.solutions
Copying solution to: model.solutions.json
{"e": ["e_1", "e_2", "e_3"], "x": {"e_1": "e_1", "e_2": "e_1", "e_3": "e_1"}}
{"e": ["e_1", "e_2", "e_3"], "x": {"e_1": "e_1", "e_2": "e_1", "e_3": "e_2"}}
{"e": ["e_1", "e_2", "e_3"], "x": {"e_1": "e_1", "e_2": "e_1", "e_3": "e_3"}}
{"e": ["e_1", "e_2", "e_3"], "x": {"e_1": "e_1", "e_2": "e_2", "e_3": "e_3"}}
{"e": ["e_1", "e_2", "e_3"], "x": {"e_1": "e_1", "e_2": "e_3", "e_3": "e_2"}}
{"e": ["e_1", "e_2", "e_3"], "x": {"e_1": "e_2", "e_2": "e_1", "e_3": "e_1"}}
{"e": ["e_1", "e_2", "e_3"], "x": {"e_1": "e_2", "e_2": "e_3", "e_3": "e_1"}}
Delayed-AllPermutations-Independently
conjure solve --number-of-solutions=all --solutions-in-one-file --output-format=jsonstream --unnamed-symmetry-breaking=Delayed-AllPermutations-Independently model.essence -o conjure-output-Delayed-AllPermutations-Independently
Adding the following unnamed symmetry breaking constraints:
    such that
        and([permutationOrderDelayed([q1], x) | q1 : permutation of e])
Generating models for model.essence
Generated models: model000001.eprime
Saved under: conjure-output-Delayed-AllPermutations-Independently
Savile Row: conjure-output-Delayed-AllPermutations-Independently/model000001.eprime
Running minion for domain filtering.
Running solver: minion
Copying stats to: model.stats.json
Copying solution to: model.solutions
Copying solution to: model.solutions.json
{"e": ["e_1", "e_2", "e_3"], "x": {"e_1": "e_1", "e_2": "e_1", "e_3": "e_1"}}
{"e": ["e_1", "e_2", "e_3"], "x": {"e_1": "e_1", "e_2": "e_1", "e_3": "e_2"}}
{"e": ["e_1", "e_2", "e_3"], "x": {"e_1": "e_1", "e_2": "e_1", "e_3": "e_3"}}
{"e": ["e_1", "e_2", "e_3"], "x": {"e_1": "e_1", "e_2": "e_2", "e_3": "e_3"}}
{"e": ["e_1", "e_2", "e_3"], "x": {"e_1": "e_1", "e_2": "e_3", "e_3": "e_2"}}
{"e": ["e_1", "e_2", "e_3"], "x": {"e_1": "e_2", "e_2": "e_1", "e_3": "e_1"}}
{"e": ["e_1", "e_2", "e_3"], "x": {"e_1": "e_2", "e_2": "e_3", "e_3": "e_1"}}
Delayed-AllPermutations-Altogether
conjure solve --number-of-solutions=all --solutions-in-one-file --output-format=jsonstream --unnamed-symmetry-breaking=Delayed-AllPermutations-Altogether model.essence -o conjure-output-Delayed-AllPermutations-Altogether
Adding the following unnamed symmetry breaking constraints:
    such that
        and([permutationOrderDelayed([q1], x) | q1 : permutation of e])
Generating models for model.essence
Generated models: model000001.eprime
Saved under: conjure-output-Delayed-AllPermutations-Altogether
Savile Row: conjure-output-Delayed-AllPermutations-Altogether/model000001.eprime
Running minion for domain filtering.
Running solver: minion
Copying stats to: model.stats.json
Copying solution to: model.solutions
Copying solution to: model.solutions.json
{"e": ["e_1", "e_2", "e_3"], "x": {"e_1": "e_1", "e_2": "e_1", "e_3": "e_1"}}
{"e": ["e_1", "e_2", "e_3"], "x": {"e_1": "e_1", "e_2": "e_1", "e_3": "e_2"}}
{"e": ["e_1", "e_2", "e_3"], "x": {"e_1": "e_1", "e_2": "e_1", "e_3": "e_3"}}
{"e": ["e_1", "e_2", "e_3"], "x": {"e_1": "e_1", "e_2": "e_2", "e_3": "e_3"}}
{"e": ["e_1", "e_2", "e_3"], "x": {"e_1": "e_1", "e_2": "e_3", "e_3": "e_2"}}
{"e": ["e_1", "e_2", "e_3"], "x": {"e_1": "e_2", "e_2": "e_1", "e_3": "e_1"}}
{"e": ["e_1", "e_2", "e_3"], "x": {"e_1": "e_2", "e_2": "e_3", "e_3": "e_1"}}
