language ESSENCE' 1.0

letting given1 be [false; int(1)]
letting given2_PartitionAsSet_ExplicitVarSizeWithMarkerR2_Marker be 4
letting given2_PartitionAsSet_ExplicitVarSizeWithMarkerR2_Values_Occurrence be
        [[true, false, false, false, false; int(0..4)], [false, true, true, false, false; int(0..4)],
         [false, false, false, true, false; int(0..4)], [false, false, false, false, true; int(0..4)];
             int(1..4)]
$ Visualisation for given2_PartitionAsSet_ExplicitVarSizeWithMarkerR2_Values_Occurrence
$ T _ _ _ _
$ _ T T _ _
$ _ _ _ T _
$ _ _ _ _ T

letting given3_RelationAsMatrix be
        [[[false, true; bool], [true, false; bool]; bool], [[true, true; bool], [false, true; bool]; bool]; bool]
$ Visualisation for given3_RelationAsMatrix
$ _ T
$ T _
$ 
$ T T
$ _ T
$ 

