Generating models for e.essence
Generated models: model000001.eprime
Saved under: conjure-output
Savile Row: conjure-output/model000001.eprime q.param
Running minion for domain filtering.
Running solver: minion
Copying stats to: e-q.stats.json
Copying solution to: e-q.solution
Generating models for e.essence
Generated models: model000001.eprime
Saved under: conjure-output
Savile Row: conjure-output/model000001.eprime d/p.param
Running minion for domain filtering.
Running solver: minion
Copying stats to: e-p.stats.json
Copying solution to: e-p.solution
