Error:
    In a 'such that' statement: [l_1 | l_1 : bool, l_1, l_1][factorial(3) ** (-4) % (factorial(3) % 0)]
    Error:
        Indexing with inappropriate type, matrix:
            The expression: [l_1 | l_1 : bool, l_1, l_1][factorial(3) ** (-4) % (factorial(3) % 0)]
            Indexing: [l_1 | l_1 : bool, l_1, l_1]
            Expected type of index: bool
            Actual type of index  : int