language Essence 1.3

find var1: int(1, 1)
find var2:
        matrix indexed by [int(3, 5), int(0, 3), int(2, 0), int(2, 4), int(5, 4), int(5, 0..2), int(5, 5)] of
            int(0, 1..3)
find var3:
        matrix indexed by [int(1..2, 0), int(1..3, 4), int(3, 0), int(0..1, 0), int(3, 3), int(0, 1), int(4..5, 2)] of
            int(4, 2)
such that
    [[[[0, 1, var1, var1; int(2..4, 7)]; int(0)], [[var1, var1, var1, 3; int(2, 8..10)]; int(0)],
      [[2; int(0)], [5, var1, var1, var1, var1; int(3..4, 5, 12..13)]; int(2, 5)], [[5; int(2)]; int(2)];
          int(3, 4..5, 9)]
     =
     [[[5, 2, 2; int(3..4, 2)]; int(0)], [[3; int(0)], [0, 1, 4, 3; int(8..9, 1..2)]; int(0..1)],
      [[4, 2, 0, 1, 0; int(14, 8..11)], [5, 3, 0; int(3, 6, 8)], [2, 1; int(0..1)], [2, 2; int(0..1)]; int(7, 3, 2..3)],
      [[2, 0; int(2, 1)], [4; int(2)], [5, 0, 1; int(7, 9, 2)]; int(5, 0, 2)];
          int(5..6, 8..9)]
         | l_1 : bool, l_2 : bool]
        [var1],
    true,
    [true | l_3 : bool, l_4 : bool][var1],
    [[[[4, 1, 5; int(2..3, 5)]; int(2)],
      [[0, 0, 5, 5; int(3..4, 6..7)], [5; int(0)], [0, 3, 4, 2; int(2, 6..7, 9)], [5, 3; int(3..4)]; int(6..9)];
          int(1..2)],
     [[[4, 3, 0, 3, 0; int(8..10, 7, 11)], [0, 5, 2; int(5, 7, 6)], [4; int(1)]; int(6, 4, 8)]; int(0)],
     [[[0, 2, 2, 2; int(10, 4, 3, 8)], [2, 1, 5; int(2..3, 0)], [2, 3, 0; int(3, 1..2)], [2, 2; int(1, 5)], [1; int(2)];
           int(4, 1..4)];
          int(1)],
     [[[3, 5; int(4..5)], [2, 4, 4, 0; int(7..8, 4, 0)]; int(3, 4)],
      [[4, 3, 0, 5; int(2, 6..8)], [1, 1, 3, 4, 0; int(13, 5, 8, 4, 12)], [1; int(1)], [4, 1; int(4..5)];
           int(0, 1, 12, 6)],
      [[2, 4, 2, 4; int(2, 10, 0, 11)], [5, 2, 3; int(1, 7, 2)], [1; int(0)], [4, 2, 2; int(6, 7, 1)]; int(6, 5, 2..3)],
      [[5, 0, 4; int(2..3, 1)]; int(2)],
      [[4, 0; int(6, 4)], [4, 2, 2, 3; int(6..7, 8..9)], [4, 1; int(3..4)], [0, 1, 4, 5; int(6, 11, 2, 9)],
       [5, 1, 3; int(2..4)];
           int(13, 9..10, 0..1)];
          int(8..12)],
     [[[0, 0, 3, 2, 1; int(14, 1, 5, 4, 6)], [5, 3, 4; int(0, 5, 4)], [2, 4, 1, 1, 4; int(6, 1..4)]; int(4..5, 7)],
      [[3, 1, 2, 2; int(4..7)], [3, 3, 2, 0, 2; int(6, 5, 2, 13..14)], [2, 4, 1, 2, 3; int(9..10, 14, 3..4)],
       [2, 0, 0, 5; int(1, 12, 8, 10)], [0, 4, 1; int(6..8)];
           int(12, 1..4)];
          int(6, 0)];
         int(8, 11, 7, 13..14)]
    =
    [([] : `matrix indexed by [int, int, int] of int`),
     [l_5 | l_5 : matrix indexed by [int(3..5, 2), int(4, 2)] of int(2, 0), false, true],
     [[[3, 0, 1, 4, 1; int(3..7)], [3, 0, 2, 5, 2; int(6, 9..10, 0..1)], [1, 4; int(4, 3)]; int(6..7, 3)],
      [[1, 0, 5; int(0..1, 5)], [0; int(1)], [3, 0, 2, 4; int(3..4, 9..10)], [4, 5, 5; int(3..5)]; int(7..9, 1)],
      [[1, 2, 1; int(3..5)], [1; int(0)], [4; int(2)]; int(4, 3..4)], [[4, 3; int(4..5)], [2; int(0)]; int(3, 2)];
          int(1, 6..7, 2)];
         int(3..4, 7)],
    ([] : `matrix indexed by [int] of int`) = [l_7 | l_6 : int(4, 3), l_7 : int(2..4, 0), true],
    false,
    true
