Error 1:
    In a 'such that' statement:
        and([1 =
             or([q26 <= var1_PartitionAsSet_Explicit_ExplicitVarSizeWithMarker_Marker[1] /\
                 (and([q1_Function1D[q28] =
                       var1_PartitionAsSet_Explicit_ExplicitVarSizeWithMarker_Values_Function1D[1, q26, q28]
                           | q28 : bool])
                  /\
                  and([var1_PartitionAsSet_Explicit_ExplicitVarSizeWithMarker_Values_Function1D[1, q26, q29] =
                       q1_Function1D[q29]
                           | q29 : bool]))
                     | q26 : int(1..256)])
                 | q1_Function1D : matrix indexed by [bool] of int(3..5, 4), allDiff(q1_Function1D), false, true])
    Error:
        When type checking: 1 =
                            or([q26 <= var1_PartitionAsSet_Explicit_ExplicitVarSizeWithMarker_Marker[1] /\
                                (and([q1_Function1D[q28] =
                                      var1_PartitionAsSet_Explicit_ExplicitVarSizeWithMarker_Values_Function1D
                                          [1, q26, q28]
                                          | q28 : bool])
                                 /\
                                 and([var1_PartitionAsSet_Explicit_ExplicitVarSizeWithMarker_Values_Function1D
                                          [1, q26, q29]
                                      = q1_Function1D[q29]
                                          | q29 : bool]))
                                    | q26 : int(1..256)])
        Cannot unify the types of the following.
        lhs        : 1
        type of lhs: int
        rhs        : or([q26 <= var1_PartitionAsSet_Explicit_ExplicitVarSizeWithMarker_Marker[1] /\
                         (and([q1_Function1D[q28] =
                               var1_PartitionAsSet_Explicit_ExplicitVarSizeWithMarker_Values_Function1D[1, q26, q28]
                                   | q28 : bool])
                          /\
                          and([var1_PartitionAsSet_Explicit_ExplicitVarSizeWithMarker_Values_Function1D[1, q26, q29] =
                               q1_Function1D[q29]
                                   | q29 : bool]))
                             | q26 : int(1..256)])
        type of rhs: bool
Error 2:
    In a 'such that' statement: sum([var3_ExplicitVarSizeWithFlags_Flags[q13] | q13 : int(1..2)]) <= 2
    Error:
        Type error in sum([var3_ExplicitVarSizeWithFlags_Flags[q13] | q13 : int(1..2)])
                      The argument has type: [bool]
Error 3:
    In a 'such that' statement:
        and([var3_ExplicitVarSizeWithFlags_Flags[q14] ->
             2 <=
             sum([sum([sum([sum([var3_ExplicitVarSizeWithFlags_Values_RelationAsMatrix[q14, q15, q16, q17, q18]
                                     | q18 : int(0, 5)])
                                | q17 : bool])
                           | q16 : int(4, 5)])
                      | q15 : int(4, 3)])
                 | q14 : int(1..2)])
    Error:
        Type error in sum([var3_ExplicitVarSizeWithFlags_Values_RelationAsMatrix[q14, q15, q16, q17, q18]
                               | q18 : int(0, 5)])
                      The argument has type: [bool]
Error 4:
    In a 'such that' statement:
        and([var3_ExplicitVarSizeWithFlags_Flags[q14] ->
             sum([sum([sum([sum([var3_ExplicitVarSizeWithFlags_Values_RelationAsMatrix[q14, q15, q16, q17, q18]
                                     | q18 : int(0, 5)])
                                | q17 : bool])
                           | q16 : int(4, 5)])
                      | q15 : int(4, 3)])
             <= 3
                 | q14 : int(1..2)])
    Error:
        Type error in sum([var3_ExplicitVarSizeWithFlags_Values_RelationAsMatrix[q14, q15, q16, q17, q18]
                               | q18 : int(0, 5)])
                      The argument has type: [bool]