language Essence 1.3

find var1: partition (numParts factorial(1), minPartSize 0, maxPartSize 5, regular) from set (size 5) of bool
find var2: mset (maxSize 0 / 0, minOccur toInt(false)) of relation (size 2) of (bool * bool * bool * bool)
find var3: relation (size factorial(1)) of ((bool, bool, bool))
such that
    [true, true, (true <-> false) >= (true > true),
     apart({false, false}, partition({true, true, true, true, false}, {true})),
     allDiff([true, false, false; int(6, 1..2)]);
         int(2..4, 8, 0)]
        [max([2, 5, 4, 3, 4; int(14, 8, 3, 0, 7)]) / (5, true, false)[1]],
    allDiff([mset({false, false}, {false}), (mset() : `mset of set of bool`), mset(({} : `set of bool`), {false, true});
                 int(5..7)]),
    inverse(function({(function() : `function bool --> bool`)}
                         --> relation(tuple (partition({false}, {true, true, true, false}, {true})),
                                      tuple (partition({true, false, true}, {true, false, false})),
                                      tuple (partition({true, false, true, false, false})),
                                      tuple (partition({true, false, true, false}, {true}, {false, true, true, false})),
                                      tuple ((partition() : `partition from bool`))),
                     {function(true --> false, false --> true, true --> false, false --> true),
                      function(true --> true, true --> true, true --> true, false --> false)}
                         --> relation(tuple (partition({false}, {false, true, false})),
                                      tuple (partition({true, false}, {true, true, false, false, true},
                                                       {false, true, true})),
                                      tuple (partition({false, false, true, false}, {false, false, false, true},
                                                       {false, true, true})),
                                      tuple ((partition() : `partition from bool`)))),
            function(relation(tuple (partition({false, true, true}, {false, true, true, true})))
                         --> {function(true --> true, true --> false),
                              function(true --> true, false --> false, true --> true)},
                     relation(tuple (partition({true, false, false, false, false}, {false}, {true, true, false})),
                              tuple (partition({true, true, false, false}, {true, true, false, true}, {false},
                                               {false, true})))
                         --> {function(true --> false, true --> true, false --> true)},
                     relation(tuple (partition({true, true, false, false, true}, {true},
                                               {false, false, false, false, true}, {true, true, false, false},
                                               {false, true, false})),
                              tuple (partition({false, true, true, false, false}, {true, true, true, true, true})),
                              tuple (partition({true, false, false}, {false, false, true, false})))
                         --> ({} : `set of function bool --> bool`),
                     relation(tuple (partition({false, true, true, false, false}, {true, true}, {true, true})),
                              tuple (partition({true, false, false, false, true}, {false, false, true, false, false},
                                               {false, true, true, true}, {false})),
                              tuple ((partition() : `partition from bool`)),
                              tuple (partition({true, false, true, true, false}, {false, false}, {false},
                                               {false, false})))
                         --> ({} : `set of function bool --> bool`))),
    (relation((function(false --> true, true --> true, false --> true, false --> true),
               relation(tuple (false), tuple (false))),
              (function(true --> true),
               relation(tuple (true), tuple (true), tuple (false), tuple (false), tuple (false))),
              (function(false --> true, false --> false, false --> true),
               relation(tuple (true), tuple (true), tuple (true), tuple (false), tuple (false))),
              (function(false --> true), relation(tuple (false), tuple (false), tuple (false))))
     subset
     relation((function(true --> false, false --> false, true --> false, true --> false),
               relation(tuple (false), tuple (false))),
              ((function() : `function bool --> bool`), relation(tuple (false), tuple (false))),
              (function(true --> true, false --> false),
               relation(tuple (false), tuple (false), tuple (true), tuple (true), tuple (false))),
              (function(true --> true, true --> true, true --> true, true --> true),
               relation(tuple (true), tuple (false), tuple (true), tuple (true), tuple (true)))))
    >=
    inverse(function(({} : `set of int`) --> partition({true, true}), {4} --> partition({false, true, true}, {true}),
                     {4, 5, 2} --> partition({false, true}, {true}),
                     {0, 5} --> partition({true, false, false, true, false}),
                     {1, 0}
                         --> partition({false}, {false, false, false, false, true}, {true, true}, {true, true},
                                       {false, true, false, false, false})),
            function(partition({true, true}, {false, false, true}, {true, false, false}) --> {5},
                     partition({false, true}, {true, false}, {false, false, true}) --> {2, 2},
                     partition({false, true, true}, {false, true}) --> {5, 2},
                     partition({true, false}, {true, true, false, false, false}, {false, false, false}) --> {4, 1})),
    inverse((function() : `function relation of (function int --> bool) --> set of function bool --> bool`),
            function({function(false --> true, true --> true, true --> true)}
                         --> relation(tuple (function(4 --> false, 2 --> false)), tuple (function(4 --> true)),
                                      tuple (function(2 --> false, 2 --> false, 3 --> true)),
                                      tuple (function(2 --> false))),
                     ({} : `set of function bool --> bool`)
                         --> relation(tuple (function(0 --> true, 5 --> true, 5 --> false, 4 --> true, 0 --> false))))),
    [l_2 | l_1 : bool, l_2 : bool][sum([l_3 | l_3 : int(5, 3)])]
