Conjure is exiting due to user errors.
Error:
    tests/parse_print/random_perturb/set01/delete-09/delete-09.essence "tests/parse_print/random_perturb/set01/delete-09/delete-09.essence" line 1, column 1:
unexpected langage
expecting branching on, end of input, find statement, given statement, language, letting statement, objective, such that statement, or where statement
    "tests/parse_print/random_perturb/set01/delete-09/delete-09.essence" line 1, column 1
    langage Essence 1.3
    ^^^^^^^