Error:
    In a 'such that' statement:
        participants(partition({relation(tuple (function(false --> 2 != -3, false = true --> true,
                                                         false --> true /\ false)),
                                         tuple (function(true --> 7 = -7)),
                                         tuple (function(true /\ false --> -6 != -3)))},
                               {relation(tuple (function(true --> true)),
                                         tuple (function(false --> false, false --> true) - function(false --> true)),
                                         tuple (function(false \/ false --> false, true -> false --> false,
                                                         false /\ false --> false = false)))},
                               {relation(tuple (function(true --> false) intersect
                                                function(true --> true, true --> false)),
                                         tuple (function(true --> false) - function(false --> true, true --> false)),
                                         tuple (function(false --> false, true --> false) -
                                                function(false --> true, true --> true)))},
                               {relation(tuple (function(true /\ false --> true /\ false)),
                                         tuple (function(true --> true -> true)),
                                         tuple (function(false --> true, true --> true) intersect
                                                function(false --> true, false --> false)))},
                               {relation(tuple (function(true != true --> true \/ true, true --> true = true,
                                                         true --> true = true, false --> true = true)),
                                         tuple (function(false \/ true --> true, true = true --> false \/ true,
                                                         true != false --> -6 = 2, true --> true /\ false)),
                                         tuple (function(true --> true = true))),
                                relation(tuple (function(true -> false --> false \/ false)),
                                         tuple (function(false --> true) intersect function(true --> true)),
                                         tuple (function(false != true --> true -> false, true --> -3 = -6)))}))
        =
        {relation(tuple (function(false --> false, false --> false) - function(false --> false)),
                  tuple (function(false --> true) intersect function(true --> true)),
                  tuple (function(false --> false, true --> false) intersect function(false --> true)))
         union
         relation(tuple (function(5 = 5 --> true /\ false, true <-> false --> -2 != 0)),
                  tuple (function(true --> false) - function(false --> true, true --> true)),
                  tuple (function(false --> false) - function(true --> true, true --> true))),
         relation(tuple (function(false <-> false --> true, true = false --> false, true -> true --> false,
                                  false --> true)),
                  tuple (function(true \/ false --> 9 != -9)),
                  tuple (function(false --> false) intersect function(false --> true, false --> false)))
         intersect
         relation(tuple (function(true = false --> true = true, false -> true --> false \/ false, -4 != -1 --> true,
                                  true -> false --> 4 = -6)),
                  tuple (function(-2 != -3 --> false -> true, true <-> true --> true)),
                  tuple (function(false --> false, false --> false) - function(false --> true, false --> true))),
         relation(tuple (function(partition({-6}, {2}) = partition({-4}) --> false,
                                  (false /\ true) in mset(true, false) --> true \/ false -> true \/ false,
                                  {2, 8} = ({} : `set of int`) --> false, true --> partition({-4}) != partition({-3}))),
                  tuple (function((true != false) = (true \/ false) --> var3 != var3)),
                  tuple (function(true --> true, false --> 7 != -3, false -> true --> true \/ true) intersect
                         (function(true --> false, true --> false) -
                          (function(false --> true, false --> true) - function(false --> false, false --> true))))),
         relation(tuple (function(3 != -6 --> true, true --> true <-> true)),
                  tuple (function(true --> false) intersect function(true --> false)),
                  tuple (function(-8 = -5 --> false <-> true)))
         intersect
         relation(tuple (function(false --> true) - function(true --> true, false --> false)),
                  tuple (function(true --> false) - function(true --> false, true --> true)),
                  tuple (function(false --> true, false --> true) - function(false --> true))),
         relation(tuple (function(-3 = -1 --> false)),
                  tuple (function(true --> false, false --> false) intersect function(false --> false)),
                  tuple (function(true --> true, true --> false) - function(true --> false)))
         -
         relation(tuple (function(true --> false, false /\ true --> true != true, 9 != 9 --> -2 = 0,
                                  true \/ false --> true)),
                  tuple (function(2 = -8 --> false = false, true --> -6 = -8, true --> true, true --> true /\ true)),
                  tuple (function(false --> false) - function(true --> true))),
         relation(tuple (function(false = false --> false)),
                  tuple (function(false --> true, true --> false) intersect function(false --> false)),
                  tuple (function(false --> true <-> false, true --> 5 != 3, true --> false != false)))
         -
         relation(tuple (function(false --> true, false --> true) - function(true --> true)),
                  tuple (function(true --> true, true --> false) - function(true --> true)),
                  tuple (function(true \/ false --> false))),
         relation(tuple (function(false --> -1 != -6, false --> 9 = 8, true --> false -> false,
                                  false --> false /\ false)
                         intersect (function(false --> false, true --> true) intersect function(-4 != -8 --> -4 != 9))),
                  tuple (function(true --> false, false --> false, false --> -3 = 3, true <-> false --> 4 = 6) intersect
                         function(false --> true, false <-> false --> true != true, false -> false --> 4 = 8)),
                  tuple (function(false <-> -5 = -7 --> (true -> false) /\ false = false,
                                  var2 = var2 --> toInt(false) in mset(-8, -5),
                                  together(false != false, true <-> true) --> var2 supsetEq var2))),
         relation(tuple (function(false --> true, true --> true) - function(true --> true, false --> true) -
                         function(true --> false, false --> true) intersect
                         function(true = false --> true, false -> false --> true, false --> false \/ true)),
                  tuple (function(true --> true) intersect function(true --> false, false --> false) intersect
                         function(true \/ true --> true -> false, false --> false, true = false --> false)),
                  tuple (function(false \/ true --> -5 != 7, true /\ true --> false -> true) -
                         function(false --> false, true --> false) intersect function(false --> true)))}
    Error: Type error in together(false != false, true <-> true)