Error:
    In a 'such that' statement:
        and([1 =
             sum([q12 <= var1_1_PartitionAsSet_ExplicitVarSizeWithMarker_Marker /\
                  or([q15 <=
                      var1_1_PartitionAsSet_ExplicitVarSizeWithMarker_Values_ExplicitVarSizeWithMarker_Marker[q12]
                      /\
                      (and([q1_Function1D[q17] =
                            var1_1_PartitionAsSet_ExplicitVarSizeWithMarker_Values_ExplicitVarSizeWithMarker_Values_Function1D
                                [q12, q15, q17]
                                | q17 : bool])
                       /\
                       and([var1_1_PartitionAsSet_ExplicitVarSizeWithMarker_Values_ExplicitVarSizeWithMarker_Values_Function1D
                                [q12, q15, q18]
                            = q1_Function1D[q18]
                                | q18 : bool]))
                          | q15 : int(1..4)])
                      | q12 : int(1..65536)])
                 | q1_Function1D : matrix indexed by [bool] of int(1, 4), allDiff(q1_Function1D)])
    Error:
        Type error in sum([q12 <= var1_1_PartitionAsSet_ExplicitVarSizeWithMarker_Marker /\
                           or([q15 <=
                               var1_1_PartitionAsSet_ExplicitVarSizeWithMarker_Values_ExplicitVarSizeWithMarker_Marker
                                   [q12]
                               /\
                               (and([q1_Function1D[q17] =
                                     var1_1_PartitionAsSet_ExplicitVarSizeWithMarker_Values_ExplicitVarSizeWithMarker_Values_Function1D
                                         [q12, q15, q17]
                                         | q17 : bool])
                                /\
                                and([var1_1_PartitionAsSet_ExplicitVarSizeWithMarker_Values_ExplicitVarSizeWithMarker_Values_Function1D
                                         [q12, q15, q18]
                                     = q1_Function1D[q18]
                                         | q18 : bool]))
                                   | q15 : int(1..4)])
                               | q12 : int(1..65536)])
                      The argument has type: [bool]