Generating models for 549_2.essence
Generated models: model000001.eprime
Saved under: conjure-output
Savile Row: conjure-output/model000001.eprime param.json
Running minion for domain filtering.
Running solver: minion
Copying stats to: 549_2-param.stats.json
Copying solution to: 549_2-param.solution
language Essence 1.3

