language ESSENCE' 1.0

find var1_ExplicitVarSizeWithFlags_Flags: matrix indexed by [int(1..-5)] of int(0..-5)
find var1_ExplicitVarSizeWithFlags_Values_ExplicitVarSizeWithFlags_Flags:
        matrix indexed by [int(1..-5), int(1..0)] of int(0..1)
find var1_ExplicitVarSizeWithFlags_Values_ExplicitVarSizeWithFlags_Values:
        matrix indexed by [int(1..-5), int(1..0)] of bool
find var2: bool
such that var2
