Generating models for 370.essence
Generated 8 models: model_1.eprime, model_2.eprime, model_3.eprime, model_4.eprime, model_5.eprime, model_6.eprime,
                    model_7.eprime, model_8.eprime
Saved under: conjure-output
Savile Row: conjure-output/model_1.eprime
Running minion for domain filtering.
Running solver: minion
Copying stats to: 370.stats.json
Savile Row: conjure-output/model_2.eprime
Running minion for domain filtering.
Running solver: minion
Copying stats to: 370.stats.json
Savile Row: conjure-output/model_3.eprime
Running minion for domain filtering.
Running solver: minion
Copying stats to: 370.stats.json
Savile Row: conjure-output/model_4.eprime
Running minion for domain filtering.
Running solver: minion
Copying stats to: 370.stats.json
Savile Row: conjure-output/model_5.eprime
Running minion for domain filtering.
Running solver: minion
Copying stats to: 370.stats.json
Savile Row: conjure-output/model_6.eprime
Running minion for domain filtering.
Running solver: minion
Copying stats to: 370.stats.json
Savile Row: conjure-output/model_7.eprime
Running minion for domain filtering.
Running solver: minion
Copying stats to: 370.stats.json
Savile Row: conjure-output/model_8.eprime
Running minion for domain filtering.
Running solver: minion
Copying stats to: 370.stats.json
Validating solution: conjure-output/model_1-solution000001.solution
Validating solution: conjure-output/model_2-solution000001.solution
Validating solution: conjure-output/model_3-solution000001.solution
Validating solution: conjure-output/model_4-solution000001.solution
Validating solution: conjure-output/model_5-solution000001.solution
Validating solution: conjure-output/model_6-solution000001.solution
Validating solution: conjure-output/model_7-solution000001.solution
Validating solution: conjure-output/model_8-solution000001.solution
Multiple eprime models found in the output directory, not copying solutions.
