Error:
    Undefined reference: q5
    Bindings in context:
        q12: DeclNoRepr (quantified q12: int(1, -4))
        q8: DeclNoRepr (quantified q8: int(1..16))
        q1_Function1DPartial_Flags: DeclNoRepr (quantified q1_Function1DPartial_Flags: matrix indexed by [int(1, -4)] of
                                                                                           bool)
        q18_ExplicitVarSizeWithMarker_Values: DeclNoRepr (find q18_ExplicitVarSizeWithMarker_Values: matrix indexed by [matrix indexed by [int(1,
                                                                                                                                               -4)] of
                                                                                                                            bool,
                                                                                                                        int(1..16),
                                                                                                                        int(1..2)] of
                                                                                                         int(1, -4))
        q18_ExplicitVarSizeWithMarker_Marker: DeclNoRepr (find q18_ExplicitVarSizeWithMarker_Marker: matrix indexed by [matrix indexed by [int(1,
                                                                                                                                               -4)] of
                                                                                                                            bool,
                                                                                                                        int(1..16)] of
                                                                                                         int(0..2))
        q11_ExplicitVarSizeWithMarker_Values: DeclNoRepr (find q11_ExplicitVarSizeWithMarker_Values: matrix indexed by [matrix indexed by [int(1,
                                                                                                                                               -4)] of
                                                                                                                            bool,
                                                                                                                        int(1..16),
                                                                                                                        int(1..2)] of
                                                                                                         int(1, -4))
        q11_ExplicitVarSizeWithMarker_Marker: DeclNoRepr (find q11_ExplicitVarSizeWithMarker_Marker: matrix indexed by [matrix indexed by [int(1,
                                                                                                                                               -4)] of
                                                                                                                            bool,
                                                                                                                        int(1..16)] of
                                                                                                         int(0..2))
        var1_PartitionAsSet_ExplicitVarSizeWithMarker_Values_ExplicitVarSizeWithMarker_Values_Function1DPartial_Values: DeclNoRepr (find var1_PartitionAsSet_ExplicitVarSizeWithMarker_Values_ExplicitVarSizeWithMarker_Values_Function1DPartial_Values: matrix indexed by [int(1..65536),
                                                                                                                                                                                                                                                                            int(1..16),
                                                                                                                                                                                                                                                                            int(1,
                                                                                                                                                                                                                                                                                -4)] of
                                                                                                                                                                                                                                                             bool)
        var1_PartitionAsSet_ExplicitVarSizeWithMarker_Values_ExplicitVarSizeWithMarker_Values_Function1DPartial_Flags: DeclNoRepr (find var1_PartitionAsSet_ExplicitVarSizeWithMarker_Values_ExplicitVarSizeWithMarker_Values_Function1DPartial_Flags: matrix indexed by [int(1..65536),
                                                                                                                                                                                                                                                                          int(1..16),
                                                                                                                                                                                                                                                                          int(1,
                                                                                                                                                                                                                                                                              -4)] of
                                                                                                                                                                                                                                                           bool)
        var1_PartitionAsSet_ExplicitVarSizeWithMarker_Values_ExplicitVarSizeWithMarker_Marker: DeclNoRepr (find var1_PartitionAsSet_ExplicitVarSizeWithMarker_Values_ExplicitVarSizeWithMarker_Marker: matrix indexed by [int(1..65536)] of
                                                                                                                                                                                                           int(0..16))
        var1_PartitionAsSet_ExplicitVarSizeWithMarker_Marker: DeclNoRepr (find var1_PartitionAsSet_ExplicitVarSizeWithMarker_Marker: int(0..65536))