Error 1:
    sequence requires (at least) one of the following attributes: size, maxSize
    Context: letting simple be domain sequence of bool
Error 2:
    sequence requires (at least) one of the following attributes: size, maxSize
    Context: letting sized2 be domain sequence (minSize 1) of bool
Error 3:
    sequence requires (at least) one of the following attributes: size, maxSize
    Context: letting ject1 be domain sequence (surjective) of bool
Error 4:
    sequence requires (at least) one of the following attributes: size, maxSize
    Context: letting ject2 be domain sequence (injective) of bool
Error 5:
    sequence requires (at least) one of the following attributes: size, maxSize
    Context: letting ject3 be domain sequence (bijective) of bool
Error 6:
    sequence requires (at least) one of the following attributes: size, maxSize
    Context: letting ject4 be domain sequence (bijective) of bool