Generating models for set-of-tuples.essence
Generated models: model000001.eprime
Saved under: conjure-output
Savile Row: model000001.eprime
Running minion for domain filtering.
Running solver: minion
Validating solution: conjure-output/model000001-solution000001.solution
Copying solution to: set-of-tuples.solution
language Essence 1.3

letting n be new type enum {n_1, n_2, n_3, n_4, n_5}
letting s be {}
