Error 1:
    In a 'such that' statement:
        and([1 =
             sum([q19 <= var2_PartitionAsSet_ExplicitVarSizeWithMarker_Marker /\
                  (and([var2_PartitionAsSet_ExplicitVarSizeWithMarker_Values_Explicit_Occurrence[q19, 1, q23] ->
                        or([q7_ExplicitVarSizeWithMarker_Values[q25] = q23
                                | q25 : int(1..5), q25 <= q7_ExplicitVarSizeWithMarker_Marker])
                            | q23 : int(2, 1..2)])
                   /\
                   and([var2_PartitionAsSet_ExplicitVarSizeWithMarker_Values_Explicit_Occurrence
                            [q19, 1, q7_ExplicitVarSizeWithMarker_Values[q27]]
                            | q27 : int(1..5), q27 <= q7_ExplicitVarSizeWithMarker_Marker]))
                      | q19 : int(1..4)])
                 | q7_ExplicitVarSizeWithMarker_Marker : int(0..5),
                   q7_ExplicitVarSizeWithMarker_Values : matrix indexed by [int(1..5)] of int(2, 1..2),
                   and([q16 + 1 <= q7_ExplicitVarSizeWithMarker_Marker ->
                        q7_ExplicitVarSizeWithMarker_Values[q16] < q7_ExplicitVarSizeWithMarker_Values[q16 + 1]
                            | q16 : int(1..4)]),
                   and([q17 > q7_ExplicitVarSizeWithMarker_Marker -> q7_ExplicitVarSizeWithMarker_Values[q17] = 2
                            | q17 : int(1..5)]),
                   q7_ExplicitVarSizeWithMarker_Marker <= 5])
    Error:
        Type error in sum([q19 <= var2_PartitionAsSet_ExplicitVarSizeWithMarker_Marker /\
                           (and([var2_PartitionAsSet_ExplicitVarSizeWithMarker_Values_Explicit_Occurrence[q19, 1, q23]
                                 ->
                                 or([q7_ExplicitVarSizeWithMarker_Values[q25] = q23
                                         | q25 : int(1..5), q25 <= q7_ExplicitVarSizeWithMarker_Marker])
                                     | q23 : int(2, 1..2)])
                            /\
                            and([var2_PartitionAsSet_ExplicitVarSizeWithMarker_Values_Explicit_Occurrence
                                     [q19, 1, q7_ExplicitVarSizeWithMarker_Values[q27]]
                                     | q27 : int(1..5), q27 <= q7_ExplicitVarSizeWithMarker_Marker]))
                               | q19 : int(1..4)])
                      The argument has type: [bool]
Error 2:
    In a 'such that' statement:
        and([q12 <= var2_PartitionAsSet_ExplicitVarSizeWithMarker_Marker ->
             sum([var2_PartitionAsSet_ExplicitVarSizeWithMarker_Values_Explicit_Occurrence[q12, 1, q15]
                      | q15 : int(2, 1..2)])
             <= 5
                 | q12 : int(1..4)])
    Error:
        Type error in sum([var2_PartitionAsSet_ExplicitVarSizeWithMarker_Values_Explicit_Occurrence[q12, 1, q15]
                               | q15 : int(2, 1..2)])
                      The argument has type: [bool]