language Essence 1.3

find var1: set (minSize 1, maxSize 5) of partition (regular) from bool
find var2: (tuple (bool), set (size 5) of bool)
find var3: matrix indexed by [int(4, 3)] of bool
find var4: set of function (size 5) bool --> bool
find var5: matrix indexed by [int(3..5, 3), int(3, 0)] of bool
such that false <-> false
