Generating models for function_partial_int_04.essence
Generated 2 models: model000001.eprime, model000002.eprime
Saved under: conjure-output
Savile Row: model000001.eprime
Running minion for domain filtering.
Running solver: minion
Savile Row: model000002.eprime
Running minion for domain filtering.
Running solver: minion
model000001-solution000001.eprime-solution
model000001-solution000001.solution
model000001-solution000002.eprime-solution
model000001-solution000002.solution
model000001-solution000003.eprime-solution
model000001-solution000003.solution
model000001-solution000004.eprime-solution
model000001-solution000004.solution
model000001-solution000005.eprime-solution
model000001-solution000005.solution
model000001-solution000006.eprime-solution
model000001-solution000006.solution
model000001-solution000007.eprime-solution
model000001-solution000007.solution
model000001-solution000008.eprime-solution
model000001-solution000008.solution
model000001-solution000009.eprime-solution
model000001-solution000009.solution
model000001-solution000010.eprime-solution
model000001-solution000010.solution
model000001-solution000011.eprime-solution
model000001-solution000011.solution
model000001-solution000012.eprime-solution
model000001-solution000012.solution
model000001-solution000013.eprime-solution
model000001-solution000013.solution
model000001-solution000014.eprime-solution
model000001-solution000014.solution
model000001-solution000015.eprime-solution
model000001-solution000015.solution
model000001-solution000016.eprime-solution
model000001-solution000016.solution
model000001-solution000017.eprime-solution
model000001-solution000017.solution
model000001-solution000018.eprime-solution
model000001-solution000018.solution
model000001-solution000019.eprime-solution
model000001-solution000019.solution
model000001-solution000020.eprime-solution
model000001-solution000020.solution
model000001-solution000021.eprime-solution
model000001-solution000021.solution
model000001-solution000022.eprime-solution
model000001-solution000022.solution
model000001-solution000023.eprime-solution
model000001-solution000023.solution
model000001-solution000024.eprime-solution
model000001-solution000024.solution
model000001-solution000025.eprime-solution
model000001-solution000025.solution
model000001-solution000026.eprime-solution
model000001-solution000026.solution
model000001-solution000027.eprime-solution
model000001-solution000027.solution
model000001-solution000028.eprime-solution
model000001-solution000028.solution
model000001-solution000029.eprime-solution
model000001-solution000029.solution
model000001-solution000030.eprime-solution
model000001-solution000030.solution
model000001-solution000031.eprime-solution
model000001-solution000031.solution
model000001-solution000032.eprime-solution
model000001-solution000032.solution
model000001-solution000033.eprime-solution
model000001-solution000033.solution
model000001-solution000034.eprime-solution
model000001-solution000034.solution
model000001-solution000035.eprime-solution
model000001-solution000035.solution
model000001-solution000036.eprime-solution
model000001-solution000036.solution
model000001-solution000037.eprime-solution
model000001-solution000037.solution
model000001-solution000038.eprime-solution
model000001-solution000038.solution
model000001-solution000039.eprime-solution
model000001-solution000039.solution
model000001-solution000040.eprime-solution
model000001-solution000040.solution
model000001-solution000041.eprime-solution
model000001-solution000041.solution
model000001-solution000042.eprime-solution
model000001-solution000042.solution
model000001-solution000043.eprime-solution
model000001-solution000043.solution
model000001-solution000044.eprime-solution
model000001-solution000044.solution
model000001-solution000045.eprime-solution
model000001-solution000045.solution
model000001-solution000046.eprime-solution
model000001-solution000046.solution
model000001-solution000047.eprime-solution
model000001-solution000047.solution
model000001-solution000048.eprime-solution
model000001-solution000048.solution
model000001-solution000049.eprime-solution
model000001-solution000049.solution
model000001-solution000050.eprime-solution
model000001-solution000050.solution
model000001-solution000051.eprime-solution
model000001-solution000051.solution
model000001-solution000052.eprime-solution
model000001-solution000052.solution
model000001-solution000053.eprime-solution
model000001-solution000053.solution
model000001-solution000054.eprime-solution
model000001-solution000054.solution
model000001-solution000055.eprime-solution
model000001-solution000055.solution
model000001-solution000056.eprime-solution
model000001-solution000056.solution
model000001-solution000057.eprime-solution
model000001-solution000057.solution
model000001-solution000058.eprime-solution
model000001-solution000058.solution
model000001-solution000059.eprime-solution
model000001-solution000059.solution
model000001-solution000060.eprime-solution
model000001-solution000060.solution
model000001-solution000061.eprime-solution
model000001-solution000061.solution
model000001-solution000062.eprime-solution
model000001-solution000062.solution
model000001-solution000063.eprime-solution
model000001-solution000063.solution
model000001-solution000064.eprime-solution
model000001-solution000064.solution
model000001-solution000065.eprime-solution
model000001-solution000065.solution
model000001-solution000066.eprime-solution
model000001-solution000066.solution
model000001-solution000067.eprime-solution
model000001-solution000067.solution
model000001-solution000068.eprime-solution
model000001-solution000068.solution
model000001-solution000069.eprime-solution
model000001-solution000069.solution
model000001-solution000070.eprime-solution
model000001-solution000070.solution
model000001-solution000071.eprime-solution
model000001-solution000071.solution
model000001-solution000072.eprime-solution
model000001-solution000072.solution
model000001-solution000073.eprime-solution
model000001-solution000073.solution
model000001.eprime
model000001.eprime-info
model000001.eprime-infor
model000001.eprime-minion
model000002-solution000001.eprime-solution
model000002-solution000001.solution
model000002-solution000002.eprime-solution
model000002-solution000002.solution
model000002-solution000003.eprime-solution
model000002-solution000003.solution
model000002-solution000004.eprime-solution
model000002-solution000004.solution
model000002-solution000005.eprime-solution
model000002-solution000005.solution
model000002-solution000006.eprime-solution
model000002-solution000006.solution
model000002-solution000007.eprime-solution
model000002-solution000007.solution
model000002-solution000008.eprime-solution
model000002-solution000008.solution
model000002-solution000009.eprime-solution
model000002-solution000009.solution
model000002-solution000010.eprime-solution
model000002-solution000010.solution
model000002-solution000011.eprime-solution
model000002-solution000011.solution
model000002-solution000012.eprime-solution
model000002-solution000012.solution
model000002-solution000013.eprime-solution
model000002-solution000013.solution
model000002-solution000014.eprime-solution
model000002-solution000014.solution
model000002-solution000015.eprime-solution
model000002-solution000015.solution
model000002-solution000016.eprime-solution
model000002-solution000016.solution
model000002-solution000017.eprime-solution
model000002-solution000017.solution
model000002-solution000018.eprime-solution
model000002-solution000018.solution
model000002-solution000019.eprime-solution
model000002-solution000019.solution
model000002-solution000020.eprime-solution
model000002-solution000020.solution
model000002-solution000021.eprime-solution
model000002-solution000021.solution
model000002-solution000022.eprime-solution
model000002-solution000022.solution
model000002-solution000023.eprime-solution
model000002-solution000023.solution
model000002-solution000024.eprime-solution
model000002-solution000024.solution
model000002-solution000025.eprime-solution
model000002-solution000025.solution
model000002-solution000026.eprime-solution
model000002-solution000026.solution
model000002-solution000027.eprime-solution
model000002-solution000027.solution
model000002-solution000028.eprime-solution
model000002-solution000028.solution
model000002-solution000029.eprime-solution
model000002-solution000029.solution
model000002-solution000030.eprime-solution
model000002-solution000030.solution
model000002-solution000031.eprime-solution
model000002-solution000031.solution
model000002-solution000032.eprime-solution
model000002-solution000032.solution
model000002-solution000033.eprime-solution
model000002-solution000033.solution
model000002-solution000034.eprime-solution
model000002-solution000034.solution
model000002-solution000035.eprime-solution
model000002-solution000035.solution
model000002-solution000036.eprime-solution
model000002-solution000036.solution
model000002-solution000037.eprime-solution
model000002-solution000037.solution
model000002-solution000038.eprime-solution
model000002-solution000038.solution
model000002-solution000039.eprime-solution
model000002-solution000039.solution
model000002-solution000040.eprime-solution
model000002-solution000040.solution
model000002-solution000041.eprime-solution
model000002-solution000041.solution
model000002-solution000042.eprime-solution
model000002-solution000042.solution
model000002-solution000043.eprime-solution
model000002-solution000043.solution
model000002-solution000044.eprime-solution
model000002-solution000044.solution
model000002-solution000045.eprime-solution
model000002-solution000045.solution
model000002-solution000046.eprime-solution
model000002-solution000046.solution
model000002-solution000047.eprime-solution
model000002-solution000047.solution
model000002-solution000048.eprime-solution
model000002-solution000048.solution
model000002-solution000049.eprime-solution
model000002-solution000049.solution
model000002-solution000050.eprime-solution
model000002-solution000050.solution
model000002-solution000051.eprime-solution
model000002-solution000051.solution
model000002-solution000052.eprime-solution
model000002-solution000052.solution
model000002-solution000053.eprime-solution
model000002-solution000053.solution
model000002-solution000054.eprime-solution
model000002-solution000054.solution
model000002-solution000055.eprime-solution
model000002-solution000055.solution
model000002-solution000056.eprime-solution
model000002-solution000056.solution
model000002-solution000057.eprime-solution
model000002-solution000057.solution
model000002-solution000058.eprime-solution
model000002-solution000058.solution
model000002-solution000059.eprime-solution
model000002-solution000059.solution
model000002-solution000060.eprime-solution
model000002-solution000060.solution
model000002-solution000061.eprime-solution
model000002-solution000061.solution
model000002-solution000062.eprime-solution
model000002-solution000062.solution
model000002-solution000063.eprime-solution
model000002-solution000063.solution
model000002-solution000064.eprime-solution
model000002-solution000064.solution
model000002-solution000065.eprime-solution
model000002-solution000065.solution
model000002-solution000066.eprime-solution
model000002-solution000066.solution
model000002-solution000067.eprime-solution
model000002-solution000067.solution
model000002-solution000068.eprime-solution
model000002-solution000068.solution
model000002-solution000069.eprime-solution
model000002-solution000069.solution
model000002-solution000070.eprime-solution
model000002-solution000070.solution
model000002-solution000071.eprime-solution
model000002-solution000071.solution
model000002-solution000072.eprime-solution
model000002-solution000072.solution
model000002-solution000073.eprime-solution
model000002-solution000073.solution
model000002.eprime
model000002.eprime-info
model000002.eprime-infor
model000002.eprime-minion
conjure-output/model000001-solution000001.solution:letting x be function()
conjure-output/model000001-solution000002.solution:letting x be function(3 --> 13)
conjure-output/model000001-solution000003.solution:letting x be function(3 --> 14)
conjure-output/model000001-solution000004.solution:letting x be function(3 --> 15)
conjure-output/model000001-solution000005.solution:letting x be function(3 --> 16)
conjure-output/model000001-solution000006.solution:letting x be function(2 --> 13)
conjure-output/model000001-solution000007.solution:letting x be function(2 --> 14)
conjure-output/model000001-solution000008.solution:letting x be function(2 --> 15)
conjure-output/model000001-solution000009.solution:letting x be function(2 --> 16)
conjure-output/model000001-solution000010.solution:letting x be function(2 --> 13, 3 --> 14)
conjure-output/model000001-solution000011.solution:letting x be function(2 --> 13, 3 --> 15)
conjure-output/model000001-solution000012.solution:letting x be function(2 --> 13, 3 --> 16)
conjure-output/model000001-solution000013.solution:letting x be function(2 --> 14, 3 --> 13)
conjure-output/model000001-solution000014.solution:letting x be function(2 --> 14, 3 --> 15)
conjure-output/model000001-solution000015.solution:letting x be function(2 --> 14, 3 --> 16)
conjure-output/model000001-solution000016.solution:letting x be function(2 --> 15, 3 --> 13)
conjure-output/model000001-solution000017.solution:letting x be function(2 --> 15, 3 --> 14)
conjure-output/model000001-solution000018.solution:letting x be function(2 --> 15, 3 --> 16)
conjure-output/model000001-solution000019.solution:letting x be function(2 --> 16, 3 --> 13)
conjure-output/model000001-solution000020.solution:letting x be function(2 --> 16, 3 --> 14)
conjure-output/model000001-solution000021.solution:letting x be function(2 --> 16, 3 --> 15)
conjure-output/model000001-solution000022.solution:letting x be function(1 --> 13)
conjure-output/model000001-solution000023.solution:letting x be function(1 --> 14)
conjure-output/model000001-solution000024.solution:letting x be function(1 --> 15)
conjure-output/model000001-solution000025.solution:letting x be function(1 --> 16)
conjure-output/model000001-solution000026.solution:letting x be function(1 --> 13, 3 --> 14)
conjure-output/model000001-solution000027.solution:letting x be function(1 --> 13, 3 --> 15)
conjure-output/model000001-solution000028.solution:letting x be function(1 --> 13, 3 --> 16)
conjure-output/model000001-solution000029.solution:letting x be function(1 --> 14, 3 --> 13)
conjure-output/model000001-solution000030.solution:letting x be function(1 --> 14, 3 --> 15)
conjure-output/model000001-solution000031.solution:letting x be function(1 --> 14, 3 --> 16)
conjure-output/model000001-solution000032.solution:letting x be function(1 --> 15, 3 --> 13)
conjure-output/model000001-solution000033.solution:letting x be function(1 --> 15, 3 --> 14)
conjure-output/model000001-solution000034.solution:letting x be function(1 --> 15, 3 --> 16)
conjure-output/model000001-solution000035.solution:letting x be function(1 --> 16, 3 --> 13)
conjure-output/model000001-solution000036.solution:letting x be function(1 --> 16, 3 --> 14)
conjure-output/model000001-solution000037.solution:letting x be function(1 --> 16, 3 --> 15)
conjure-output/model000001-solution000038.solution:letting x be function(1 --> 13, 2 --> 14)
conjure-output/model000001-solution000039.solution:letting x be function(1 --> 13, 2 --> 15)
conjure-output/model000001-solution000040.solution:letting x be function(1 --> 13, 2 --> 16)
conjure-output/model000001-solution000041.solution:letting x be function(1 --> 14, 2 --> 13)
conjure-output/model000001-solution000042.solution:letting x be function(1 --> 14, 2 --> 15)
conjure-output/model000001-solution000043.solution:letting x be function(1 --> 14, 2 --> 16)
conjure-output/model000001-solution000044.solution:letting x be function(1 --> 15, 2 --> 13)
conjure-output/model000001-solution000045.solution:letting x be function(1 --> 15, 2 --> 14)
conjure-output/model000001-solution000046.solution:letting x be function(1 --> 15, 2 --> 16)
conjure-output/model000001-solution000047.solution:letting x be function(1 --> 16, 2 --> 13)
conjure-output/model000001-solution000048.solution:letting x be function(1 --> 16, 2 --> 14)
conjure-output/model000001-solution000049.solution:letting x be function(1 --> 16, 2 --> 15)
conjure-output/model000001-solution000050.solution:letting x be function(1 --> 13, 2 --> 14, 3 --> 15)
conjure-output/model000001-solution000051.solution:letting x be function(1 --> 13, 2 --> 14, 3 --> 16)
conjure-output/model000001-solution000052.solution:letting x be function(1 --> 13, 2 --> 15, 3 --> 14)
conjure-output/model000001-solution000053.solution:letting x be function(1 --> 13, 2 --> 15, 3 --> 16)
conjure-output/model000001-solution000054.solution:letting x be function(1 --> 13, 2 --> 16, 3 --> 14)
conjure-output/model000001-solution000055.solution:letting x be function(1 --> 13, 2 --> 16, 3 --> 15)
conjure-output/model000001-solution000056.solution:letting x be function(1 --> 14, 2 --> 13, 3 --> 15)
conjure-output/model000001-solution000057.solution:letting x be function(1 --> 14, 2 --> 13, 3 --> 16)
conjure-output/model000001-solution000058.solution:letting x be function(1 --> 14, 2 --> 15, 3 --> 13)
conjure-output/model000001-solution000059.solution:letting x be function(1 --> 14, 2 --> 15, 3 --> 16)
conjure-output/model000001-solution000060.solution:letting x be function(1 --> 14, 2 --> 16, 3 --> 13)
conjure-output/model000001-solution000061.solution:letting x be function(1 --> 14, 2 --> 16, 3 --> 15)
conjure-output/model000001-solution000062.solution:letting x be function(1 --> 15, 2 --> 13, 3 --> 14)
conjure-output/model000001-solution000063.solution:letting x be function(1 --> 15, 2 --> 13, 3 --> 16)
conjure-output/model000001-solution000064.solution:letting x be function(1 --> 15, 2 --> 14, 3 --> 13)
conjure-output/model000001-solution000065.solution:letting x be function(1 --> 15, 2 --> 14, 3 --> 16)
conjure-output/model000001-solution000066.solution:letting x be function(1 --> 15, 2 --> 16, 3 --> 13)
conjure-output/model000001-solution000067.solution:letting x be function(1 --> 15, 2 --> 16, 3 --> 14)
conjure-output/model000001-solution000068.solution:letting x be function(1 --> 16, 2 --> 13, 3 --> 14)
conjure-output/model000001-solution000069.solution:letting x be function(1 --> 16, 2 --> 13, 3 --> 15)
conjure-output/model000001-solution000070.solution:letting x be function(1 --> 16, 2 --> 14, 3 --> 13)
conjure-output/model000001-solution000071.solution:letting x be function(1 --> 16, 2 --> 14, 3 --> 15)
conjure-output/model000001-solution000072.solution:letting x be function(1 --> 16, 2 --> 15, 3 --> 13)
conjure-output/model000001-solution000073.solution:letting x be function(1 --> 16, 2 --> 15, 3 --> 14)
conjure-output/model000002-solution000001.solution:letting x be function()
conjure-output/model000002-solution000002.solution:letting x be function(3 --> 13)
conjure-output/model000002-solution000003.solution:letting x be function(3 --> 14)
conjure-output/model000002-solution000004.solution:letting x be function(3 --> 15)
conjure-output/model000002-solution000005.solution:letting x be function(3 --> 16)
conjure-output/model000002-solution000006.solution:letting x be function(2 --> 13)
conjure-output/model000002-solution000007.solution:letting x be function(2 --> 13, 3 --> 14)
conjure-output/model000002-solution000008.solution:letting x be function(2 --> 13, 3 --> 15)
conjure-output/model000002-solution000009.solution:letting x be function(2 --> 13, 3 --> 16)
conjure-output/model000002-solution000010.solution:letting x be function(2 --> 14)
conjure-output/model000002-solution000011.solution:letting x be function(2 --> 14, 3 --> 13)
conjure-output/model000002-solution000012.solution:letting x be function(2 --> 14, 3 --> 15)
conjure-output/model000002-solution000013.solution:letting x be function(2 --> 14, 3 --> 16)
conjure-output/model000002-solution000014.solution:letting x be function(2 --> 15)
conjure-output/model000002-solution000015.solution:letting x be function(2 --> 15, 3 --> 13)
conjure-output/model000002-solution000016.solution:letting x be function(2 --> 15, 3 --> 14)
conjure-output/model000002-solution000017.solution:letting x be function(2 --> 15, 3 --> 16)
conjure-output/model000002-solution000018.solution:letting x be function(2 --> 16)
conjure-output/model000002-solution000019.solution:letting x be function(2 --> 16, 3 --> 13)
conjure-output/model000002-solution000020.solution:letting x be function(2 --> 16, 3 --> 14)
conjure-output/model000002-solution000021.solution:letting x be function(2 --> 16, 3 --> 15)
conjure-output/model000002-solution000022.solution:letting x be function(1 --> 13)
conjure-output/model000002-solution000023.solution:letting x be function(1 --> 13, 3 --> 14)
conjure-output/model000002-solution000024.solution:letting x be function(1 --> 13, 3 --> 15)
conjure-output/model000002-solution000025.solution:letting x be function(1 --> 13, 3 --> 16)
conjure-output/model000002-solution000026.solution:letting x be function(1 --> 13, 2 --> 14)
conjure-output/model000002-solution000027.solution:letting x be function(1 --> 13, 2 --> 14, 3 --> 15)
conjure-output/model000002-solution000028.solution:letting x be function(1 --> 13, 2 --> 14, 3 --> 16)
conjure-output/model000002-solution000029.solution:letting x be function(1 --> 13, 2 --> 15)
conjure-output/model000002-solution000030.solution:letting x be function(1 --> 13, 2 --> 15, 3 --> 14)
conjure-output/model000002-solution000031.solution:letting x be function(1 --> 13, 2 --> 15, 3 --> 16)
conjure-output/model000002-solution000032.solution:letting x be function(1 --> 13, 2 --> 16)
conjure-output/model000002-solution000033.solution:letting x be function(1 --> 13, 2 --> 16, 3 --> 14)
conjure-output/model000002-solution000034.solution:letting x be function(1 --> 13, 2 --> 16, 3 --> 15)
conjure-output/model000002-solution000035.solution:letting x be function(1 --> 14)
conjure-output/model000002-solution000036.solution:letting x be function(1 --> 14, 3 --> 13)
conjure-output/model000002-solution000037.solution:letting x be function(1 --> 14, 3 --> 15)
conjure-output/model000002-solution000038.solution:letting x be function(1 --> 14, 3 --> 16)
conjure-output/model000002-solution000039.solution:letting x be function(1 --> 14, 2 --> 13)
conjure-output/model000002-solution000040.solution:letting x be function(1 --> 14, 2 --> 13, 3 --> 15)
conjure-output/model000002-solution000041.solution:letting x be function(1 --> 14, 2 --> 13, 3 --> 16)
conjure-output/model000002-solution000042.solution:letting x be function(1 --> 14, 2 --> 15)
conjure-output/model000002-solution000043.solution:letting x be function(1 --> 14, 2 --> 15, 3 --> 13)
conjure-output/model000002-solution000044.solution:letting x be function(1 --> 14, 2 --> 15, 3 --> 16)
conjure-output/model000002-solution000045.solution:letting x be function(1 --> 14, 2 --> 16)
conjure-output/model000002-solution000046.solution:letting x be function(1 --> 14, 2 --> 16, 3 --> 13)
conjure-output/model000002-solution000047.solution:letting x be function(1 --> 14, 2 --> 16, 3 --> 15)
conjure-output/model000002-solution000048.solution:letting x be function(1 --> 15)
conjure-output/model000002-solution000049.solution:letting x be function(1 --> 15, 3 --> 13)
conjure-output/model000002-solution000050.solution:letting x be function(1 --> 15, 3 --> 14)
conjure-output/model000002-solution000051.solution:letting x be function(1 --> 15, 3 --> 16)
conjure-output/model000002-solution000052.solution:letting x be function(1 --> 15, 2 --> 13)
conjure-output/model000002-solution000053.solution:letting x be function(1 --> 15, 2 --> 13, 3 --> 14)
conjure-output/model000002-solution000054.solution:letting x be function(1 --> 15, 2 --> 13, 3 --> 16)
conjure-output/model000002-solution000055.solution:letting x be function(1 --> 15, 2 --> 14)
conjure-output/model000002-solution000056.solution:letting x be function(1 --> 15, 2 --> 14, 3 --> 13)
conjure-output/model000002-solution000057.solution:letting x be function(1 --> 15, 2 --> 14, 3 --> 16)
conjure-output/model000002-solution000058.solution:letting x be function(1 --> 15, 2 --> 16)
conjure-output/model000002-solution000059.solution:letting x be function(1 --> 15, 2 --> 16, 3 --> 13)
conjure-output/model000002-solution000060.solution:letting x be function(1 --> 15, 2 --> 16, 3 --> 14)
conjure-output/model000002-solution000061.solution:letting x be function(1 --> 16)
conjure-output/model000002-solution000062.solution:letting x be function(1 --> 16, 3 --> 13)
conjure-output/model000002-solution000063.solution:letting x be function(1 --> 16, 3 --> 14)
conjure-output/model000002-solution000064.solution:letting x be function(1 --> 16, 3 --> 15)
conjure-output/model000002-solution000065.solution:letting x be function(1 --> 16, 2 --> 13)
conjure-output/model000002-solution000066.solution:letting x be function(1 --> 16, 2 --> 13, 3 --> 14)
conjure-output/model000002-solution000067.solution:letting x be function(1 --> 16, 2 --> 13, 3 --> 15)
conjure-output/model000002-solution000068.solution:letting x be function(1 --> 16, 2 --> 14)
conjure-output/model000002-solution000069.solution:letting x be function(1 --> 16, 2 --> 14, 3 --> 13)
conjure-output/model000002-solution000070.solution:letting x be function(1 --> 16, 2 --> 14, 3 --> 15)
conjure-output/model000002-solution000071.solution:letting x be function(1 --> 16, 2 --> 15)
conjure-output/model000002-solution000072.solution:letting x be function(1 --> 16, 2 --> 15, 3 --> 13)
conjure-output/model000002-solution000073.solution:letting x be function(1 --> 16, 2 --> 15, 3 --> 14)
